03-18 20:19:42.145 D/WindowOnBackDispatcher( 1115): setTopOnBackInvokedCallback (unwrapped): android.view.ViewRootImpl$$ExternalSyntheticLambda12@7f71f82
03-18 20:19:42.146 D/CoreBackPreview(  829): Window{f748f3 u0 Splash Screen com.eazpire.creator}: Setting back callback OnBackInvokedCallbackInfo{mCallback=android.window.IOnBackInvokedCallback$Stub$Proxy@3b3814f, mPriority=0, mIsAnimationCallback=false, mOverrideBehavior=0}
03-18 20:19:42.150 W/eazpire.creator( 9446): Unexpected CPU variant for x86: x86_64.
03-18 20:19:42.150 W/eazpire.creator( 9446): Known variants: atom, sandybridge, silvermont, goldmont, goldmont-plus, goldmont-without-sha-xsaves, tremont, kabylake, alderlake, default
03-18 20:19:42.169 W/InputDispatcher(  829): channel 82fb38f com.android.systemui.wallpapers.ImageWallpaper~ dropping inconsistent event: DispatchEntry{resolvedMotionFlags=WINDOW_IS_OBSCURED | WINDOW_IS_PARTIALLY_OBSCURED | SUPPORTS_ORIENTATION, targetFlags=WINDOW_IS_OBSCURED | SPLIT | WINDOW_IS_PARTIALLY_OBSCURED, transform=transform (ROT_0) (SCALE TRANSLATE)
03-18 20:19:42.169 W/InputDispatcher(  829):     0.3879  -0.0000  20.9449
03-18 20:19:42.169 W/InputDispatcher(  829):     -0.0000  0.3879  46.5455
03-18 20:19:42.169 W/InputDispatcher(  829):     0.0000  0.0000  1.0000
03-18 20:19:42.169 W/InputDispatcher(  829): } original: MotionEvent
03-18 20:19:42.184 I/adbd    (  662): jdwp connection from 9446
03-18 20:19:42.201 D/nativeloader( 9446): Load libframework-connectivity-tiramisu-jni.so using APEX ns com_android_tethering for caller /apex/com.android.tethering/javalib/framework-connectivity-t.jar: ok
03-18 20:19:42.209 V/WindowManager(  829): Sent Transition (#16) createdAt=03-18 20:19:41.957 via request=TransitionRequestInfo { type = OPEN, triggerTask = TaskInfo{userId=0 taskId=10 effectiveUid=10227 displayId=0 isRunning=true baseIntent=Intent { act=android.intent.action.MAIN cat=[android.intent.category.LAUNCHER] flg=0x10200000 cmp=com.eazpire.creator/.MainActivity } baseActivity=ComponentInfo{com.eazpire.creator/com.eazpire.creator.MainActivity} topActivity=ComponentInfo{com.eazpire.creator/com.eazpire.creator.MainActivity} origActivity=null realActivity=ComponentInfo{com.eazpire.creator/com.eazpire.creator.MainActivity} numActivities=1 lastActiveTime=7852536 supportsMultiWindow=true resizeMode=1 isResizeable=true minWidth=-1 minHeight=-1 defaultMinSize=220 token=WCT{RemoteToken{b7798ba Task{628f3f1 #10 type=standard A=10227:com.eazpire.creator}}} topActivityType=1 pictureInPictureParams=null shouldDockBigOverlays=false launchIntoPipHostTaskId=-1 lastParentTaskIdBeforePip=-1 displayCutoutSafeInsets=Rect(0, 0 - 0, 0) topActivityInfo=ActivityInfo{c50e36b com.eazpire.creator.MainActivity} launchCookies=[android.os.BinderProxy@37d9ec8] positionInParent=Point(0, 0) parentTaskId=-1 isFocused=false isVisible=false isVisibleRequested=false isTopActivityNoDisplay=false isSleeping=false locusId=null displayAreaFeatureId=1 isTopActivityTransparent=false isActivityStackTransparent=false lastNonFullscreenBounds=null capturedLink=null capturedLinkTimestamp=0 requestedVisibleTypes=503 topActivityRequestOpenInBrowserEducationTimestamp=0 appCompatTaskInfo=AppCompatTaskInfo { topActivityInSizeCompat=false isLeafTask= true eligibleForLetterboxEducation= false isLetterboxEducationEnabled= true isLetterboxDoubleTapEnabled= false eligibleForUserAspectRatioButton= false topActivityBoundsLetterboxed= false isFromLetterboxDoubleTap= false topActivityLetterboxVerticalPosition= -1 topActivityLetterboxHorizontalPosition= -1 topActivityLetterboxWidth=-1 topActivityLetterboxHeight=-1 topActivityAppBounds=Rect(0, 0 - 1080, 2337) isUserFullscreenOverrideEnabled=false isSystemFullscreenOverrideEnabled=false hasMinAspectRatioOverride=false topActivityLetterboxBounds=null cameraCompatTaskInfo=CameraCompatTaskInfo { cameraCompatMode=undefinedundefined} topNonResizableActivityAspectRatio=-1.0} topActivityMainWindowFrame=null isAppBubble=false}, pipChange = null, remoteTransition = RemoteTransition { remoteTransition = android.window.IRemoteTransition$Stub$Proxy@98dbb61, appThread = android.app.IApplicationThread$Stub$Proxy@e768686, debugName = QuickstepLaunch }, displayChange = null, requestedLocation = null, userChange = null, windowingLayerChange = null, flags = 0, debugId = 16 }
03-18 20:19:42.210 V/WindowManager(  829):     startWCT=WindowContainerTransaction { changes= {} hops= [] errorCallbackToken=null taskFragmentOrganizer=null }
03-18 20:19:42.210 V/WindowManager(  829):     info={id=16 t=OPEN f=0x0 trk=0 r=[0@Point(0, 0)] c=[
03-18 20:19:42.210 V/WindowManager(  829):         {WCT{RemoteToken{b7798ba Task{628f3f1 #10 type=standard A=10227:com.eazpire.creator}}} m=OPEN f=NONE leash=Surface(name=Task=10#221)/@0x6ee50dc sb=Rect(0, 0 - 1080, 2400) eb=Rect(0, 0 - 1080, 2400) epz=Point(1080, 2400) d=0 taskParent=-1 winMode=1 userId=0},
03-18 20:19:42.210 V/WindowManager(  829):         {WCT{RemoteToken{d9bc2f7 Task{52631b3 #1 type=home}}} m=TO_BACK f=SHOW_WALLPAPER leash=Surface(name=Task=1#44)/@0x89f7fa3 sb=Rect(0, 0 - 1080, 2400) eb=Rect(0, 0 - 1080, 2400) epz=Point(1080, 2400) d=0 taskParent=-1 winMode=1 userId=0},
03-18 20:19:42.210 V/WindowManager(  829):         {m=TO_BACK f=IS_WALLPAPER leash=Surface(name=WallpaperWindowToken{369c98a}#60)/@0x45aa2d2 sb=Rect(0, 0 - 1080, 2400) eb=Rect(0, 0 - 1080, 2400) epz=Point(1080, 2400) d=0}
03-18 20:19:42.210 V/WindowManager(  829):     ]}
03-18 20:19:42.216 V/ShellTaskOrganizer( 1115): Task appeared taskId=10 listener=FullscreenTaskListener
03-18 20:19:42.216 V/ShellTaskOrganizer( 1115): Fullscreen Task Appeared: #10
03-18 20:19:42.216 V/WindowManagerShell( 1115): onTransitionReady(transaction=3560527889794)
03-18 20:19:42.216 V/WindowManagerShell( 1115): onTransitionReady (#16) android.os.BinderProxy@901646e: {id=16 t=OPEN f=0x0 trk=0 r=[0@Point(0, 0)] c=[
03-18 20:19:42.216 V/WindowManagerShell( 1115):         {m=OPEN f=NONE leash=Surface(name=Task=10#221)/@0x1a22685 sb=Rect(0, 0 - 1080, 2400) eb=Rect(0, 0 - 1080, 2400) epz=Point(1080, 2400) d=0 taskParent=-1 winMode=1 userId=0},
03-18 20:19:42.216 V/WindowManagerShell( 1115):         {m=TO_BACK f=SHOW_WALLPAPER leash=Surface(name=Task=1#44)/@0x9a51cda sb=Rect(0, 0 - 1080, 2400) eb=Rect(0, 0 - 1080, 2400) epz=Point(1080, 2400) d=0 taskParent=-1 winMode=1 userId=0},
03-18 20:19:42.216 V/WindowManagerShell( 1115):         {m=TO_BACK f=IS_WALLPAPER leash=Surface(name=WallpaperWindowToken{369c98a}#60)/@0x1e40fe8 sb=Rect(0, 0 - 1080, 2400) eb=Rect(0, 0 - 1080, 2400) epz=Point(1080, 2400) d=0}
03-18 20:19:42.216 V/WindowManagerShell( 1115):     ]}
03-18 20:19:42.221 V/WindowManagerShell( 1115): Playing animation for (#16) android.os.BinderProxy@901646e@0
03-18 20:19:42.223 V/WindowManagerShell( 1115):  try firstHandler com.android.wm.shell.transition.DefaultMixedHandler@7d81290
03-18 20:19:42.223 V/WindowManagerShell( 1115): Mixed transition for opening an intent with a remote transition and PIP or Desktop #16
03-18 20:19:42.223 V/WindowManagerShell( 1115): tryAnimateOpenIntentWithRemoteAndPipOrDesktop
03-18 20:19:42.223 V/WindowManagerShell( 1115):  Delegate animation for (#16) to RemoteTransition { remoteTransition = android.window.IRemoteTransition$Stub$Proxy@ee3597a, appThread = android.app.IApplicationThread$Stub$Proxy@a6c752b, debugName = QuickstepLaunch }
03-18 20:19:42.226 V/WindowManagerShell( 1115):  animated by firstHandler
03-18 20:19:42.247 D/BackgroundInstallControlService(  829): Package event received: 0
03-18 20:19:42.250 D/LauncherStateManager( 1270): StateManager.cancelAnimation: animation ongoing: false, partial trace:
03-18 20:19:42.250 D/LauncherStateManager( 1270): 	at com.android.launcher3.statemanager.StateManager.setCurrentAnimation(go/retraceme f3a19d912c87c27267cfbc05ba0bc7b202ab72a6648bd76225f5f7e128d94583:18)
03-18 20:19:42.250 D/LauncherStateManager( 1270): 	at com.android.launcher3.QuickstepTransitionManager$AppLaunchAnimationRunner.onAnimationStart(go/retraceme f3a19d912c87c27267cfbc05ba0bc7b202ab72a6648bd76225f5f7e128d94583:430)
03-18 20:19:42.250 D/LauncherStateManager( 1270): 	at com.android.launcher3.LauncherAnimationRunner$$ExternalSyntheticLambda2.run(go/retraceme f3a19d912c87c27267cfbc05ba0bc7b202ab72a6648bd76225f5f7e128d94583:72)
03-18 20:19:42.278 D/b/417220811( 1270): invalidateLoadedTasks - previous requestLoadId: -1
03-18 20:19:42.279 D/CompatChangeReporter( 9446): Compat change id reported: 242716250; UID 10227; state: ENABLED
03-18 20:19:42.762 D/nativeloader( 9446): Configuring clns-9 for other apk /data/app/~~RGBV3OWySBehKBZWAFmLNQ==/com.eazpire.creator-nNZbf3DzegFd-mZ1ya64JQ==/base.apk. target_sdk_version=34, uses_libraries=, library_path=/data/app/~~RGBV3OWySBehKBZWAFmLNQ==/com.eazpire.creator-nNZbf3DzegFd-mZ1ya64JQ==/lib/x86_64, permitted_path=/data:/mnt/expand:/data/user/0/com.eazpire.creator
03-18 20:19:42.848 V/WindowManagerShell( 1115): Received remote transition finished callback for (#16)
03-18 20:19:42.854 V/WindowManagerShell( 1115): Transition animation finished (aborted=false), notifying core (#16) android.os.BinderProxy@901646e@0
03-18 20:19:42.867 V/WindowManager(  829): Finish Transition (#16): created at 03-18 20:19:41.957 collect-started=0.156ms request-sent=20.608ms started=70.065ms ready=243.562ms sent=250.175ms commit=30.621ms finished=908.402ms
03-18 20:19:42.867 D/VRI[NexusLauncherActivity]( 1270): visibilityChanged oldVisibility=true newVisibility=false
03-18 20:19:42.872 D/NexusLauncherModelDelegate( 1270): notifySmartspaceEvent: SmartspaceTargetEvent{mSmartspaceTarget=null, mSmartspaceActionId='null', mEventType=7}
03-18 20:19:42.875 V/WindowManagerShell( 1115): Track 0 became idle
03-18 20:19:42.875 V/WindowManagerShell( 1115): All active transition animations finished
03-18 20:19:42.887 D/WallpaperService( 1115): onVisibilityChanged(false): com.android.systemui.wallpapers.ImageWallpaper$CanvasEngine@38ea8ee
03-18 20:19:42.891 V/GraphicsEnvironment( 9446): Currently set values for:
03-18 20:19:42.891 V/GraphicsEnvironment( 9446):   angle_gl_driver_selection_pkgs=[]
03-18 20:19:42.891 V/GraphicsEnvironment( 9446):   angle_gl_driver_selection_values=[]
03-18 20:19:42.892 V/GraphicsEnvironment( 9446): com.eazpire.creator is not listed in per-application setting
03-18 20:19:42.892 V/GraphicsEnvironment( 9446): ANGLE allowlist from config: com.dreamgames.royalmatch com.dts.freefiremax com.dxx.firenow com.gramgames.mergedragons com.ludo.king com.mojang.minecraftpe com.my.defense com.nintendo.zaka com.os.airforce com.playrix.fishdomdd.gplay io.teslatech.callbreak jp.konami.prospia net.peakgames.toonblast
03-18 20:19:42.892 V/GraphicsEnvironment( 9446): No special selections for ANGLE, returning default driver choice
03-18 20:19:42.892 V/GraphicsEnvironment( 9446): Neither updatable production driver nor prerelease driver is supported.
03-18 20:19:42.950 I/AppsFilter(  829): interaction: PackageSetting{f01ffc9 com.eazpire.creator/10227} -> PackageSetting{5cf1236 com.google.android.apps.nexuslauncher/10191} BLOCKED
03-18 20:19:42.956 D/BackgroundInstallControlService(  829): Package event received: 0
03-18 20:19:42.957 D/BackgroundInstallControlService(  829): Package event received: 0
03-18 20:19:42.964 I/DisplayManager( 9446): Choreographer implicitly registered for the refresh rate.
03-18 20:19:43.031 D/DesktopExperienceFlags( 9446): Toggle override initialized to: false
03-18 20:19:43.039 E/ashmem  ( 9446): Pinning is deprecated since Android Q. Please use trim or other methods.
03-18 20:19:43.045 I/GFXSTREAM( 9446): [eglDisplay.cpp(297)] Opening libGLESv1_CM_emulation.so
03-18 20:19:43.045 I/GFXSTREAM( 9446): [eglDisplay.cpp(297)] Opening libGLESv2_emulation.so
03-18 20:19:43.055 W/HWUI    ( 9446): Failed to choose config with EGL_SWAP_BEHAVIOR_PRESERVED, retrying without...
03-18 20:19:43.055 W/HWUI    ( 9446): Failed to initialize 101010-2 format, error = EGL_SUCCESS
03-18 20:19:43.119 I/HalDevMgr(  829): bestIfaceCreationProposal is null, requestIface=STA, existingIface=[name=wlan0 type=STA]
03-18 20:19:43.506 D/DesktopModeFlags( 9446): Toggle override initialized to: OVERRIDE_UNSET
03-18 20:19:43.643 W/HWUI    ( 9446): Unknown dataspace 0
03-18 20:19:43.848 I/eazpire.creator( 9446): Compiler allocated 5082KB to compile void android.view.ViewRootImpl.performTraversals()
03-18 20:19:44.346 D/ProductModalDebug( 9446): DEBUG: ShopScreen rendering modal block | {modalHandle=null} | H=H2
03-18 20:19:44.346 D/ProductModalDebug( 9446): [6] ShopScreen: rendering modal block, modalHandle=null
03-18 20:19:44.365 D/VRI[MainActivity]( 9446): WindowInsets changed: 1080x2400 statusBars:[0,63,0,0] navigationBars:[0,0,0,63] mandatorySystemGestures:[0,63,0,84] 
03-18 20:19:44.367 D/WindowOnBackDispatcher( 9446): setTopOnBackInvokedCallback (unwrapped): android.view.ViewRootImpl$$ExternalSyntheticLambda12@bb7884f
03-18 20:19:44.368 D/CoreBackPreview(  829): Window{8ebd32f u0 com.eazpire.creator/com.eazpire.creator.MainActivity}: Setting back callback OnBackInvokedCallbackInfo{mCallback=android.window.IOnBackInvokedCallback$Stub$Proxy@ec734b, mPriority=0, mIsAnimationCallback=false, mOverrideBehavior=0}
03-18 20:19:44.412 W/android.hardware.audio@7.1-impl.ranchu(  592): pcmWrite:259 pcm_writei failed with 'cannot read/write stream data: I/O error' (-1)
03-18 20:19:44.422 E/android.hardware.audio@7.1-impl.ranchu(  592): pcmWrite:260 failure: -1
03-18 20:19:44.526 W/android.hardware.audio@7.1-impl.ranchu(  592): pcmWrite:259 pcm_writei failed with 'cannot read/write stream data: I/O error' (-1)
03-18 20:19:44.526 E/android.hardware.audio@7.1-impl.ranchu(  592): pcmWrite:260 failure: -1
03-18 20:19:44.630 W/android.hardware.audio@7.1-impl.ranchu(  592): pcmWrite:259 pcm_writei failed with 'cannot read/write stream data: I/O error' (-1)
03-18 20:19:44.630 E/android.hardware.audio@7.1-impl.ranchu(  592): pcmWrite:260 failure: -1
03-18 20:19:44.734 W/android.hardware.audio@7.1-impl.ranchu(  592): pcmWrite:259 pcm_writei failed with 'cannot read/write stream data: I/O error' (-1)
03-18 20:19:44.734 E/android.hardware.audio@7.1-impl.ranchu(  592): pcmWrite:260 failure: -1
03-18 20:19:44.839 W/android.hardware.audio@7.1-impl.ranchu(  592): pcmWrite:259 pcm_writei failed with 'cannot read/write stream data: I/O error' (-1)
03-18 20:19:44.839 E/android.hardware.audio@7.1-impl.ranchu(  592): pcmWrite:260 failure: -1
03-18 20:19:44.900 I/HWUI    ( 9446): Using FreeType backend (prop=Auto)
03-18 20:19:44.944 W/android.hardware.audio@7.1-impl.ranchu(  592): pcmWrite:259 pcm_writei failed with 'cannot read/write stream data: I/O error' (-1)
03-18 20:19:44.944 E/android.hardware.audio@7.1-impl.ranchu(  592): pcmWrite:260 failure: -1
03-18 20:19:44.957 D/CompatChangeReporter( 9446): Compat change id reported: 289878283; UID 10227; state: ENABLED
03-18 20:19:45.046 W/android.hardware.audio@7.1-impl.ranchu(  592): pcmWrite:259 pcm_writei failed with 'cannot read/write stream data: I/O error' (-1)
03-18 20:19:45.046 E/android.hardware.audio@7.1-impl.ranchu(  592): pcmWrite:260 failure: -1
03-18 20:19:45.150 W/android.hardware.audio@7.1-impl.ranchu(  592): pcmWrite:259 pcm_writei failed with 'cannot read/write stream data: I/O error' (-1)
03-18 20:19:45.150 E/android.hardware.audio@7.1-impl.ranchu(  592): pcmWrite:260 failure: -1
03-18 20:19:45.170 D/android.hardware.audio@7.1-impl.ranchu(  592): threadLoop: entering standby, frames: 431936
03-18 20:19:45.170 D/android.hardware.audio@7.1-impl.ranchu(  592): ~TinyalsaSink: joining consumeThread
03-18 20:19:45.245 D/ProductModalDebug( 9446): DEBUG: HeroCarousel composed | {productModalHandleStateNotNull=true} | H=H1
03-18 20:19:45.246 D/ProductModalDebug( 9446): [0] HeroCarousel composed: productModalHandleState=true
03-18 20:19:45.254 W/android.hardware.audio@7.1-impl.ranchu(  592): pcmWrite:259 pcm_writei failed with 'cannot read/write stream data: I/O error' (-1)
03-18 20:19:45.254 E/android.hardware.audio@7.1-impl.ranchu(  592): pcmWrite:260 failure: -1
03-18 20:19:45.254 D/android.hardware.audio@7.1-impl.ranchu(  592): consumeThread: exiting
03-18 20:19:45.254 D/android.hardware.audio@7.1-impl.ranchu(  592): ~TinyalsaSink: stopping PCM stream
03-18 20:19:45.324 W/HWUI    ( 9446): Failed to choose config with EGL_SWAP_BEHAVIOR_PRESERVED, retrying without...
03-18 20:19:45.325 W/HWUI    ( 9446): Failed to initialize 101010-2 format, error = EGL_SUCCESS
03-18 20:19:45.483 E/TaskPersister(  829): File error accessing recents directory (directory doesn't exist?).
03-18 20:19:45.747 I/ActivityTaskManager(  829): Displayed com.eazpire.creator/.MainActivity for user 0: +3s793ms
03-18 20:19:45.748 D/LangDebug( 9446): HH3 languageCode changed, loading | {languageCode=en}
03-18 20:19:45.749 D/LangDebug( 9446): HH5 translations updated | {count=0, sample=[]}
03-18 20:19:45.788 D/LangDebug( 9446): HH4 Entry | {lang=en}
03-18 20:19:45.797 D/ProductModalDebug( 9446): DEBUG: LaunchedEffect productModalHandleState changed | {value=null} | H=H2
03-18 20:19:45.801 D/ProductModalDebug( 9446): [5] ShopScreen: productModalHandleState changed to null
03-18 20:19:45.803 I/HWUI    ( 9446): Davey! duration=2101ms; Flags=1, FrameTimelineVsyncId=659823, IntendedVsync=7854210795062, Vsync=7854210795062, InputEventId=0, HandleInputStart=7854222909527, AnimationStart=7854222923027, PerformTraversalsStart=7854222941827, DrawStart=7855845105327, FrameDeadline=7854227461728, FrameStartTime=7854222903027, FrameInterval=16666665, WorkloadTarget=16666666, SyncQueued=7855887512727, SyncStart=7855903498527, IssueDrawCommandsStart=7855903646327, SwapBuffers=7856290934927, FrameCompleted=7856328414827, DequeueBufferDuration=18700, QueueBufferDuration=254200, GpuCompleted=7856328414827, SwapBuffersCompleted=7856296215227, DisplayPresentTime=0, CommandSubmissionCompleted=7856290934927, 
03-18 20:19:45.898 I/Choreographer( 9446): Skipped 124 frames!  The application may be doing too much work on its main thread.
03-18 20:19:45.992 I/HWUI    ( 9446): Davey! duration=2167ms; Flags=0, FrameTimelineVsyncId=659845, IntendedVsync=7854377459347, Vsync=7856444125931, InputEventId=0, HandleInputStart=7856461117427, AnimationStart=7856461187027, PerformTraversalsStart=7856513879927, DrawStart=7856514193227, FrameDeadline=7856360794848, FrameStartTime=7856457087827, FrameInterval=16666666, WorkloadTarget=16666666, SyncQueued=7856528675227, SyncStart=7856529722827, IssueDrawCommandsStart=7856529882127, SwapBuffers=7856532565227, FrameCompleted=7856545884027, DequeueBufferDuration=19600, QueueBufferDuration=1333600, GpuCompleted=7856545884027, SwapBuffersCompleted=7856542977127, DisplayPresentTime=0, CommandSubmissionCompleted=7856532565227, 
03-18 20:19:45.999 I/ImeTracker(  829): com.eazpire.creator:66dfe0e1: onRequestHide at ORIGIN_SERVER reason HIDE_UNSPECIFIED_WINDOW fromUser false
03-18 20:19:46.017 I/GoogleInputMethodService( 1610): GoogleInputMethodService.onFinishInput():2057 
03-18 20:19:46.019 I/ImeTracker(  829): system_server:3fd6f04f: onRequestHide at ORIGIN_SERVER reason IME_REQUESTED_CHANGED_LISTENER fromUser false
03-18 20:19:46.023 I/ImeTracker(  829): system_server:3fd6f04f: onCancelled at PHASE_SERVER_SHOULD_HIDE
03-18 20:19:46.035 I/Module  ( 1610): DeviceLockedStatusModuleProvider$Module.updateDeviceLockedStatus():100 repeatCheckTimes = 0, locked = false
03-18 20:19:46.040 I/GoogleInputMethodService( 1610): GoogleInputMethodService.onStartInput():1318 onStartInput(EditorInfo{EditorInfo{packageName=com.eazpire.creator, inputType=0, inputTypeString=NULL, enableLearning=false, autoCorrection=false, autoComplete=false, imeOptions=0, privateImeOptions=null, actionName=UNSPECIFIED, actionLabel=null, initialSelStart=-1, initialSelEnd=-1, initialCapsMode=0, label=null, fieldId=0, fieldName=null, extras=null, hintText=null, hintLocales=[]}}, false)
03-18 20:19:46.045 I/Module  ( 1610): DeviceLockedStatusModuleProvider$Module.updateDeviceLockedStatus():100 repeatCheckTimes = 1, locked = false
03-18 20:19:46.059 W/PackageConfigPersister(  829): App-specific configuration not found for packageName: com.eazpire.creator and userId: 0
03-18 20:19:46.066 D/InsetsController( 9446): hide(ime())
03-18 20:19:46.066 I/ImeTracker( 9446): com.eazpire.creator:66dfe0e1: onCancelled at PHASE_CLIENT_ALREADY_HIDDEN
03-18 20:19:46.068 I/FontLog ( 1452): (REDACTED) Received query %s, URI %s
03-18 20:19:46.074 I/FontLog ( 1452): (REDACTED) Query [%s] resolved to %s
03-18 20:19:46.085 D/ProductModalDebug( 9446): DEBUG: ShopScreen rendering modal block | {modalHandle=null} | H=H2
03-18 20:19:46.086 D/ProductModalDebug( 9446): [6] ShopScreen: rendering modal block, modalHandle=null
03-18 20:19:46.096 I/FontLog ( 1452): (REDACTED) Fetch %s end status %s
03-18 20:19:46.113 I/FontLog ( 1452): (REDACTED) Pulling font file for id = %d, cache size = %d
03-18 20:19:46.139 I/HalDevMgr(  829): bestIfaceCreationProposal is null, requestIface=STA, existingIface=[name=wlan0 type=STA]
03-18 20:19:46.144 I/FontLog ( 1452): (REDACTED) Pulling font file for id = %d, cache size = %d
03-18 20:19:46.160 D/WindowOnBackDispatcher( 1115): setTopOnBackInvokedCallback (unwrapped): null
03-18 20:19:46.161 D/CoreBackPreview(  829): Window{f748f3 u0 Splash Screen com.eazpire.creator EXITING}: Setting back callback null
03-18 20:19:46.188 W/libbinder.IPCThreadState(  704): Sending oneway calls to frozen process.
03-18 20:19:46.310 W/System  ( 1115): A resource failed to call release. 
03-18 20:19:46.310 W/System  ( 1115): A resource failed to call release. 
03-18 20:19:46.311 W/System  ( 1115): A resource failed to call release. 
03-18 20:19:46.311 W/System  ( 1115): A resource failed to call release. 
03-18 20:19:46.370 D/BaseActivity( 1270): Launcher flags updated: [] -[state_started]
03-18 20:19:46.370 D/BaseDepthController( 1270): setSurface:
03-18 20:19:46.370 D/BaseDepthController( 1270): 	mWaitingOnSurfaceValidity: false
03-18 20:19:46.370 D/BaseDepthController( 1270): 	mBaseSurface: null
03-18 20:19:46.370 D/BaseDepthController( 1270): mSurface is null and mCurrentBlur is: 0
03-18 20:19:46.371 D/LauncherStateManager( 1270): StateManager.goToState: fromState: Normal, toState: Normal, partial trace:
03-18 20:19:46.371 D/LauncherStateManager( 1270): 	at com.android.launcher3.statemanager.StateManager.moveToRestState(go/retraceme f3a19d912c87c27267cfbc05ba0bc7b202ab72a6648bd76225f5f7e128d94583:6)
03-18 20:19:46.371 D/LauncherStateManager( 1270): 	at com.android.launcher3.statemanager.StateManager.moveToRestState(go/retraceme f3a19d912c87c27267cfbc05ba0bc7b202ab72a6648bd76225f5f7e128d94583:2)
03-18 20:19:46.371 D/LauncherStateManager( 1270): 	at com.android.launcher3.statemanager.StatefulActivity.onStop(go/retraceme f3a19d912c87c27267cfbc05ba0bc7b202ab72a6648bd76225f5f7e128d94583:32)
03-18 20:19:46.371 D/LauncherStateManager( 1270): StateManager.onRepeatStateSetAborted: state: Normal
03-18 20:19:46.371 D/ActivityContext( 1270): hideKeyboard
03-18 20:19:46.371 D/ActivityContext( 1270): isImeShown: false
03-18 20:19:46.371 D/StatsLog( 1270): LAUNCHER_ONSTOP
03-18 20:19:46.374 D/StatsLog( 1270): LAUNCHER_GOOGLE_SEARCH_RESTORE_LIST_SIZE_AFTER_ACTIVITY_RESTART
03-18 20:19:46.443 D/BackgroundInstallControlService(  829): Package event received: 0
03-18 20:19:46.501 D/ProductModalDebug( 9446): DEBUG: HeroCarousel composed | {productModalHandleStateNotNull=true} | H=H1
03-18 20:19:46.506 D/ProductModalDebug( 9446): [0] HeroCarousel composed: productModalHandleState=true
03-18 20:19:46.710 D/LangDebug( 9446): HH4 API error | {error=The coroutine scope left the composition}
03-18 20:19:46.716 I/Choreographer( 9446): Skipped 38 frames!  The application may be doing too much work on its main thread.
03-18 20:19:46.717 D/LangDebug( 9446): HH3 languageCode changed, loading | {languageCode=de}
03-18 20:19:46.718 D/LangDebug( 9446): HH4 Entry | {lang=de}
03-18 20:19:46.796 I/HWUI    ( 9446): Davey! duration=733ms; Flags=0, FrameTimelineVsyncId=660016, IntendedVsync=7856594125925, Vsync=7856610792591, InputEventId=0, HandleInputStart=7856624865727, AnimationStart=7856624881227, PerformTraversalsStart=7857128244427, DrawStart=7857128342627, FrameDeadline=7856744125919, FrameStartTime=7856624856027, FrameInterval=16666666, WorkloadTarget=16666666, SyncQueued=7857270652327, SyncStart=7857270816527, IssueDrawCommandsStart=7857271444127, SwapBuffers=7857322930727, FrameCompleted=7857327730827, DequeueBufferDuration=16800, QueueBufferDuration=937400, GpuCompleted=7857326278027, SwapBuffersCompleted=7857327730827, DisplayPresentTime=0, CommandSubmissionCompleted=7857322930727, 
03-18 20:19:46.816 I/HWUI    ( 9446): Davey! duration=729ms; Flags=0, FrameTimelineVsyncId=660053, IntendedVsync=7856627459257, Vsync=7857260792565, InputEventId=0, HandleInputStart=7857275200227, AnimationStart=7857275215227, PerformTraversalsStart=7857313477727, DrawStart=7857313788927, FrameDeadline=7857344125895, FrameStartTime=7857274804527, FrameInterval=16666666, WorkloadTarget=16666666, SyncQueued=7857325589527, SyncStart=7857330761927, IssueDrawCommandsStart=7857330866227, SwapBuffers=7857333727227, FrameCompleted=7857361871427, DequeueBufferDuration=20917800, QueueBufferDuration=172500, GpuCompleted=7857361871427, SwapBuffersCompleted=7857355649927, DisplayPresentTime=0, CommandSubmissionCompleted=7857333727227, 
03-18 20:19:46.967 D/LangDebug( 9446): HH4 API success | {count=3362, sampleKeys=[ui:topbar.delivery_to, ui:sidebar.bestseller, ui:search.placeholder, ui:sidebar.target_group, ui:sidebar.deals]}
03-18 20:19:47.007 D/ProductModalDebug( 9446): DEBUG: ShopScreen rendering modal block | {modalHandle=null} | H=H2
03-18 20:19:47.023 D/ProductModalDebug( 9446): [6] ShopScreen: rendering modal block, modalHandle=null
03-18 20:19:47.119 D/ProductModalDebug( 9446): DEBUG: HeroCarousel composed | {productModalHandleStateNotNull=true} | H=H1
03-18 20:19:47.119 D/ProductModalDebug( 9446): [0] HeroCarousel composed: productModalHandleState=true
03-18 20:19:47.260 D/LangDebug( 9446): HH5 translations updated | {count=3362, sample=[ui:topbar.delivery_to, ui:sidebar.bestseller, ui:search.placeholder]}
03-18 20:19:47.385 D/ProductModalDebug( 9446): DEBUG: Hero API error | {error=The coroutine scope left the composition} | H=hero_load
03-18 20:19:47.636 D/ProductModalDebug( 9446): DEBUG: Hero API response | {ok=true, heroRegion=US, imagesCount=0} | H=hero_load
03-18 20:19:47.654 D/ProductModalDebug( 9446): DEBUG: HeroCarousel composed | {productModalHandleStateNotNull=true} | H=H1
03-18 20:19:47.655 D/ProductModalDebug( 9446): [0] HeroCarousel composed: productModalHandleState=true
03-18 20:19:47.975 D/ProductModalDebug( 9446): DEBUG: HeroCarousel composed | {productModalHandleStateNotNull=true} | H=H1
03-18 20:19:47.978 D/ProductModalDebug( 9446): [0] HeroCarousel composed: productModalHandleState=true
03-18 20:19:48.220 D/ProfileInstaller( 9446): Installing profile for com.eazpire.creator
03-18 20:19:48.355 W/eazpire.creator( 9446): userfaultfd: MOVE ioctl seems unsupported: Connection timed out
03-18 20:19:48.382 I/eazpire.creator( 9446): NativeAlloc concurrent mark compact GC freed 15MB AllocSpace bytes, 62(3348KB) LOS objects, 49% free, 10MB/20MB, paused 2.984ms,6.361ms total 298.686ms
03-18 20:19:48.409 D/ProductModalDebug( 9446): DEBUG: Hero API response | {ok=true, heroRegion=US, imagesCount=0} | H=hero_load
03-18 20:19:48.417 D/ProductModalDebug( 9446): DEBUG: HeroCarousel composed | {productModalHandleStateNotNull=true} | H=H1
03-18 20:19:48.417 D/ProductModalDebug( 9446): [0] HeroCarousel composed: productModalHandleState=true
03-18 20:19:48.911 I/eazpire.creator( 9446): NativeAlloc concurrent mark compact GC freed 1292KB AllocSpace bytes, 29(596KB) LOS objects, 49% free, 9462KB/18MB, paused 3.274ms,6.974ms total 151.215ms
03-18 20:19:49.161 I/HalDevMgr(  829): bestIfaceCreationProposal is null, requestIface=STA, existingIface=[name=wlan0 type=STA]
03-18 20:19:49.173 W/eazpire.creator( 9446): Suspending all threads took: 9.294ms
03-18 20:19:49.295 I/eazpire.creator( 9446): NativeAlloc concurrent mark compact GC freed 692KB AllocSpace bytes, 12(240KB) LOS objects, 49% free, 9478KB/18MB, paused 23.280ms,3.707ms total 176.836ms
03-18 20:19:49.711 I/eazpire.creator( 9446): NativeAlloc concurrent mark compact GC freed 920KB AllocSpace bytes, 17(368KB) LOS objects, 49% free, 9642KB/18MB, paused 7.989ms,3.510ms total 132.469ms
03-18 20:19:50.035 I/lowmemorykiller(  273): Kill 'com.google.android.configupdater' (5253), uid 10143, oom_score_adj 975 to free 75532kB rss, 36320kB swap, 0kB dmabuf_pss, 0kB dmabuf_rss; reason: low watermark is breached
03-18 20:19:50.288 I/ActivityManager(  829): Process com.google.android.configupdater (pid 5253) has died: cch  +75 CEM 
03-18 20:19:50.288 I/Zygote  (  584): Process 5253 exited due to signal 9 (Killed)
03-18 20:19:50.290 I/libprocessgroup(  829): Removed cgroup /sys/fs/cgroup/apps/uid_10143/pid_5253
03-18 20:19:50.433 I/eazpire.creator( 9446): NativeAlloc concurrent mark compact GC freed 972KB AllocSpace bytes, 10(200KB) LOS objects, 49% free, 9438KB/18MB, paused 4.193ms,2.404ms total 147.220ms
03-18 20:19:51.169 I/eazpire.creator( 9446): NativeAlloc concurrent mark compact GC freed 2316KB AllocSpace bytes, 23(496KB) LOS objects, 49% free, 10155KB/19MB, paused 3.918ms,4.157ms total 155.181ms
03-18 20:19:51.553 I/Choreographer( 9446): Skipped 38 frames!  The application may be doing too much work on its main thread.
03-18 20:19:51.585 W/libbinder.BackendUnifiedServiceManager( 9551): Thread Pool max thread count is 0. Cannot cache binder as linkToDeath cannot be implemented. serviceName: package
03-18 20:19:51.588 D/ProductModalDebug( 9446): DEBUG: Hero API error | {error=The coroutine scope left the composition} | H=hero_load
03-18 20:19:51.637 I/eazpire.creator( 9446): NativeAlloc concurrent mark compact GC freed 4190KB AllocSpace bytes, 37(836KB) LOS objects, 49% free, 10MB/21MB, paused 2.498ms,4.508ms total 124.284ms
03-18 20:19:51.729 D/SatelliteController( 1261): iisInCarrierRoamingNbIotNtn: satellite is disabled
03-18 20:19:51.760 D/SatelliteController( 1261): getCarrierRoamingNtnConnectType: Falling back to global carrier config connect type: 0
03-18 20:19:51.792 I/HWUI    ( 9446): Davey! duration=834ms; Flags=0, FrameTimelineVsyncId=661138, IntendedVsync=7861477459063, Vsync=7862110792371, InputEventId=0, HandleInputStart=7862112999227, AnimationStart=7862113064527, PerformTraversalsStart=7862237737527, DrawStart=7862237885027, FrameDeadline=7861960792377, FrameStartTime=7862111716527, FrameInterval=16666666, WorkloadTarget=16666666, SyncQueued=7862275530427, SyncStart=7862295339227, IssueDrawCommandsStart=7862297722627, SwapBuffers=7862321690727, FrameCompleted=7862331913527, DequeueBufferDuration=49500, QueueBufferDuration=2621500, GpuCompleted=7862331913527, SwapBuffersCompleted=7862325602527, DisplayPresentTime=0, CommandSubmissionCompleted=7862321690727, 
03-18 20:19:51.940 I/artd    ( 2548): GetBestInfo: odex next to the dex file (/data/app/~~tbG4juFgRU2dCBO6E7tZDA==/com.google.android.gms-6zp80s4nuSDHwMUHbN31DA==/oat/x86_64/base.odex) is kOatUpToDate with filter 'speed-profile' executable 'false'
03-18 20:19:51.944 I/artd    ( 2548): GetBestInfo: odex next to the dex file (/data/app/~~tbG4juFgRU2dCBO6E7tZDA==/com.google.android.gms-6zp80s4nuSDHwMUHbN31DA==/oat/x86_64/split_AdsDynamite_installtime.odex) is kOatUpToDate with filter 'speed' executable 'false'
03-18 20:19:51.953 I/artd    ( 2548): GetBestInfo: odex next to the dex file (/data/app/~~tbG4juFgRU2dCBO6E7tZDA==/com.google.android.gms-6zp80s4nuSDHwMUHbN31DA==/oat/x86_64/split_CronetDynamite_installtime.odex) is kOatUpToDate with filter 'speed' executable 'false'
03-18 20:19:51.957 I/artd    ( 2548): GetBestInfo: odex next to the dex file (/data/app/~~tbG4juFgRU2dCBO6E7tZDA==/com.google.android.gms-6zp80s4nuSDHwMUHbN31DA==/oat/x86_64/split_DynamiteLoader_installtime.odex) is kOatUpToDate with filter 'speed' executable 'false'
03-18 20:19:51.960 I/artd    ( 2548): GetBestInfo: odex next to the dex file (/data/app/~~tbG4juFgRU2dCBO6E7tZDA==/com.google.android.gms-6zp80s4nuSDHwMUHbN31DA==/oat/x86_64/split_DynamiteModulesA_installtime.odex) is kOatUpToDate with filter 'speed' executable 'false'
03-18 20:19:51.965 I/artd    ( 2548): GetBestInfo: odex next to the dex file (/data/app/~~tbG4juFgRU2dCBO6E7tZDA==/com.google.android.gms-6zp80s4nuSDHwMUHbN31DA==/oat/x86_64/split_DynamiteModulesC_installtime.odex) is kOatUpToDate with filter 'speed' executable 'false'
03-18 20:19:51.969 I/artd    ( 2548): GetBestInfo: odex next to the dex file (/data/app/~~tbG4juFgRU2dCBO6E7tZDA==/com.google.android.gms-6zp80s4nuSDHwMUHbN31DA==/oat/x86_64/split_GoogleCertificates_installtime.odex) is kOatUpToDate with filter 'speed' executable 'false'
03-18 20:19:51.973 I/artd    ( 2548): GetBestInfo: odex next to the dex file (/data/app/~~tbG4juFgRU2dCBO6E7tZDA==/com.google.android.gms-6zp80s4nuSDHwMUHbN31DA==/oat/x86_64/split_MapsDynamite_installtime.odex) is kOatUpToDate with filter 'speed' executable 'false'
03-18 20:19:51.983 I/artd    ( 2548): GetBestInfo: odex next to the dex file (/data/app/~~tbG4juFgRU2dCBO6E7tZDA==/com.google.android.gms-6zp80s4nuSDHwMUHbN31DA==/oat/x86_64/split_MeasurementDynamite_installtime.odex) is kOatUpToDate with filter 'speed' executable 'false'
03-18 20:19:51.999 I/artd    ( 2548): GetBestInfo: /data/user_de/0/com.google.android.gms/app_chimera/m/0000000d/dl-MlkitBarcodeUi.optional_253434100800.apk has no usable artifacts
03-18 20:19:52.002 I/artd    ( 2548): GetBestInfo: /data/user_de/0/com.google.android.gms/app_chimera/m/00000001/CronetDynamite.apk has no usable artifacts
03-18 20:19:52.014 I/artd    ( 2548): GetBestInfo: /data/user_de/0/com.google.android.gms/app_chimera/m/00000014/dl-MlkitBarcodeUi.optional_260931100800.apk has no usable artifacts
03-18 20:19:52.018 I/artd    ( 2548): GetBestInfo: /data/user_de/0/com.google.android.gms/app_chimera/m/00000013/dl-Appsearch.optional_260931100800.apk has no usable artifacts
03-18 20:19:52.020 I/artd    ( 2548): GetBestInfo: /data/user_de/0/com.google.android.gms/app_chimera/m/00000002/DynamiteLoader.apk has no usable artifacts
03-18 20:19:52.020 I/artd    ( 2548): GetBestInfo: /data/user_de/0/com.google.android.gms/app_chimera/m/00000005/GoogleCertificates.apk has no usable artifacts
03-18 20:19:52.023 I/artd    ( 2548): GetBestInfo: /data/user_de/0/com.google.android.gms/app_chimera/m/00000009/dl-TfliteDynamiteDynamite.integ_252130102100800.apk has no usable artifacts
03-18 20:19:52.029 I/artd    ( 2548): GetBestInfo: /data/user_de/0/com.google.android.gms/app_chimera/m/00000011/dl-MlkitOcrCommon.optional_260931100800.apk has no usable artifacts
03-18 20:19:52.037 I/artd    ( 2548): GetBestInfo: /data/user_de/0/com.google.android.gms/app_chimera/m/0000000a/dl-MlkitOcrCommon.optional_253434100800.apk has no usable artifacts
03-18 20:19:52.040 I/artd    ( 2548): GetBestInfo: vdex next to the dex file (/data/user/0/com.google.android.gms/app_dg_cache/E893C01D331CD1FBE6F076D28A1BA871F16A1DEC/oat/x86_64/the.vdex) is kOatUpToDate with filter 'verify' executable 'false'
03-18 20:19:52.047 I/artd    ( 2548): GetBestInfo: /data/user_de/0/com.google.android.gms/app_chimera/m/00000012/dl-VisionOcr.optional_260931100000.apk has no usable artifacts
03-18 20:19:52.056 I/artd    ( 2548): GetBestInfo: /data/user_de/0/com.google.android.gms/app_chimera/m/00000008/dl-VisionOcr.optional_253434100000.apk has no usable artifacts
03-18 20:19:52.060 I/artd    ( 2548): GetBestInfo: /data/user_de/0/com.google.android.gms/app_chimera/m/0000000b/dl-Appsearch.optional_253434100800.apk has no usable artifacts
03-18 20:19:52.068 I/artd    ( 2548): GetBestInfo: /data/user_de/0/com.google.android.gms/app_chimera/m/00000007/MeasurementDynamite.apk has no usable artifacts
03-18 20:19:52.073 I/artd    ( 2548): GetBestInfo: /data/user_de/0/com.google.android.gms/app_chimera/m/0000000f/dl-PlayCloudSearch.optional_260931100000.apk has no usable artifacts
03-18 20:19:52.082 I/artd    ( 2548): GetBestInfo: /data/user_de/0/com.google.android.gms/app_chimera/m/0000000e/dl-PlayCloudSearch.optional_253434100000.apk has no usable artifacts
03-18 20:19:52.182 I/HalDevMgr(  829): bestIfaceCreationProposal is null, requestIface=STA, existingIface=[name=wlan0 type=STA]
03-18 20:19:52.208 I/eazpire.creator( 9446): NativeAlloc concurrent mark compact GC freed 984KB AllocSpace bytes, 18(360KB) LOS objects, 49% free, 11MB/22MB, paused 5.884ms,32.373ms total 252.513ms
03-18 20:19:52.217 I/Choreographer( 9446): Skipped 38 frames!  The application may be doing too much work on its main thread.
03-18 20:19:52.714 I/eazpire.creator( 9446): NativeAlloc concurrent mark compact GC freed 1404KB AllocSpace bytes, 13(260KB) LOS objects, 49% free, 11MB/22MB, paused 5.407ms,9.260ms total 295.616ms
03-18 20:19:53.483 I/keystore2(  304): system/security/keystore2/watchdog/src/lib.rs:371 - Watchdog thread idle -> terminating. Have a great day.
03-18 20:19:53.522 I/eazpire.creator( 9446): NativeAlloc concurrent mark compact GC freed 1164KB AllocSpace bytes, 20(400KB) LOS objects, 49% free, 10MB/21MB, paused 5.173ms,26.607ms total 315.689ms
03-18 20:19:54.262 I/eazpire.creator( 9446): NativeAlloc concurrent mark compact GC freed 972KB AllocSpace bytes, 16(320KB) LOS objects, 49% free, 11MB/22MB, paused 4.767ms,5.264ms total 238.794ms
03-18 20:19:54.708 I/eazpire.creator( 9446): NativeAlloc concurrent mark compact GC freed 1248KB AllocSpace bytes, 20(400KB) LOS objects, 49% free, 10MB/21MB, paused 3.859ms,17.611ms total 177.592ms
03-18 20:19:55.195 I/HalDevMgr(  829): bestIfaceCreationProposal is null, requestIface=STA, existingIface=[name=wlan0 type=STA]
03-18 20:19:55.249 I/eazpire.creator( 9446): NativeAlloc concurrent mark compact GC freed 1228KB AllocSpace bytes, 16(320KB) LOS objects, 49% free, 11MB/22MB, paused 17.676ms,16.797ms total 259.401ms
03-18 20:19:55.765 I/eazpire.creator( 9446): NativeAlloc concurrent mark compact GC freed 836KB AllocSpace bytes, 15(300KB) LOS objects, 49% free, 10MB/21MB, paused 3.357ms,7.088ms total 265.666ms
03-18 20:19:55.887 D/ProductModalDebug( 9446): DEBUG: ShopScreen rendering modal block | {modalHandle=null} | H=H2
03-18 20:19:55.889 D/ProductModalDebug( 9446): [6] ShopScreen: rendering modal block, modalHandle=null
03-18 20:19:56.309 I/eazpire.creator( 9446): NativeAlloc concurrent mark compact GC freed 2020KB AllocSpace bytes, 18(400KB) LOS objects, 49% free, 10MB/21MB, paused 12.795ms,21.194ms total 181.746ms
03-18 20:19:56.708 I/eazpire.creator( 9446): NativeAlloc concurrent mark compact GC freed 592KB AllocSpace bytes, 15(304KB) LOS objects, 49% free, 10MB/21MB, paused 9.471ms,12.978ms total 178.912ms
03-18 20:19:56.805 I/Choreographer( 9446): Skipped 88 frames!  The application may be doing too much work on its main thread.
03-18 20:19:57.307 I/eazpire.creator( 9446): NativeAlloc concurrent mark compact GC freed 2296KB AllocSpace bytes, 14(392KB) LOS objects, 49% free, 8946KB/17MB, paused 11.137ms,32.570ms total 249.041ms
03-18 20:19:57.493 I/eazpire.creator( 9446): NativeAlloc concurrent mark compact GC freed 32KB AllocSpace bytes, 7(140KB) LOS objects, 49% free, 9106KB/17MB, paused 5.550ms,7.685ms total 107.315ms
03-18 20:19:57.864 I/HWUI    ( 9446): Davey! duration=2530ms; Flags=0, FrameTimelineVsyncId=661619, IntendedVsync=7865860792221, Vsync=7865877458887, InputEventId=1058844222, HandleInputStart=7865888041327, AnimationStart=7865888085627, PerformTraversalsStart=7866632040827, DrawStart=7866633399727, FrameDeadline=7865877458887, FrameStartTime=7865888011827, FrameInterval=16666666, WorkloadTarget=16666666, SyncQueued=7867330866327, SyncStart=7867331905127, IssueDrawCommandsStart=7867337325027, SwapBuffers=7868292405327, FrameCompleted=7868392296127, DequeueBufferDuration=74900, QueueBufferDuration=769000, GpuCompleted=7868391764027, SwapBuffersCompleted=7868392296127, DisplayPresentTime=0, CommandSubmissionCompleted=7868292405327, 
03-18 20:19:57.934 I/HWUI    ( 9446): Davey! duration=1661ms; Flags=0, FrameTimelineVsyncId=661626, IntendedVsync=7865894125553, Vsync=7867360792161, InputEventId=0, HandleInputStart=7867365844027, AnimationStart=7867365912327, PerformTraversalsStart=7867415665327, DrawStart=7867415960727, FrameDeadline=7868410792119, FrameStartTime=7867363666727, FrameInterval=16666666, WorkloadTarget=16666666, SyncQueued=7867478554827, SyncStart=7868394274827, IssueDrawCommandsStart=7868394514727, SwapBuffers=7868447829427, FrameCompleted=7868471780827, DequeueBufferDuration=48600, QueueBufferDuration=413800, GpuCompleted=7868471558727, SwapBuffersCompleted=7868471780827, DisplayPresentTime=0, CommandSubmissionCompleted=7868447829427, 
03-18 20:19:57.934 I/Choreographer( 9446): Skipped 66 frames!  The application may be doing too much work on its main thread.
03-18 20:19:57.997 I/HWUI    ( 9446): Davey! duration=1168ms; Flags=0, FrameTimelineVsyncId=661640, IntendedVsync=7867377458827, Vsync=7868477458783, InputEventId=178485048, HandleInputStart=7868496896927, AnimationStart=7868496930527, PerformTraversalsStart=7868506221327, DrawStart=7868506335527, FrameDeadline=7868494125449, FrameStartTime=7868492851327, FrameInterval=16666666, WorkloadTarget=16666666, SyncQueued=7868506500427, SyncStart=7868506834727, IssueDrawCommandsStart=7868506973027, SwapBuffers=7868526896027, FrameCompleted=7868545838627, DequeueBufferDuration=114300, QueueBufferDuration=950100, GpuCompleted=7868545838627, SwapBuffersCompleted=7868530342327, DisplayPresentTime=0, CommandSubmissionCompleted=7868526896027, 
03-18 20:19:58.024 I/eazpire.creator( 9446): NativeAlloc concurrent mark compact GC freed 452KB AllocSpace bytes, 8(160KB) LOS objects, 49% free, 9214KB/17MB, paused 16.509ms,6.508ms total 146.043ms
03-18 20:19:58.210 I/HalDevMgr(  829): bestIfaceCreationProposal is null, requestIface=STA, existingIface=[name=wlan0 type=STA]
03-18 20:19:58.487 W/eazpire.creator( 9446): Suspending all threads took: 6.692ms
03-18 20:19:58.597 I/eazpire.creator( 9446): NativeAlloc concurrent mark compact GC freed 560KB AllocSpace bytes, 13(260KB) LOS objects, 49% free, 8954KB/17MB, paused 9.899ms,26.474ms total 254.317ms
03-18 20:19:59.409 I/eazpire.creator( 9446): NativeAlloc concurrent mark compact GC freed 372KB AllocSpace bytes, 12(240KB) LOS objects, 49% free, 9154KB/17MB, paused 7.820ms,13.684ms total 269.198ms
03-18 20:19:59.517 D/ControlsListingControllerImpl( 1115): Subscribing callback, service count: 0
03-18 20:19:59.611 D/ControlsListingControllerImpl( 1115): Unsubscribing callback
03-18 20:19:59.780 I/QuickAccessWalletTile( 1115): QAW service is unavailable, recreating the wallet client.
03-18 20:19:59.916 D/WifiNl80211Manager(  829): Scan result ready event
03-18 20:19:59.917 D/WifiNative(  829): Scan result ready event
03-18 20:19:59.947 I/WifiScanner( 1452): onFullResults
03-18 20:19:59.959 I/WifiScanner( 1452): onFullResults
03-18 20:20:00.018 I/HalDevMgr(  829): bestIfaceCreationProposal is null, requestIface=STA, existingIface=[name=wlan0 type=STA]
03-18 20:20:00.162 I/eazpire.creator( 9446): NativeAlloc concurrent mark compact GC freed 432KB AllocSpace bytes, 18(360KB) LOS objects, 49% free, 8962KB/17MB, paused 7.388ms,16.494ms total 273.489ms
03-18 20:20:00.616 I/eazpire.creator( 9446): NativeAlloc concurrent mark compact GC freed 420KB AllocSpace bytes, 16(320KB) LOS objects, 49% free, 8870KB/17MB, paused 2.166ms,9.634ms total 97.912ms
03-18 20:20:01.074 I/eazpire.creator( 9446): NativeAlloc concurrent mark compact GC freed 496KB AllocSpace bytes, 14(280KB) LOS objects, 49% free, 8734KB/17MB, paused 3.556ms,6.244ms total 156.940ms
03-18 20:20:01.225 I/HalDevMgr(  829): bestIfaceCreationProposal is null, requestIface=STA, existingIface=[name=wlan0 type=STA]
03-18 20:20:01.568 W/libbinder.BackendUnifiedServiceManager( 9557): Thread Pool max thread count is 0. Cannot cache binder as linkToDeath cannot be implemented. serviceName: package
03-18 20:20:01.728 D/SatelliteController( 1261): iisInCarrierRoamingNbIotNtn: satellite is disabled
03-18 20:20:01.739 D/SatelliteController( 1261): getCarrierRoamingNtnConnectType: Falling back to global carrier config connect type: 0
03-18 20:20:01.807 I/artd    ( 2548): GetBestInfo: odex next to the dex file (/data/app/~~tbG4juFgRU2dCBO6E7tZDA==/com.google.android.gms-6zp80s4nuSDHwMUHbN31DA==/oat/x86_64/base.odex) is kOatUpToDate with filter 'speed-profile' executable 'false'
03-18 20:20:01.813 I/artd    ( 2548): GetBestInfo: odex next to the dex file (/data/app/~~tbG4juFgRU2dCBO6E7tZDA==/com.google.android.gms-6zp80s4nuSDHwMUHbN31DA==/oat/x86_64/split_AdsDynamite_installtime.odex) is kOatUpToDate with filter 'speed' executable 'false'
03-18 20:20:01.816 I/artd    ( 2548): GetBestInfo: odex next to the dex file (/data/app/~~tbG4juFgRU2dCBO6E7tZDA==/com.google.android.gms-6zp80s4nuSDHwMUHbN31DA==/oat/x86_64/split_CronetDynamite_installtime.odex) is kOatUpToDate with filter 'speed' executable 'false'
03-18 20:20:01.822 I/artd    ( 2548): GetBestInfo: odex next to the dex file (/data/app/~~tbG4juFgRU2dCBO6E7tZDA==/com.google.android.gms-6zp80s4nuSDHwMUHbN31DA==/oat/x86_64/split_DynamiteLoader_installtime.odex) is kOatUpToDate with filter 'speed' executable 'false'
03-18 20:20:01.828 I/artd    ( 2548): GetBestInfo: odex next to the dex file (/data/app/~~tbG4juFgRU2dCBO6E7tZDA==/com.google.android.gms-6zp80s4nuSDHwMUHbN31DA==/oat/x86_64/split_DynamiteModulesA_installtime.odex) is kOatUpToDate with filter 'speed' executable 'false'
03-18 20:20:01.831 I/artd    ( 2548): GetBestInfo: odex next to the dex file (/data/app/~~tbG4juFgRU2dCBO6E7tZDA==/com.google.android.gms-6zp80s4nuSDHwMUHbN31DA==/oat/x86_64/split_DynamiteModulesC_installtime.odex) is kOatUpToDate with filter 'speed' executable 'false'
03-18 20:20:01.835 I/artd    ( 2548): GetBestInfo: odex next to the dex file (/data/app/~~tbG4juFgRU2dCBO6E7tZDA==/com.google.android.gms-6zp80s4nuSDHwMUHbN31DA==/oat/x86_64/split_GoogleCertificates_installtime.odex) is kOatUpToDate with filter 'speed' executable 'false'
03-18 20:20:01.844 I/artd    ( 2548): GetBestInfo: odex next to the dex file (/data/app/~~tbG4juFgRU2dCBO6E7tZDA==/com.google.android.gms-6zp80s4nuSDHwMUHbN31DA==/oat/x86_64/split_MapsDynamite_installtime.odex) is kOatUpToDate with filter 'speed' executable 'false'
03-18 20:20:01.851 I/artd    ( 2548): GetBestInfo: odex next to the dex file (/data/app/~~tbG4juFgRU2dCBO6E7tZDA==/com.google.android.gms-6zp80s4nuSDHwMUHbN31DA==/oat/x86_64/split_MeasurementDynamite_installtime.odex) is kOatUpToDate with filter 'speed' executable 'false'
03-18 20:20:01.857 I/artd    ( 2548): GetBestInfo: /data/user_de/0/com.google.android.gms/app_chimera/m/0000000d/dl-MlkitBarcodeUi.optional_253434100800.apk has no usable artifacts
03-18 20:20:01.858 I/artd    ( 2548): GetBestInfo: /data/user_de/0/com.google.android.gms/app_chimera/m/00000001/CronetDynamite.apk has no usable artifacts
03-18 20:20:01.864 I/artd    ( 2548): GetBestInfo: /data/user_de/0/com.google.android.gms/app_chimera/m/00000014/dl-MlkitBarcodeUi.optional_260931100800.apk has no usable artifacts
03-18 20:20:01.868 I/artd    ( 2548): GetBestInfo: /data/user_de/0/com.google.android.gms/app_chimera/m/00000013/dl-Appsearch.optional_260931100800.apk has no usable artifacts
03-18 20:20:01.872 I/artd    ( 2548): GetBestInfo: /data/user_de/0/com.google.android.gms/app_chimera/m/00000002/DynamiteLoader.apk has no usable artifacts
03-18 20:20:01.877 I/artd    ( 2548): GetBestInfo: /data/user_de/0/com.google.android.gms/app_chimera/m/00000005/GoogleCertificates.apk has no usable artifacts
03-18 20:20:01.881 I/artd    ( 2548): GetBestInfo: /data/user_de/0/com.google.android.gms/app_chimera/m/00000009/dl-TfliteDynamiteDynamite.integ_252130102100800.apk has no usable artifacts
03-18 20:20:01.887 I/artd    ( 2548): GetBestInfo: /data/user_de/0/com.google.android.gms/app_chimera/m/00000011/dl-MlkitOcrCommon.optional_260931100800.apk has no usable artifacts
03-18 20:20:01.891 I/artd    ( 2548): GetBestInfo: /data/user_de/0/com.google.android.gms/app_chimera/m/0000000a/dl-MlkitOcrCommon.optional_253434100800.apk has no usable artifacts
03-18 20:20:01.896 I/artd    ( 2548): GetBestInfo: vdex next to the dex file (/data/user/0/com.google.android.gms/app_dg_cache/E893C01D331CD1FBE6F076D28A1BA871F16A1DEC/oat/x86_64/the.vdex) is kOatUpToDate with filter 'verify' executable 'false'
03-18 20:20:01.902 I/artd    ( 2548): GetBestInfo: /data/user_de/0/com.google.android.gms/app_chimera/m/00000012/dl-VisionOcr.optional_260931100000.apk has no usable artifacts
03-18 20:20:01.908 I/artd    ( 2548): GetBestInfo: /data/user_de/0/com.google.android.gms/app_chimera/m/00000008/dl-VisionOcr.optional_253434100000.apk has no usable artifacts
03-18 20:20:01.916 I/artd    ( 2548): GetBestInfo: /data/user_de/0/com.google.android.gms/app_chimera/m/0000000b/dl-Appsearch.optional_253434100800.apk has no usable artifacts
03-18 20:20:01.922 I/artd    ( 2548): GetBestInfo: /data/user_de/0/com.google.android.gms/app_chimera/m/00000007/MeasurementDynamite.apk has no usable artifacts
03-18 20:20:01.928 I/artd    ( 2548): GetBestInfo: /data/user_de/0/com.google.android.gms/app_chimera/m/0000000f/dl-PlayCloudSearch.optional_260931100000.apk has no usable artifacts
03-18 20:20:01.937 I/artd    ( 2548): GetBestInfo: /data/user_de/0/com.google.android.gms/app_chimera/m/0000000e/dl-PlayCloudSearch.optional_253434100000.apk has no usable artifacts
03-18 20:20:04.242 I/HalDevMgr(  829): bestIfaceCreationProposal is null, requestIface=STA, existingIface=[name=wlan0 type=STA]
03-18 20:20:07.254 I/HalDevMgr(  829): bestIfaceCreationProposal is null, requestIface=STA, existingIface=[name=wlan0 type=STA]
03-18 20:20:10.267 I/HalDevMgr(  829): bestIfaceCreationProposal is null, requestIface=STA, existingIface=[name=wlan0 type=STA]
