03-18 20:22:02.365 I/artd    ( 2548): GetBestInfo: /data/user_de/0/com.google.android.gms/app_chimera/m/0000000b/dl-Appsearch.optional_253434100800.apk has no usable artifacts
03-18 20:22:02.368 I/artd    ( 2548): GetBestInfo: /data/user_de/0/com.google.android.gms/app_chimera/m/00000007/MeasurementDynamite.apk has no usable artifacts
03-18 20:22:02.376 I/artd    ( 2548): GetBestInfo: /data/user_de/0/com.google.android.gms/app_chimera/m/0000000f/dl-PlayCloudSearch.optional_260931100000.apk has no usable artifacts
03-18 20:22:02.388 I/artd    ( 2548): GetBestInfo: /data/user_de/0/com.google.android.gms/app_chimera/m/0000000e/dl-PlayCloudSearch.optional_253434100000.apk has no usable artifacts
03-18 20:22:05.108 I/HalDevMgr(  829): bestIfaceCreationProposal is null, requestIface=STA, existingIface=[name=wlan0 type=STA]
03-18 20:22:08.138 I/HalDevMgr(  829): bestIfaceCreationProposal is null, requestIface=STA, existingIface=[name=wlan0 type=STA]
03-18 20:22:11.156 I/HalDevMgr(  829): bestIfaceCreationProposal is null, requestIface=STA, existingIface=[name=wlan0 type=STA]
03-18 20:22:11.756 W/libbinder.BackendUnifiedServiceManager( 9609): Thread Pool max thread count is 0. Cannot cache binder as linkToDeath cannot be implemented. serviceName: package
03-18 20:22:11.768 D/SatelliteController( 1261): iisInCarrierRoamingNbIotNtn: satellite is disabled
03-18 20:22:11.799 D/SatelliteController( 1261): getCarrierRoamingNtnConnectType: Falling back to global carrier config connect type: 0
03-18 20:22:12.123 I/artd    ( 2548): GetBestInfo: odex next to the dex file (/data/app/~~tbG4juFgRU2dCBO6E7tZDA==/com.google.android.gms-6zp80s4nuSDHwMUHbN31DA==/oat/x86_64/base.odex) is kOatUpToDate with filter 'speed-profile' executable 'false'
03-18 20:22:12.138 I/artd    ( 2548): GetBestInfo: odex next to the dex file (/data/app/~~tbG4juFgRU2dCBO6E7tZDA==/com.google.android.gms-6zp80s4nuSDHwMUHbN31DA==/oat/x86_64/split_AdsDynamite_installtime.odex) is kOatUpToDate with filter 'speed' executable 'false'
03-18 20:22:12.143 I/artd    ( 2548): GetBestInfo: odex next to the dex file (/data/app/~~tbG4juFgRU2dCBO6E7tZDA==/com.google.android.gms-6zp80s4nuSDHwMUHbN31DA==/oat/x86_64/split_CronetDynamite_installtime.odex) is kOatUpToDate with filter 'speed' executable 'false'
03-18 20:22:12.153 I/artd    ( 2548): GetBestInfo: odex next to the dex file (/data/app/~~tbG4juFgRU2dCBO6E7tZDA==/com.google.android.gms-6zp80s4nuSDHwMUHbN31DA==/oat/x86_64/split_DynamiteLoader_installtime.odex) is kOatUpToDate with filter 'speed' executable 'false'
03-18 20:22:12.159 I/artd    ( 2548): GetBestInfo: odex next to the dex file (/data/app/~~tbG4juFgRU2dCBO6E7tZDA==/com.google.android.gms-6zp80s4nuSDHwMUHbN31DA==/oat/x86_64/split_DynamiteModulesA_installtime.odex) is kOatUpToDate with filter 'speed' executable 'false'
03-18 20:22:12.172 I/artd    ( 2548): GetBestInfo: odex next to the dex file (/data/app/~~tbG4juFgRU2dCBO6E7tZDA==/com.google.android.gms-6zp80s4nuSDHwMUHbN31DA==/oat/x86_64/split_DynamiteModulesC_installtime.odex) is kOatUpToDate with filter 'speed' executable 'false'
03-18 20:22:12.176 I/artd    ( 2548): GetBestInfo: odex next to the dex file (/data/app/~~tbG4juFgRU2dCBO6E7tZDA==/com.google.android.gms-6zp80s4nuSDHwMUHbN31DA==/oat/x86_64/split_GoogleCertificates_installtime.odex) is kOatUpToDate with filter 'speed' executable 'false'
03-18 20:22:12.185 I/artd    ( 2548): GetBestInfo: odex next to the dex file (/data/app/~~tbG4juFgRU2dCBO6E7tZDA==/com.google.android.gms-6zp80s4nuSDHwMUHbN31DA==/oat/x86_64/split_MapsDynamite_installtime.odex) is kOatUpToDate with filter 'speed' executable 'false'
03-18 20:22:12.192 I/artd    ( 2548): GetBestInfo: odex next to the dex file (/data/app/~~tbG4juFgRU2dCBO6E7tZDA==/com.google.android.gms-6zp80s4nuSDHwMUHbN31DA==/oat/x86_64/split_MeasurementDynamite_installtime.odex) is kOatUpToDate with filter 'speed' executable 'false'
03-18 20:22:12.202 I/artd    ( 2548): GetBestInfo: /data/user_de/0/com.google.android.gms/app_chimera/m/0000000d/dl-MlkitBarcodeUi.optional_253434100800.apk has no usable artifacts
03-18 20:22:12.205 I/artd    ( 2548): GetBestInfo: /data/user_de/0/com.google.android.gms/app_chimera/m/00000001/CronetDynamite.apk has no usable artifacts
03-18 20:22:12.217 I/artd    ( 2548): GetBestInfo: /data/user_de/0/com.google.android.gms/app_chimera/m/00000014/dl-MlkitBarcodeUi.optional_260931100800.apk has no usable artifacts
03-18 20:22:12.230 I/artd    ( 2548): GetBestInfo: /data/user_de/0/com.google.android.gms/app_chimera/m/00000013/dl-Appsearch.optional_260931100800.apk has no usable artifacts
03-18 20:22:12.236 I/artd    ( 2548): GetBestInfo: /data/user_de/0/com.google.android.gms/app_chimera/m/00000002/DynamiteLoader.apk has no usable artifacts
03-18 20:22:12.243 I/artd    ( 2548): GetBestInfo: /data/user_de/0/com.google.android.gms/app_chimera/m/00000005/GoogleCertificates.apk has no usable artifacts
03-18 20:22:12.253 I/artd    ( 2548): GetBestInfo: /data/user_de/0/com.google.android.gms/app_chimera/m/00000009/dl-TfliteDynamiteDynamite.integ_252130102100800.apk has no usable artifacts
03-18 20:22:12.263 I/artd    ( 2548): GetBestInfo: /data/user_de/0/com.google.android.gms/app_chimera/m/00000011/dl-MlkitOcrCommon.optional_260931100800.apk has no usable artifacts
03-18 20:22:12.270 I/artd    ( 2548): GetBestInfo: /data/user_de/0/com.google.android.gms/app_chimera/m/0000000a/dl-MlkitOcrCommon.optional_253434100800.apk has no usable artifacts
03-18 20:22:12.281 I/artd    ( 2548): GetBestInfo: vdex next to the dex file (/data/user/0/com.google.android.gms/app_dg_cache/E893C01D331CD1FBE6F076D28A1BA871F16A1DEC/oat/x86_64/the.vdex) is kOatUpToDate with filter 'verify' executable 'false'
03-18 20:22:12.285 I/artd    ( 2548): GetBestInfo: /data/user_de/0/com.google.android.gms/app_chimera/m/00000012/dl-VisionOcr.optional_260931100000.apk has no usable artifacts
03-18 20:22:12.295 I/artd    ( 2548): GetBestInfo: /data/user_de/0/com.google.android.gms/app_chimera/m/00000008/dl-VisionOcr.optional_253434100000.apk has no usable artifacts
03-18 20:22:12.301 I/artd    ( 2548): GetBestInfo: /data/user_de/0/com.google.android.gms/app_chimera/m/0000000b/dl-Appsearch.optional_253434100800.apk has no usable artifacts
03-18 20:22:12.305 I/artd    ( 2548): GetBestInfo: /data/user_de/0/com.google.android.gms/app_chimera/m/00000007/MeasurementDynamite.apk has no usable artifacts
03-18 20:22:12.317 I/artd    ( 2548): GetBestInfo: /data/user_de/0/com.google.android.gms/app_chimera/m/0000000f/dl-PlayCloudSearch.optional_260931100000.apk has no usable artifacts
03-18 20:22:12.329 I/artd    ( 2548): GetBestInfo: /data/user_de/0/com.google.android.gms/app_chimera/m/0000000e/dl-PlayCloudSearch.optional_253434100000.apk has no usable artifacts
03-18 20:22:14.173 I/HalDevMgr(  829): bestIfaceCreationProposal is null, requestIface=STA, existingIface=[name=wlan0 type=STA]
03-18 20:22:17.193 I/HalDevMgr(  829): bestIfaceCreationProposal is null, requestIface=STA, existingIface=[name=wlan0 type=STA]
03-18 20:22:20.233 I/HalDevMgr(  829): bestIfaceCreationProposal is null, requestIface=STA, existingIface=[name=wlan0 type=STA]
03-18 20:22:21.769 D/SatelliteController( 1261): iisInCarrierRoamingNbIotNtn: satellite is disabled
03-18 20:22:21.770 W/libbinder.BackendUnifiedServiceManager( 9612): Thread Pool max thread count is 0. Cannot cache binder as linkToDeath cannot be implemented. serviceName: package
03-18 20:22:21.789 D/SatelliteController( 1261): getCarrierRoamingNtnConnectType: Falling back to global carrier config connect type: 0
03-18 20:22:22.308 I/artd    ( 2548): GetBestInfo: odex next to the dex file (/data/app/~~tbG4juFgRU2dCBO6E7tZDA==/com.google.android.gms-6zp80s4nuSDHwMUHbN31DA==/oat/x86_64/base.odex) is kOatUpToDate with filter 'speed-profile' executable 'false'
03-18 20:22:22.333 I/artd    ( 2548): GetBestInfo: odex next to the dex file (/data/app/~~tbG4juFgRU2dCBO6E7tZDA==/com.google.android.gms-6zp80s4nuSDHwMUHbN31DA==/oat/x86_64/split_AdsDynamite_installtime.odex) is kOatUpToDate with filter 'speed' executable 'false'
03-18 20:22:22.343 I/artd    ( 2548): GetBestInfo: odex next to the dex file (/data/app/~~tbG4juFgRU2dCBO6E7tZDA==/com.google.android.gms-6zp80s4nuSDHwMUHbN31DA==/oat/x86_64/split_CronetDynamite_installtime.odex) is kOatUpToDate with filter 'speed' executable 'false'
03-18 20:22:22.353 I/artd    ( 2548): GetBestInfo: odex next to the dex file (/data/app/~~tbG4juFgRU2dCBO6E7tZDA==/com.google.android.gms-6zp80s4nuSDHwMUHbN31DA==/oat/x86_64/split_DynamiteLoader_installtime.odex) is kOatUpToDate with filter 'speed' executable 'false'
03-18 20:22:22.369 I/artd    ( 2548): GetBestInfo: odex next to the dex file (/data/app/~~tbG4juFgRU2dCBO6E7tZDA==/com.google.android.gms-6zp80s4nuSDHwMUHbN31DA==/oat/x86_64/split_DynamiteModulesA_installtime.odex) is kOatUpToDate with filter 'speed' executable 'false'
03-18 20:22:22.382 I/artd    ( 2548): GetBestInfo: odex next to the dex file (/data/app/~~tbG4juFgRU2dCBO6E7tZDA==/com.google.android.gms-6zp80s4nuSDHwMUHbN31DA==/oat/x86_64/split_DynamiteModulesC_installtime.odex) is kOatUpToDate with filter 'speed' executable 'false'
03-18 20:22:22.389 I/artd    ( 2548): GetBestInfo: odex next to the dex file (/data/app/~~tbG4juFgRU2dCBO6E7tZDA==/com.google.android.gms-6zp80s4nuSDHwMUHbN31DA==/oat/x86_64/split_GoogleCertificates_installtime.odex) is kOatUpToDate with filter 'speed' executable 'false'
03-18 20:22:22.403 I/artd    ( 2548): GetBestInfo: odex next to the dex file (/data/app/~~tbG4juFgRU2dCBO6E7tZDA==/com.google.android.gms-6zp80s4nuSDHwMUHbN31DA==/oat/x86_64/split_MapsDynamite_installtime.odex) is kOatUpToDate with filter 'speed' executable 'false'
03-18 20:22:22.413 I/artd    ( 2548): GetBestInfo: odex next to the dex file (/data/app/~~tbG4juFgRU2dCBO6E7tZDA==/com.google.android.gms-6zp80s4nuSDHwMUHbN31DA==/oat/x86_64/split_MeasurementDynamite_installtime.odex) is kOatUpToDate with filter 'speed' executable 'false'
03-18 20:22:22.423 I/artd    ( 2548): GetBestInfo: /data/user_de/0/com.google.android.gms/app_chimera/m/0000000d/dl-MlkitBarcodeUi.optional_253434100800.apk has no usable artifacts
03-18 20:22:22.430 I/artd    ( 2548): GetBestInfo: /data/user_de/0/com.google.android.gms/app_chimera/m/00000001/CronetDynamite.apk has no usable artifacts
03-18 20:22:22.445 I/artd    ( 2548): GetBestInfo: /data/user_de/0/com.google.android.gms/app_chimera/m/00000014/dl-MlkitBarcodeUi.optional_260931100800.apk has no usable artifacts
03-18 20:22:22.445 I/system_server(  829): Background young concurrent mark compact GC freed 24MB AllocSpace bytes, 6(120KB) LOS objects, 42% free, 32MB/56MB, paused 20.307ms,10.012ms total 285.560ms
03-18 20:22:22.456 I/artd    ( 2548): GetBestInfo: /data/user_de/0/com.google.android.gms/app_chimera/m/00000013/dl-Appsearch.optional_260931100800.apk has no usable artifacts
03-18 20:22:22.465 I/artd    ( 2548): GetBestInfo: /data/user_de/0/com.google.android.gms/app_chimera/m/00000002/DynamiteLoader.apk has no usable artifacts
03-18 20:22:22.471 I/artd    ( 2548): GetBestInfo: /data/user_de/0/com.google.android.gms/app_chimera/m/00000005/GoogleCertificates.apk has no usable artifacts
03-18 20:22:22.479 I/artd    ( 2548): GetBestInfo: /data/user_de/0/com.google.android.gms/app_chimera/m/00000009/dl-TfliteDynamiteDynamite.integ_252130102100800.apk has no usable artifacts
03-18 20:22:22.496 I/artd    ( 2548): GetBestInfo: /data/user_de/0/com.google.android.gms/app_chimera/m/00000011/dl-MlkitOcrCommon.optional_260931100800.apk has no usable artifacts
03-18 20:22:22.509 I/artd    ( 2548): GetBestInfo: /data/user_de/0/com.google.android.gms/app_chimera/m/0000000a/dl-MlkitOcrCommon.optional_253434100800.apk has no usable artifacts
03-18 20:22:22.517 I/artd    ( 2548): GetBestInfo: vdex next to the dex file (/data/user/0/com.google.android.gms/app_dg_cache/E893C01D331CD1FBE6F076D28A1BA871F16A1DEC/oat/x86_64/the.vdex) is kOatUpToDate with filter 'verify' executable 'false'
03-18 20:22:22.524 I/artd    ( 2548): GetBestInfo: /data/user_de/0/com.google.android.gms/app_chimera/m/00000012/dl-VisionOcr.optional_260931100000.apk has no usable artifacts
03-18 20:22:22.534 I/artd    ( 2548): GetBestInfo: /data/user_de/0/com.google.android.gms/app_chimera/m/00000008/dl-VisionOcr.optional_253434100000.apk has no usable artifacts
03-18 20:22:22.541 I/artd    ( 2548): GetBestInfo: /data/user_de/0/com.google.android.gms/app_chimera/m/0000000b/dl-Appsearch.optional_253434100800.apk has no usable artifacts
03-18 20:22:22.551 I/artd    ( 2548): GetBestInfo: /data/user_de/0/com.google.android.gms/app_chimera/m/00000007/MeasurementDynamite.apk has no usable artifacts
03-18 20:22:22.556 I/artd    ( 2548): GetBestInfo: /data/user_de/0/com.google.android.gms/app_chimera/m/0000000f/dl-PlayCloudSearch.optional_260931100000.apk has no usable artifacts
03-18 20:22:22.567 I/artd    ( 2548): GetBestInfo: /data/user_de/0/com.google.android.gms/app_chimera/m/0000000e/dl-PlayCloudSearch.optional_253434100000.apk has no usable artifacts
03-18 20:22:23.263 I/HalDevMgr(  829): bestIfaceCreationProposal is null, requestIface=STA, existingIface=[name=wlan0 type=STA]
03-18 20:22:26.297 I/HalDevMgr(  829): bestIfaceCreationProposal is null, requestIface=STA, existingIface=[name=wlan0 type=STA]
03-18 20:22:29.309 I/HalDevMgr(  829): bestIfaceCreationProposal is null, requestIface=STA, existingIface=[name=wlan0 type=STA]
03-18 20:22:31.629 W/libbinder.BackendUnifiedServiceManager( 9616): Thread Pool max thread count is 0. Cannot cache binder as linkToDeath cannot be implemented. serviceName: package
03-18 20:22:31.751 I/artd    ( 2548): GetBestInfo: odex next to the dex file (/data/app/~~tbG4juFgRU2dCBO6E7tZDA==/com.google.android.gms-6zp80s4nuSDHwMUHbN31DA==/oat/x86_64/base.odex) is kOatUpToDate with filter 'speed-profile' executable 'false'
03-18 20:22:31.754 I/artd    ( 2548): GetBestInfo: odex next to the dex file (/data/app/~~tbG4juFgRU2dCBO6E7tZDA==/com.google.android.gms-6zp80s4nuSDHwMUHbN31DA==/oat/x86_64/split_AdsDynamite_installtime.odex) is kOatUpToDate with filter 'speed' executable 'false'
03-18 20:22:31.758 I/artd    ( 2548): GetBestInfo: odex next to the dex file (/data/app/~~tbG4juFgRU2dCBO6E7tZDA==/com.google.android.gms-6zp80s4nuSDHwMUHbN31DA==/oat/x86_64/split_CronetDynamite_installtime.odex) is kOatUpToDate with filter 'speed' executable 'false'
03-18 20:22:31.760 I/artd    ( 2548): GetBestInfo: odex next to the dex file (/data/app/~~tbG4juFgRU2dCBO6E7tZDA==/com.google.android.gms-6zp80s4nuSDHwMUHbN31DA==/oat/x86_64/split_DynamiteLoader_installtime.odex) is kOatUpToDate with filter 'speed' executable 'false'
03-18 20:22:31.762 D/SatelliteController( 1261): iisInCarrierRoamingNbIotNtn: satellite is disabled
03-18 20:22:31.762 D/SatelliteController( 1261): getCarrierRoamingNtnConnectType: Falling back to global carrier config connect type: 0
03-18 20:22:31.763 I/artd    ( 2548): GetBestInfo: odex next to the dex file (/data/app/~~tbG4juFgRU2dCBO6E7tZDA==/com.google.android.gms-6zp80s4nuSDHwMUHbN31DA==/oat/x86_64/split_DynamiteModulesA_installtime.odex) is kOatUpToDate with filter 'speed' executable 'false'
03-18 20:22:31.764 I/artd    ( 2548): GetBestInfo: odex next to the dex file (/data/app/~~tbG4juFgRU2dCBO6E7tZDA==/com.google.android.gms-6zp80s4nuSDHwMUHbN31DA==/oat/x86_64/split_DynamiteModulesC_installtime.odex) is kOatUpToDate with filter 'speed' executable 'false'
03-18 20:22:31.780 I/artd    ( 2548): GetBestInfo: odex next to the dex file (/data/app/~~tbG4juFgRU2dCBO6E7tZDA==/com.google.android.gms-6zp80s4nuSDHwMUHbN31DA==/oat/x86_64/split_GoogleCertificates_installtime.odex) is kOatUpToDate with filter 'speed' executable 'false'
03-18 20:22:31.784 I/artd    ( 2548): GetBestInfo: odex next to the dex file (/data/app/~~tbG4juFgRU2dCBO6E7tZDA==/com.google.android.gms-6zp80s4nuSDHwMUHbN31DA==/oat/x86_64/split_MapsDynamite_installtime.odex) is kOatUpToDate with filter 'speed' executable 'false'
03-18 20:22:31.786 I/artd    ( 2548): GetBestInfo: odex next to the dex file (/data/app/~~tbG4juFgRU2dCBO6E7tZDA==/com.google.android.gms-6zp80s4nuSDHwMUHbN31DA==/oat/x86_64/split_MeasurementDynamite_installtime.odex) is kOatUpToDate with filter 'speed' executable 'false'
03-18 20:22:31.789 I/artd    ( 2548): GetBestInfo: /data/user_de/0/com.google.android.gms/app_chimera/m/0000000d/dl-MlkitBarcodeUi.optional_253434100800.apk has no usable artifacts
03-18 20:22:31.790 I/artd    ( 2548): GetBestInfo: /data/user_de/0/com.google.android.gms/app_chimera/m/00000001/CronetDynamite.apk has no usable artifacts
03-18 20:22:31.792 I/artd    ( 2548): GetBestInfo: /data/user_de/0/com.google.android.gms/app_chimera/m/00000014/dl-MlkitBarcodeUi.optional_260931100800.apk has no usable artifacts
03-18 20:22:31.794 I/artd    ( 2548): GetBestInfo: /data/user_de/0/com.google.android.gms/app_chimera/m/00000013/dl-Appsearch.optional_260931100800.apk has no usable artifacts
03-18 20:22:31.795 I/artd    ( 2548): GetBestInfo: /data/user_de/0/com.google.android.gms/app_chimera/m/00000002/DynamiteLoader.apk has no usable artifacts
03-18 20:22:31.797 I/artd    ( 2548): GetBestInfo: /data/user_de/0/com.google.android.gms/app_chimera/m/00000005/GoogleCertificates.apk has no usable artifacts
03-18 20:22:31.799 I/artd    ( 2548): GetBestInfo: /data/user_de/0/com.google.android.gms/app_chimera/m/00000009/dl-TfliteDynamiteDynamite.integ_252130102100800.apk has no usable artifacts
03-18 20:22:31.802 I/artd    ( 2548): GetBestInfo: /data/user_de/0/com.google.android.gms/app_chimera/m/00000011/dl-MlkitOcrCommon.optional_260931100800.apk has no usable artifacts
03-18 20:22:31.805 I/artd    ( 2548): GetBestInfo: /data/user_de/0/com.google.android.gms/app_chimera/m/0000000a/dl-MlkitOcrCommon.optional_253434100800.apk has no usable artifacts
03-18 20:22:31.807 I/artd    ( 2548): GetBestInfo: vdex next to the dex file (/data/user/0/com.google.android.gms/app_dg_cache/E893C01D331CD1FBE6F076D28A1BA871F16A1DEC/oat/x86_64/the.vdex) is kOatUpToDate with filter 'verify' executable 'false'
03-18 20:22:31.810 I/artd    ( 2548): GetBestInfo: /data/user_de/0/com.google.android.gms/app_chimera/m/00000012/dl-VisionOcr.optional_260931100000.apk has no usable artifacts
03-18 20:22:31.814 I/artd    ( 2548): GetBestInfo: /data/user_de/0/com.google.android.gms/app_chimera/m/00000008/dl-VisionOcr.optional_253434100000.apk has no usable artifacts
03-18 20:22:31.817 I/artd    ( 2548): GetBestInfo: /data/user_de/0/com.google.android.gms/app_chimera/m/0000000b/dl-Appsearch.optional_253434100800.apk has no usable artifacts
03-18 20:22:31.820 I/artd    ( 2548): GetBestInfo: /data/user_de/0/com.google.android.gms/app_chimera/m/00000007/MeasurementDynamite.apk has no usable artifacts
03-18 20:22:31.822 I/artd    ( 2548): GetBestInfo: /data/user_de/0/com.google.android.gms/app_chimera/m/0000000f/dl-PlayCloudSearch.optional_260931100000.apk has no usable artifacts
03-18 20:22:31.825 I/artd    ( 2548): GetBestInfo: /data/user_de/0/com.google.android.gms/app_chimera/m/0000000e/dl-PlayCloudSearch.optional_253434100000.apk has no usable artifacts
03-18 20:22:32.319 I/HalDevMgr(  829): bestIfaceCreationProposal is null, requestIface=STA, existingIface=[name=wlan0 type=STA]
03-18 20:22:35.349 I/HalDevMgr(  829): bestIfaceCreationProposal is null, requestIface=STA, existingIface=[name=wlan0 type=STA]
03-18 20:22:38.358 I/HalDevMgr(  829): bestIfaceCreationProposal is null, requestIface=STA, existingIface=[name=wlan0 type=STA]
03-18 20:22:39.863 D/WifiNl80211Manager(  829): Scan result ready event
03-18 20:22:39.863 D/WifiNative(  829): Scan result ready event
03-18 20:22:39.865 I/WifiScanner( 1452): onFullResults
03-18 20:22:39.877 I/WifiScanner( 1452): onFullResults
03-18 20:22:39.884 I/HalDevMgr(  829): bestIfaceCreationProposal is null, requestIface=STA, existingIface=[name=wlan0 type=STA]
03-18 20:22:41.385 I/HalDevMgr(  829): bestIfaceCreationProposal is null, requestIface=STA, existingIface=[name=wlan0 type=STA]
03-18 20:22:41.643 W/libbinder.BackendUnifiedServiceManager( 9619): Thread Pool max thread count is 0. Cannot cache binder as linkToDeath cannot be implemented. serviceName: package
03-18 20:22:41.761 D/SatelliteController( 1261): iisInCarrierRoamingNbIotNtn: satellite is disabled
03-18 20:22:41.763 D/SatelliteController( 1261): getCarrierRoamingNtnConnectType: Falling back to global carrier config connect type: 0
03-18 20:22:41.779 I/artd    ( 2548): GetBestInfo: odex next to the dex file (/data/app/~~tbG4juFgRU2dCBO6E7tZDA==/com.google.android.gms-6zp80s4nuSDHwMUHbN31DA==/oat/x86_64/base.odex) is kOatUpToDate with filter 'speed-profile' executable 'false'
03-18 20:22:41.783 I/artd    ( 2548): GetBestInfo: odex next to the dex file (/data/app/~~tbG4juFgRU2dCBO6E7tZDA==/com.google.android.gms-6zp80s4nuSDHwMUHbN31DA==/oat/x86_64/split_AdsDynamite_installtime.odex) is kOatUpToDate with filter 'speed' executable 'false'
03-18 20:22:41.786 I/artd    ( 2548): GetBestInfo: odex next to the dex file (/data/app/~~tbG4juFgRU2dCBO6E7tZDA==/com.google.android.gms-6zp80s4nuSDHwMUHbN31DA==/oat/x86_64/split_CronetDynamite_installtime.odex) is kOatUpToDate with filter 'speed' executable 'false'
03-18 20:22:41.788 I/artd    ( 2548): GetBestInfo: odex next to the dex file (/data/app/~~tbG4juFgRU2dCBO6E7tZDA==/com.google.android.gms-6zp80s4nuSDHwMUHbN31DA==/oat/x86_64/split_DynamiteLoader_installtime.odex) is kOatUpToDate with filter 'speed' executable 'false'
03-18 20:22:41.789 I/artd    ( 2548): GetBestInfo: odex next to the dex file (/data/app/~~tbG4juFgRU2dCBO6E7tZDA==/com.google.android.gms-6zp80s4nuSDHwMUHbN31DA==/oat/x86_64/split_DynamiteModulesA_installtime.odex) is kOatUpToDate with filter 'speed' executable 'false'
03-18 20:22:41.793 I/artd    ( 2548): GetBestInfo: odex next to the dex file (/data/app/~~tbG4juFgRU2dCBO6E7tZDA==/com.google.android.gms-6zp80s4nuSDHwMUHbN31DA==/oat/x86_64/split_DynamiteModulesC_installtime.odex) is kOatUpToDate with filter 'speed' executable 'false'
03-18 20:22:41.795 I/artd    ( 2548): GetBestInfo: odex next to the dex file (/data/app/~~tbG4juFgRU2dCBO6E7tZDA==/com.google.android.gms-6zp80s4nuSDHwMUHbN31DA==/oat/x86_64/split_GoogleCertificates_installtime.odex) is kOatUpToDate with filter 'speed' executable 'false'
03-18 20:22:41.798 I/artd    ( 2548): GetBestInfo: odex next to the dex file (/data/app/~~tbG4juFgRU2dCBO6E7tZDA==/com.google.android.gms-6zp80s4nuSDHwMUHbN31DA==/oat/x86_64/split_MapsDynamite_installtime.odex) is kOatUpToDate with filter 'speed' executable 'false'
03-18 20:22:41.800 I/artd    ( 2548): GetBestInfo: odex next to the dex file (/data/app/~~tbG4juFgRU2dCBO6E7tZDA==/com.google.android.gms-6zp80s4nuSDHwMUHbN31DA==/oat/x86_64/split_MeasurementDynamite_installtime.odex) is kOatUpToDate with filter 'speed' executable 'false'
03-18 20:22:41.802 I/artd    ( 2548): GetBestInfo: /data/user_de/0/com.google.android.gms/app_chimera/m/0000000d/dl-MlkitBarcodeUi.optional_253434100800.apk has no usable artifacts
03-18 20:22:41.803 I/artd    ( 2548): GetBestInfo: /data/user_de/0/com.google.android.gms/app_chimera/m/00000001/CronetDynamite.apk has no usable artifacts
03-18 20:22:41.804 I/artd    ( 2548): GetBestInfo: /data/user_de/0/com.google.android.gms/app_chimera/m/00000014/dl-MlkitBarcodeUi.optional_260931100800.apk has no usable artifacts
03-18 20:22:41.806 I/artd    ( 2548): GetBestInfo: /data/user_de/0/com.google.android.gms/app_chimera/m/00000013/dl-Appsearch.optional_260931100800.apk has no usable artifacts
03-18 20:22:41.818 I/artd    ( 2548): GetBestInfo: /data/user_de/0/com.google.android.gms/app_chimera/m/00000002/DynamiteLoader.apk has no usable artifacts
03-18 20:22:41.821 I/artd    ( 2548): GetBestInfo: /data/user_de/0/com.google.android.gms/app_chimera/m/00000005/GoogleCertificates.apk has no usable artifacts
03-18 20:22:41.822 I/artd    ( 2548): GetBestInfo: /data/user_de/0/com.google.android.gms/app_chimera/m/00000009/dl-TfliteDynamiteDynamite.integ_252130102100800.apk has no usable artifacts
03-18 20:22:41.830 I/artd    ( 2548): GetBestInfo: /data/user_de/0/com.google.android.gms/app_chimera/m/00000011/dl-MlkitOcrCommon.optional_260931100800.apk has no usable artifacts
03-18 20:22:41.832 I/artd    ( 2548): GetBestInfo: /data/user_de/0/com.google.android.gms/app_chimera/m/0000000a/dl-MlkitOcrCommon.optional_253434100800.apk has no usable artifacts
03-18 20:22:41.834 I/artd    ( 2548): GetBestInfo: vdex next to the dex file (/data/user/0/com.google.android.gms/app_dg_cache/E893C01D331CD1FBE6F076D28A1BA871F16A1DEC/oat/x86_64/the.vdex) is kOatUpToDate with filter 'verify' executable 'false'
03-18 20:22:41.836 I/artd    ( 2548): GetBestInfo: /data/user_de/0/com.google.android.gms/app_chimera/m/00000012/dl-VisionOcr.optional_260931100000.apk has no usable artifacts
03-18 20:22:41.838 I/artd    ( 2548): GetBestInfo: /data/user_de/0/com.google.android.gms/app_chimera/m/00000008/dl-VisionOcr.optional_253434100000.apk has no usable artifacts
03-18 20:22:41.840 I/artd    ( 2548): GetBestInfo: /data/user_de/0/com.google.android.gms/app_chimera/m/0000000b/dl-Appsearch.optional_253434100800.apk has no usable artifacts
03-18 20:22:41.843 I/artd    ( 2548): GetBestInfo: /data/user_de/0/com.google.android.gms/app_chimera/m/00000007/MeasurementDynamite.apk has no usable artifacts
03-18 20:22:41.845 I/artd    ( 2548): GetBestInfo: /data/user_de/0/com.google.android.gms/app_chimera/m/0000000f/dl-PlayCloudSearch.optional_260931100000.apk has no usable artifacts
03-18 20:22:41.847 I/artd    ( 2548): GetBestInfo: /data/user_de/0/com.google.android.gms/app_chimera/m/0000000e/dl-PlayCloudSearch.optional_253434100000.apk has no usable artifacts
03-18 20:22:44.395 I/HalDevMgr(  829): bestIfaceCreationProposal is null, requestIface=STA, existingIface=[name=wlan0 type=STA]
03-18 20:22:47.408 I/HalDevMgr(  829): bestIfaceCreationProposal is null, requestIface=STA, existingIface=[name=wlan0 type=STA]
03-18 20:22:50.419 I/HalDevMgr(  829): bestIfaceCreationProposal is null, requestIface=STA, existingIface=[name=wlan0 type=STA]
03-18 20:22:51.686 W/libbinder.BackendUnifiedServiceManager( 9622): Thread Pool max thread count is 0. Cannot cache binder as linkToDeath cannot be implemented. serviceName: package
03-18 20:22:51.768 I/artd    ( 2548): GetBestInfo: odex next to the dex file (/data/app/~~tbG4juFgRU2dCBO6E7tZDA==/com.google.android.gms-6zp80s4nuSDHwMUHbN31DA==/oat/x86_64/base.odex) is kOatUpToDate with filter 'speed-profile' executable 'false'
03-18 20:22:51.772 D/SatelliteController( 1261): iisInCarrierRoamingNbIotNtn: satellite is disabled
03-18 20:22:51.774 D/SatelliteController( 1261): getCarrierRoamingNtnConnectType: Falling back to global carrier config connect type: 0
03-18 20:22:51.775 I/artd    ( 2548): GetBestInfo: odex next to the dex file (/data/app/~~tbG4juFgRU2dCBO6E7tZDA==/com.google.android.gms-6zp80s4nuSDHwMUHbN31DA==/oat/x86_64/split_AdsDynamite_installtime.odex) is kOatUpToDate with filter 'speed' executable 'false'
03-18 20:22:51.777 I/artd    ( 2548): GetBestInfo: odex next to the dex file (/data/app/~~tbG4juFgRU2dCBO6E7tZDA==/com.google.android.gms-6zp80s4nuSDHwMUHbN31DA==/oat/x86_64/split_CronetDynamite_installtime.odex) is kOatUpToDate with filter 'speed' executable 'false'
03-18 20:22:51.780 I/artd    ( 2548): GetBestInfo: odex next to the dex file (/data/app/~~tbG4juFgRU2dCBO6E7tZDA==/com.google.android.gms-6zp80s4nuSDHwMUHbN31DA==/oat/x86_64/split_DynamiteLoader_installtime.odex) is kOatUpToDate with filter 'speed' executable 'false'
03-18 20:22:51.784 I/artd    ( 2548): GetBestInfo: odex next to the dex file (/data/app/~~tbG4juFgRU2dCBO6E7tZDA==/com.google.android.gms-6zp80s4nuSDHwMUHbN31DA==/oat/x86_64/split_DynamiteModulesA_installtime.odex) is kOatUpToDate with filter 'speed' executable 'false'
03-18 20:22:51.786 I/artd    ( 2548): GetBestInfo: odex next to the dex file (/data/app/~~tbG4juFgRU2dCBO6E7tZDA==/com.google.android.gms-6zp80s4nuSDHwMUHbN31DA==/oat/x86_64/split_DynamiteModulesC_installtime.odex) is kOatUpToDate with filter 'speed' executable 'false'
03-18 20:22:51.789 I/artd    ( 2548): GetBestInfo: odex next to the dex file (/data/app/~~tbG4juFgRU2dCBO6E7tZDA==/com.google.android.gms-6zp80s4nuSDHwMUHbN31DA==/oat/x86_64/split_GoogleCertificates_installtime.odex) is kOatUpToDate with filter 'speed' executable 'false'
03-18 20:22:51.792 I/artd    ( 2548): GetBestInfo: odex next to the dex file (/data/app/~~tbG4juFgRU2dCBO6E7tZDA==/com.google.android.gms-6zp80s4nuSDHwMUHbN31DA==/oat/x86_64/split_MapsDynamite_installtime.odex) is kOatUpToDate with filter 'speed' executable 'false'
03-18 20:22:51.795 I/artd    ( 2548): GetBestInfo: odex next to the dex file (/data/app/~~tbG4juFgRU2dCBO6E7tZDA==/com.google.android.gms-6zp80s4nuSDHwMUHbN31DA==/oat/x86_64/split_MeasurementDynamite_installtime.odex) is kOatUpToDate with filter 'speed' executable 'false'
03-18 20:22:51.797 I/artd    ( 2548): GetBestInfo: /data/user_de/0/com.google.android.gms/app_chimera/m/0000000d/dl-MlkitBarcodeUi.optional_253434100800.apk has no usable artifacts
03-18 20:22:51.798 I/artd    ( 2548): GetBestInfo: /data/user_de/0/com.google.android.gms/app_chimera/m/00000001/CronetDynamite.apk has no usable artifacts
03-18 20:22:51.799 I/artd    ( 2548): GetBestInfo: /data/user_de/0/com.google.android.gms/app_chimera/m/00000014/dl-MlkitBarcodeUi.optional_260931100800.apk has no usable artifacts
03-18 20:22:51.802 I/artd    ( 2548): GetBestInfo: /data/user_de/0/com.google.android.gms/app_chimera/m/00000013/dl-Appsearch.optional_260931100800.apk has no usable artifacts
03-18 20:22:51.803 I/artd    ( 2548): GetBestInfo: /data/user_de/0/com.google.android.gms/app_chimera/m/00000002/DynamiteLoader.apk has no usable artifacts
03-18 20:22:51.805 I/artd    ( 2548): GetBestInfo: /data/user_de/0/com.google.android.gms/app_chimera/m/00000005/GoogleCertificates.apk has no usable artifacts
03-18 20:22:51.808 I/artd    ( 2548): GetBestInfo: /data/user_de/0/com.google.android.gms/app_chimera/m/00000009/dl-TfliteDynamiteDynamite.integ_252130102100800.apk has no usable artifacts
03-18 20:22:51.811 I/artd    ( 2548): GetBestInfo: /data/user_de/0/com.google.android.gms/app_chimera/m/00000011/dl-MlkitOcrCommon.optional_260931100800.apk has no usable artifacts
03-18 20:22:51.815 I/artd    ( 2548): GetBestInfo: /data/user_de/0/com.google.android.gms/app_chimera/m/0000000a/dl-MlkitOcrCommon.optional_253434100800.apk has no usable artifacts
03-18 20:22:51.819 I/artd    ( 2548): GetBestInfo: vdex next to the dex file (/data/user/0/com.google.android.gms/app_dg_cache/E893C01D331CD1FBE6F076D28A1BA871F16A1DEC/oat/x86_64/the.vdex) is kOatUpToDate with filter 'verify' executable 'false'
03-18 20:22:51.821 I/artd    ( 2548): GetBestInfo: /data/user_de/0/com.google.android.gms/app_chimera/m/00000012/dl-VisionOcr.optional_260931100000.apk has no usable artifacts
03-18 20:22:51.824 I/artd    ( 2548): GetBestInfo: /data/user_de/0/com.google.android.gms/app_chimera/m/00000008/dl-VisionOcr.optional_253434100000.apk has no usable artifacts
03-18 20:22:51.828 I/artd    ( 2548): GetBestInfo: /data/user_de/0/com.google.android.gms/app_chimera/m/0000000b/dl-Appsearch.optional_253434100800.apk has no usable artifacts
03-18 20:22:51.830 I/artd    ( 2548): GetBestInfo: /data/user_de/0/com.google.android.gms/app_chimera/m/00000007/MeasurementDynamite.apk has no usable artifacts
03-18 20:22:51.831 I/artd    ( 2548): GetBestInfo: /data/user_de/0/com.google.android.gms/app_chimera/m/0000000f/dl-PlayCloudSearch.optional_260931100000.apk has no usable artifacts
03-18 20:22:51.834 I/artd    ( 2548): GetBestInfo: /data/user_de/0/com.google.android.gms/app_chimera/m/0000000e/dl-PlayCloudSearch.optional_253434100000.apk has no usable artifacts
03-18 20:22:53.426 I/HalDevMgr(  829): bestIfaceCreationProposal is null, requestIface=STA, existingIface=[name=wlan0 type=STA]
03-18 20:22:56.437 I/HalDevMgr(  829): bestIfaceCreationProposal is null, requestIface=STA, existingIface=[name=wlan0 type=STA]
03-18 20:22:59.494 I/HalDevMgr(  829): bestIfaceCreationProposal is null, requestIface=STA, existingIface=[name=wlan0 type=STA]
03-18 20:23:01.652 W/libbinder.BackendUnifiedServiceManager( 9625): Thread Pool max thread count is 0. Cannot cache binder as linkToDeath cannot be implemented. serviceName: package
03-18 20:23:01.772 D/SatelliteController( 1261): iisInCarrierRoamingNbIotNtn: satellite is disabled
03-18 20:23:01.773 D/SatelliteController( 1261): getCarrierRoamingNtnConnectType: Falling back to global carrier config connect type: 0
03-18 20:23:01.903 I/artd    ( 2548): GetBestInfo: odex next to the dex file (/data/app/~~tbG4juFgRU2dCBO6E7tZDA==/com.google.android.gms-6zp80s4nuSDHwMUHbN31DA==/oat/x86_64/base.odex) is kOatUpToDate with filter 'speed-profile' executable 'false'
03-18 20:23:01.909 I/artd    ( 2548): GetBestInfo: odex next to the dex file (/data/app/~~tbG4juFgRU2dCBO6E7tZDA==/com.google.android.gms-6zp80s4nuSDHwMUHbN31DA==/oat/x86_64/split_AdsDynamite_installtime.odex) is kOatUpToDate with filter 'speed' executable 'false'
03-18 20:23:01.912 I/artd    ( 2548): GetBestInfo: odex next to the dex file (/data/app/~~tbG4juFgRU2dCBO6E7tZDA==/com.google.android.gms-6zp80s4nuSDHwMUHbN31DA==/oat/x86_64/split_CronetDynamite_installtime.odex) is kOatUpToDate with filter 'speed' executable 'false'
03-18 20:23:01.918 I/artd    ( 2548): GetBestInfo: odex next to the dex file (/data/app/~~tbG4juFgRU2dCBO6E7tZDA==/com.google.android.gms-6zp80s4nuSDHwMUHbN31DA==/oat/x86_64/split_DynamiteLoader_installtime.odex) is kOatUpToDate with filter 'speed' executable 'false'
03-18 20:23:01.920 I/artd    ( 2548): GetBestInfo: odex next to the dex file (/data/app/~~tbG4juFgRU2dCBO6E7tZDA==/com.google.android.gms-6zp80s4nuSDHwMUHbN31DA==/oat/x86_64/split_DynamiteModulesA_installtime.odex) is kOatUpToDate with filter 'speed' executable 'false'
03-18 20:23:01.926 I/artd    ( 2548): GetBestInfo: odex next to the dex file (/data/app/~~tbG4juFgRU2dCBO6E7tZDA==/com.google.android.gms-6zp80s4nuSDHwMUHbN31DA==/oat/x86_64/split_DynamiteModulesC_installtime.odex) is kOatUpToDate with filter 'speed' executable 'false'
03-18 20:23:01.929 I/artd    ( 2548): GetBestInfo: odex next to the dex file (/data/app/~~tbG4juFgRU2dCBO6E7tZDA==/com.google.android.gms-6zp80s4nuSDHwMUHbN31DA==/oat/x86_64/split_GoogleCertificates_installtime.odex) is kOatUpToDate with filter 'speed' executable 'false'
03-18 20:23:01.932 I/artd    ( 2548): GetBestInfo: odex next to the dex file (/data/app/~~tbG4juFgRU2dCBO6E7tZDA==/com.google.android.gms-6zp80s4nuSDHwMUHbN31DA==/oat/x86_64/split_MapsDynamite_installtime.odex) is kOatUpToDate with filter 'speed' executable 'false'
03-18 20:23:01.939 I/artd    ( 2548): GetBestInfo: odex next to the dex file (/data/app/~~tbG4juFgRU2dCBO6E7tZDA==/com.google.android.gms-6zp80s4nuSDHwMUHbN31DA==/oat/x86_64/split_MeasurementDynamite_installtime.odex) is kOatUpToDate with filter 'speed' executable 'false'
03-18 20:23:01.941 I/artd    ( 2548): GetBestInfo: /data/user_de/0/com.google.android.gms/app_chimera/m/0000000d/dl-MlkitBarcodeUi.optional_253434100800.apk has no usable artifacts
03-18 20:23:01.946 I/artd    ( 2548): GetBestInfo: /data/user_de/0/com.google.android.gms/app_chimera/m/00000001/CronetDynamite.apk has no usable artifacts
03-18 20:23:01.949 I/artd    ( 2548): GetBestInfo: /data/user_de/0/com.google.android.gms/app_chimera/m/00000014/dl-MlkitBarcodeUi.optional_260931100800.apk has no usable artifacts
03-18 20:23:01.953 I/artd    ( 2548): GetBestInfo: /data/user_de/0/com.google.android.gms/app_chimera/m/00000013/dl-Appsearch.optional_260931100800.apk has no usable artifacts
03-18 20:23:01.955 I/artd    ( 2548): GetBestInfo: /data/user_de/0/com.google.android.gms/app_chimera/m/00000002/DynamiteLoader.apk has no usable artifacts
03-18 20:23:01.959 I/artd    ( 2548): GetBestInfo: /data/user_de/0/com.google.android.gms/app_chimera/m/00000005/GoogleCertificates.apk has no usable artifacts
03-18 20:23:01.964 I/artd    ( 2548): GetBestInfo: /data/user_de/0/com.google.android.gms/app_chimera/m/00000009/dl-TfliteDynamiteDynamite.integ_252130102100800.apk has no usable artifacts
03-18 20:23:01.965 I/artd    ( 2548): GetBestInfo: /data/user_de/0/com.google.android.gms/app_chimera/m/00000011/dl-MlkitOcrCommon.optional_260931100800.apk has no usable artifacts
03-18 20:23:01.971 I/artd    ( 2548): GetBestInfo: /data/user_de/0/com.google.android.gms/app_chimera/m/0000000a/dl-MlkitOcrCommon.optional_253434100800.apk has no usable artifacts
03-18 20:23:01.975 I/artd    ( 2548): GetBestInfo: vdex next to the dex file (/data/user/0/com.google.android.gms/app_dg_cache/E893C01D331CD1FBE6F076D28A1BA871F16A1DEC/oat/x86_64/the.vdex) is kOatUpToDate with filter 'verify' executable 'false'
03-18 20:23:01.980 I/artd    ( 2548): GetBestInfo: /data/user_de/0/com.google.android.gms/app_chimera/m/00000012/dl-VisionOcr.optional_260931100000.apk has no usable artifacts
03-18 20:23:01.988 I/artd    ( 2548): GetBestInfo: /data/user_de/0/com.google.android.gms/app_chimera/m/00000008/dl-VisionOcr.optional_253434100000.apk has no usable artifacts
03-18 20:23:01.992 I/artd    ( 2548): GetBestInfo: /data/user_de/0/com.google.android.gms/app_chimera/m/0000000b/dl-Appsearch.optional_253434100800.apk has no usable artifacts
03-18 20:23:01.996 I/artd    ( 2548): GetBestInfo: /data/user_de/0/com.google.android.gms/app_chimera/m/00000007/MeasurementDynamite.apk has no usable artifacts
03-18 20:23:01.999 I/artd    ( 2548): GetBestInfo: /data/user_de/0/com.google.android.gms/app_chimera/m/0000000f/dl-PlayCloudSearch.optional_260931100000.apk has no usable artifacts
03-18 20:23:02.009 I/artd    ( 2548): GetBestInfo: /data/user_de/0/com.google.android.gms/app_chimera/m/0000000e/dl-PlayCloudSearch.optional_253434100000.apk has no usable artifacts
03-18 20:23:02.512 I/HalDevMgr(  829): bestIfaceCreationProposal is null, requestIface=STA, existingIface=[name=wlan0 type=STA]
03-18 20:23:05.523 I/HalDevMgr(  829): bestIfaceCreationProposal is null, requestIface=STA, existingIface=[name=wlan0 type=STA]
03-18 20:23:05.919 I/bluetooth( 1215): system/gd/hci/le_address_manager.cc:581 GetNextPrivateAddressIntervalRange: client=LeAddressManager, nonwake=7m51s, wake=13m31s
03-18 20:23:05.933 I/bluetooth( 1215): system/gd/hci/le_address_manager.cc:782 OnCommandComplete: Received command complete with op_code LE_SET_RANDOM_ADDRESS(0x2005)
03-18 20:23:05.933 I/bluetooth( 1215): system/gd/hci/le_address_manager.cc:802 OnCommandComplete: update random address : xx:xx:xx:xx:a9:66
03-18 20:23:05.933 I/bluetooth( 1215): system/gd/hci/le_address_manager.cc:397 resume_registered_clients: Resuming registered clients
03-18 20:23:05.933 I/bluetooth( 1215): system/gd/hci/le_scanning_manager_impl.cc:623 stop_scan: Scanning already stopped, return!
03-18 20:23:08.543 I/HalDevMgr(  829): bestIfaceCreationProposal is null, requestIface=STA, existingIface=[name=wlan0 type=STA]
03-18 20:23:11.552 I/HalDevMgr(  829): bestIfaceCreationProposal is null, requestIface=STA, existingIface=[name=wlan0 type=STA]
03-18 20:23:11.790 D/SatelliteController( 1261): iisInCarrierRoamingNbIotNtn: satellite is disabled
03-18 20:23:11.790 D/SatelliteController( 1261): getCarrierRoamingNtnConnectType: Falling back to global carrier config connect type: 0
03-18 20:23:11.812 W/libbinder.BackendUnifiedServiceManager( 9630): Thread Pool max thread count is 0. Cannot cache binder as linkToDeath cannot be implemented. serviceName: package
03-18 20:23:11.920 I/artd    ( 2548): GetBestInfo: odex next to the dex file (/data/app/~~tbG4juFgRU2dCBO6E7tZDA==/com.google.android.gms-6zp80s4nuSDHwMUHbN31DA==/oat/x86_64/base.odex) is kOatUpToDate with filter 'speed-profile' executable 'false'
03-18 20:23:11.923 I/artd    ( 2548): GetBestInfo: odex next to the dex file (/data/app/~~tbG4juFgRU2dCBO6E7tZDA==/com.google.android.gms-6zp80s4nuSDHwMUHbN31DA==/oat/x86_64/split_AdsDynamite_installtime.odex) is kOatUpToDate with filter 'speed' executable 'false'
03-18 20:23:11.925 I/artd    ( 2548): GetBestInfo: odex next to the dex file (/data/app/~~tbG4juFgRU2dCBO6E7tZDA==/com.google.android.gms-6zp80s4nuSDHwMUHbN31DA==/oat/x86_64/split_CronetDynamite_installtime.odex) is kOatUpToDate with filter 'speed' executable 'false'
03-18 20:23:11.927 I/artd    ( 2548): GetBestInfo: odex next to the dex file (/data/app/~~tbG4juFgRU2dCBO6E7tZDA==/com.google.android.gms-6zp80s4nuSDHwMUHbN31DA==/oat/x86_64/split_DynamiteLoader_installtime.odex) is kOatUpToDate with filter 'speed' executable 'false'
03-18 20:23:11.930 I/artd    ( 2548): GetBestInfo: odex next to the dex file (/data/app/~~tbG4juFgRU2dCBO6E7tZDA==/com.google.android.gms-6zp80s4nuSDHwMUHbN31DA==/oat/x86_64/split_DynamiteModulesA_installtime.odex) is kOatUpToDate with filter 'speed' executable 'false'
03-18 20:23:11.934 I/artd    ( 2548): GetBestInfo: odex next to the dex file (/data/app/~~tbG4juFgRU2dCBO6E7tZDA==/com.google.android.gms-6zp80s4nuSDHwMUHbN31DA==/oat/x86_64/split_DynamiteModulesC_installtime.odex) is kOatUpToDate with filter 'speed' executable 'false'
03-18 20:23:11.937 I/artd    ( 2548): GetBestInfo: odex next to the dex file (/data/app/~~tbG4juFgRU2dCBO6E7tZDA==/com.google.android.gms-6zp80s4nuSDHwMUHbN31DA==/oat/x86_64/split_GoogleCertificates_installtime.odex) is kOatUpToDate with filter 'speed' executable 'false'
03-18 20:23:11.938 I/artd    ( 2548): GetBestInfo: odex next to the dex file (/data/app/~~tbG4juFgRU2dCBO6E7tZDA==/com.google.android.gms-6zp80s4nuSDHwMUHbN31DA==/oat/x86_64/split_MapsDynamite_installtime.odex) is kOatUpToDate with filter 'speed' executable 'false'
03-18 20:23:11.940 I/artd    ( 2548): GetBestInfo: odex next to the dex file (/data/app/~~tbG4juFgRU2dCBO6E7tZDA==/com.google.android.gms-6zp80s4nuSDHwMUHbN31DA==/oat/x86_64/split_MeasurementDynamite_installtime.odex) is kOatUpToDate with filter 'speed' executable 'false'
03-18 20:23:11.943 I/artd    ( 2548): GetBestInfo: /data/user_de/0/com.google.android.gms/app_chimera/m/0000000d/dl-MlkitBarcodeUi.optional_253434100800.apk has no usable artifacts
03-18 20:23:11.943 I/artd    ( 2548): GetBestInfo: /data/user_de/0/com.google.android.gms/app_chimera/m/00000001/CronetDynamite.apk has no usable artifacts
03-18 20:23:11.945 I/artd    ( 2548): GetBestInfo: /data/user_de/0/com.google.android.gms/app_chimera/m/00000014/dl-MlkitBarcodeUi.optional_260931100800.apk has no usable artifacts
03-18 20:23:11.947 I/artd    ( 2548): GetBestInfo: /data/user_de/0/com.google.android.gms/app_chimera/m/00000013/dl-Appsearch.optional_260931100800.apk has no usable artifacts
03-18 20:23:11.948 I/artd    ( 2548): GetBestInfo: /data/user_de/0/com.google.android.gms/app_chimera/m/00000002/DynamiteLoader.apk has no usable artifacts
03-18 20:23:11.948 I/artd    ( 2548): GetBestInfo: /data/user_de/0/com.google.android.gms/app_chimera/m/00000005/GoogleCertificates.apk has no usable artifacts
03-18 20:23:11.950 I/artd    ( 2548): GetBestInfo: /data/user_de/0/com.google.android.gms/app_chimera/m/00000009/dl-TfliteDynamiteDynamite.integ_252130102100800.apk has no usable artifacts
03-18 20:23:11.951 I/artd    ( 2548): GetBestInfo: /data/user_de/0/com.google.android.gms/app_chimera/m/00000011/dl-MlkitOcrCommon.optional_260931100800.apk has no usable artifacts
03-18 20:23:11.955 I/artd    ( 2548): GetBestInfo: /data/user_de/0/com.google.android.gms/app_chimera/m/0000000a/dl-MlkitOcrCommon.optional_253434100800.apk has no usable artifacts
03-18 20:23:11.958 I/artd    ( 2548): GetBestInfo: vdex next to the dex file (/data/user/0/com.google.android.gms/app_dg_cache/E893C01D331CD1FBE6F076D28A1BA871F16A1DEC/oat/x86_64/the.vdex) is kOatUpToDate with filter 'verify' executable 'false'
03-18 20:23:11.959 I/artd    ( 2548): GetBestInfo: /data/user_de/0/com.google.android.gms/app_chimera/m/00000012/dl-VisionOcr.optional_260931100000.apk has no usable artifacts
03-18 20:23:11.961 I/artd    ( 2548): GetBestInfo: /data/user_de/0/com.google.android.gms/app_chimera/m/00000008/dl-VisionOcr.optional_253434100000.apk has no usable artifacts
03-18 20:23:11.964 I/artd    ( 2548): GetBestInfo: /data/user_de/0/com.google.android.gms/app_chimera/m/0000000b/dl-Appsearch.optional_253434100800.apk has no usable artifacts
03-18 20:23:11.965 I/artd    ( 2548): GetBestInfo: /data/user_de/0/com.google.android.gms/app_chimera/m/00000007/MeasurementDynamite.apk has no usable artifacts
03-18 20:23:11.967 I/artd    ( 2548): GetBestInfo: /data/user_de/0/com.google.android.gms/app_chimera/m/0000000f/dl-PlayCloudSearch.optional_260931100000.apk has no usable artifacts
03-18 20:23:11.969 I/artd    ( 2548): GetBestInfo: /data/user_de/0/com.google.android.gms/app_chimera/m/0000000e/dl-PlayCloudSearch.optional_253434100000.apk has no usable artifacts
03-18 20:23:14.555 I/HalDevMgr(  829): bestIfaceCreationProposal is null, requestIface=STA, existingIface=[name=wlan0 type=STA]
03-18 20:23:17.565 I/HalDevMgr(  829): bestIfaceCreationProposal is null, requestIface=STA, existingIface=[name=wlan0 type=STA]
03-18 20:23:20.576 I/HalDevMgr(  829): bestIfaceCreationProposal is null, requestIface=STA, existingIface=[name=wlan0 type=STA]
03-18 20:23:21.712 W/libbinder.BackendUnifiedServiceManager( 9633): Thread Pool max thread count is 0. Cannot cache binder as linkToDeath cannot be implemented. serviceName: package
03-18 20:23:21.786 D/SatelliteController( 1261): iisInCarrierRoamingNbIotNtn: satellite is disabled
03-18 20:23:21.874 D/SatelliteController( 1261): getCarrierRoamingNtnConnectType: Falling back to global carrier config connect type: 0
03-18 20:23:21.975 I/artd    ( 2548): GetBestInfo: odex next to the dex file (/data/app/~~tbG4juFgRU2dCBO6E7tZDA==/com.google.android.gms-6zp80s4nuSDHwMUHbN31DA==/oat/x86_64/base.odex) is kOatUpToDate with filter 'speed-profile' executable 'false'
03-18 20:23:21.978 I/artd    ( 2548): GetBestInfo: odex next to the dex file (/data/app/~~tbG4juFgRU2dCBO6E7tZDA==/com.google.android.gms-6zp80s4nuSDHwMUHbN31DA==/oat/x86_64/split_AdsDynamite_installtime.odex) is kOatUpToDate with filter 'speed' executable 'false'
03-18 20:23:21.980 I/artd    ( 2548): GetBestInfo: odex next to the dex file (/data/app/~~tbG4juFgRU2dCBO6E7tZDA==/com.google.android.gms-6zp80s4nuSDHwMUHbN31DA==/oat/x86_64/split_CronetDynamite_installtime.odex) is kOatUpToDate with filter 'speed' executable 'false'
03-18 20:23:21.981 I/artd    ( 2548): GetBestInfo: odex next to the dex file (/data/app/~~tbG4juFgRU2dCBO6E7tZDA==/com.google.android.gms-6zp80s4nuSDHwMUHbN31DA==/oat/x86_64/split_DynamiteLoader_installtime.odex) is kOatUpToDate with filter 'speed' executable 'false'
03-18 20:23:21.983 I/artd    ( 2548): GetBestInfo: odex next to the dex file (/data/app/~~tbG4juFgRU2dCBO6E7tZDA==/com.google.android.gms-6zp80s4nuSDHwMUHbN31DA==/oat/x86_64/split_DynamiteModulesA_installtime.odex) is kOatUpToDate with filter 'speed' executable 'false'
03-18 20:23:21.984 I/artd    ( 2548): GetBestInfo: odex next to the dex file (/data/app/~~tbG4juFgRU2dCBO6E7tZDA==/com.google.android.gms-6zp80s4nuSDHwMUHbN31DA==/oat/x86_64/split_DynamiteModulesC_installtime.odex) is kOatUpToDate with filter 'speed' executable 'false'
03-18 20:23:21.986 I/artd    ( 2548): GetBestInfo: odex next to the dex file (/data/app/~~tbG4juFgRU2dCBO6E7tZDA==/com.google.android.gms-6zp80s4nuSDHwMUHbN31DA==/oat/x86_64/split_GoogleCertificates_installtime.odex) is kOatUpToDate with filter 'speed' executable 'false'
03-18 20:23:21.989 I/artd    ( 2548): GetBestInfo: odex next to the dex file (/data/app/~~tbG4juFgRU2dCBO6E7tZDA==/com.google.android.gms-6zp80s4nuSDHwMUHbN31DA==/oat/x86_64/split_MapsDynamite_installtime.odex) is kOatUpToDate with filter 'speed' executable 'false'
03-18 20:23:21.991 I/artd    ( 2548): GetBestInfo: odex next to the dex file (/data/app/~~tbG4juFgRU2dCBO6E7tZDA==/com.google.android.gms-6zp80s4nuSDHwMUHbN31DA==/oat/x86_64/split_MeasurementDynamite_installtime.odex) is kOatUpToDate with filter 'speed' executable 'false'
03-18 20:23:21.993 I/artd    ( 2548): GetBestInfo: /data/user_de/0/com.google.android.gms/app_chimera/m/0000000d/dl-MlkitBarcodeUi.optional_253434100800.apk has no usable artifacts
03-18 20:23:21.994 I/artd    ( 2548): GetBestInfo: /data/user_de/0/com.google.android.gms/app_chimera/m/00000001/CronetDynamite.apk has no usable artifacts
03-18 20:23:21.997 I/artd    ( 2548): GetBestInfo: /data/user_de/0/com.google.android.gms/app_chimera/m/00000014/dl-MlkitBarcodeUi.optional_260931100800.apk has no usable artifacts
03-18 20:23:22.000 I/artd    ( 2548): GetBestInfo: /data/user_de/0/com.google.android.gms/app_chimera/m/00000013/dl-Appsearch.optional_260931100800.apk has no usable artifacts
03-18 20:23:22.002 I/artd    ( 2548): GetBestInfo: /data/user_de/0/com.google.android.gms/app_chimera/m/00000002/DynamiteLoader.apk has no usable artifacts
03-18 20:23:22.004 I/artd    ( 2548): GetBestInfo: /data/user_de/0/com.google.android.gms/app_chimera/m/00000005/GoogleCertificates.apk has no usable artifacts
03-18 20:23:22.005 I/artd    ( 2548): GetBestInfo: /data/user_de/0/com.google.android.gms/app_chimera/m/00000009/dl-TfliteDynamiteDynamite.integ_252130102100800.apk has no usable artifacts
03-18 20:23:22.007 I/artd    ( 2548): GetBestInfo: /data/user_de/0/com.google.android.gms/app_chimera/m/00000011/dl-MlkitOcrCommon.optional_260931100800.apk has no usable artifacts
03-18 20:23:22.010 I/artd    ( 2548): GetBestInfo: /data/user_de/0/com.google.android.gms/app_chimera/m/0000000a/dl-MlkitOcrCommon.optional_253434100800.apk has no usable artifacts
03-18 20:23:22.013 I/artd    ( 2548): GetBestInfo: vdex next to the dex file (/data/user/0/com.google.android.gms/app_dg_cache/E893C01D331CD1FBE6F076D28A1BA871F16A1DEC/oat/x86_64/the.vdex) is kOatUpToDate with filter 'verify' executable 'false'
03-18 20:23:22.015 I/artd    ( 2548): GetBestInfo: /data/user_de/0/com.google.android.gms/app_chimera/m/00000012/dl-VisionOcr.optional_260931100000.apk has no usable artifacts
