03-18 20:20:13.467 V/BaseDepthController( 1270): Applying blur: 0 to Surface(name=com.google.android.apps.nexuslauncher/com.google.android.apps.nexuslauncher.NexusLauncherActivity#239)/@0x80e57b5 applyImmediately: false
03-18 20:20:13.471 D/BaseDepthController( 1270): shouldBlurWorkspace: false targetState: Normal currentStableState: Normal mCurrentBlur: 0 mLauncher.getDepthBlurTargets(): [com.android.launcher3.Workspace{7d2ae4a V.ED..... ......ID 0,0-1080,2400 #7f0a049d app:id/workspace}, com.android.launcher3.Hotseat{d0af1bb V.ED..... ......ID 0,1905-1080,2400 #7f0a01ee app:id/hotseat}]
03-18 20:20:13.472 V/BaseDepthController( 1270): Applying blur: 0 to Surface(name=com.google.android.apps.nexuslauncher/com.google.android.apps.nexuslauncher.NexusLauncherActivity#239)/@0x80e57b5 applyImmediately: false
03-18 20:20:13.472 D/BaseDepthController( 1270): shouldBlurWorkspace: false targetState: Normal currentStableState: Normal mCurrentBlur: 0 mLauncher.getDepthBlurTargets(): [com.android.launcher3.Workspace{7d2ae4a V.ED..... ......ID 0,0-1080,2400 #7f0a049d app:id/workspace}, com.android.launcher3.Hotseat{d0af1bb V.ED..... ......ID 0,1905-1080,2400 #7f0a01ee app:id/hotseat}]
03-18 20:20:13.483 D/BaseActivity( 1270): Launcher flags updated: [state_started|state_resumed|state_deferred_resumed|state_window_focused|state_user_active] +[state_window_focused]
03-18 20:20:13.483 D/BackgroundInstallControlService(  829): Package event received: 0
03-18 20:20:13.487 I/ImeTracker(  829): com.google.android.apps.nexuslauncher:fe02fa8: onRequestHide at ORIGIN_SERVER reason HIDE_UNSPECIFIED_WINDOW fromUser false
03-18 20:20:13.499 V/BaseDepthController( 1270): Applying blur: 0 to Surface(name=com.google.android.apps.nexuslauncher/com.google.android.apps.nexuslauncher.NexusLauncherActivity#239)/@0x80e57b5 applyImmediately: false
03-18 20:20:13.499 D/BaseDepthController( 1270): shouldBlurWorkspace: false targetState: Normal currentStableState: Normal mCurrentBlur: 0 mLauncher.getDepthBlurTargets(): [com.android.launcher3.Workspace{7d2ae4a V.ED..... ........ 0,0-1080,2400 #7f0a049d app:id/workspace}, com.android.launcher3.Hotseat{d0af1bb V.ED..... .......D 0,1905-1080,2400 #7f0a01ee app:id/hotseat}]
03-18 20:20:13.501 I/ImeTracker(  829): system_server:214abf47: onRequestHide at ORIGIN_SERVER reason IME_REQUESTED_CHANGED_LISTENER fromUser false
03-18 20:20:13.511 D/InsetsController( 1270): hide(ime())
03-18 20:20:13.512 I/ImeTracker( 1270): com.google.android.apps.nexuslauncher:fe02fa8: onCancelled at PHASE_CLIENT_ALREADY_HIDDEN
03-18 20:20:13.514 V/BaseDepthController( 1270): Applying blur: 0 to Surface(name=com.google.android.apps.nexuslauncher/com.google.android.apps.nexuslauncher.NexusLauncherActivity#239)/@0x80e57b5 applyImmediately: false
03-18 20:20:13.515 D/BaseDepthController( 1270): shouldBlurWorkspace: false targetState: Normal currentStableState: Normal mCurrentBlur: 0 mLauncher.getDepthBlurTargets(): [com.android.launcher3.Workspace{7d2ae4a V.ED..... ........ 0,0-1080,2400 #7f0a049d app:id/workspace}, com.android.launcher3.Hotseat{d0af1bb V.ED..... .......D 0,1905-1080,2400 #7f0a01ee app:id/hotseat}]
03-18 20:20:13.517 I/GoogleInputMethodService( 1610): GoogleInputMethodService.onFinishInput():2057 
03-18 20:20:13.527 I/ImeTracker(  829): system_server:214abf47: onCancelled at PHASE_SERVER_SHOULD_HIDE
03-18 20:20:13.537 V/BaseDepthController( 1270): Applying blur: 0 to Surface(name=com.google.android.apps.nexuslauncher/com.google.android.apps.nexuslauncher.NexusLauncherActivity#239)/@0x80e57b5 applyImmediately: false
03-18 20:20:13.537 D/BaseDepthController( 1270): shouldBlurWorkspace: false targetState: Normal currentStableState: Normal mCurrentBlur: 0 mLauncher.getDepthBlurTargets(): [com.android.launcher3.Workspace{7d2ae4a V.ED..... ........ 0,0-1080,2400 #7f0a049d app:id/workspace}, com.android.launcher3.Hotseat{d0af1bb V.ED..... ........ 0,1905-1080,2400 #7f0a01ee app:id/hotseat}]
03-18 20:20:13.539 I/RanchuHwc(  606): logCompositionFallbackIfChanged: layer 32 CompositionType fallback from 2 to 1
03-18 20:20:13.540 I/RanchuHwc(  606): logCompositionFallbackIfChanged: layer 33 CompositionType fallback from 2 to 1
03-18 20:20:13.544 I/Module  ( 1610): DeviceLockedStatusModuleProvider$Module.updateDeviceLockedStatus():100 repeatCheckTimes = 0, locked = false
03-18 20:20:13.550 V/BaseDepthController( 1270): Applying blur: 0 to Surface(name=com.google.android.apps.nexuslauncher/com.google.android.apps.nexuslauncher.NexusLauncherActivity#239)/@0x80e57b5 applyImmediately: false
03-18 20:20:13.550 D/BaseDepthController( 1270): shouldBlurWorkspace: false targetState: Normal currentStableState: Normal mCurrentBlur: 0 mLauncher.getDepthBlurTargets(): [com.android.launcher3.Workspace{7d2ae4a V.ED..... ........ 0,0-1080,2400 #7f0a049d app:id/workspace}, com.android.launcher3.Hotseat{d0af1bb V.ED..... ........ 0,1905-1080,2400 #7f0a01ee app:id/hotseat}]
03-18 20:20:13.554 I/GoogleInputMethodService( 1610): GoogleInputMethodService.onStartInput():1318 onStartInput(EditorInfo{EditorInfo{packageName=com.google.android.apps.nexuslauncher, inputType=0, inputTypeString=NULL, enableLearning=false, autoCorrection=false, autoComplete=false, imeOptions=0, privateImeOptions=null, actionName=UNSPECIFIED, actionLabel=null, initialSelStart=-1, initialSelEnd=-1, initialCapsMode=0, label=null, fieldId=0, fieldName=null, extras=null, hintText=null, hintLocales=[]}}, false)
03-18 20:20:13.567 V/BaseDepthController( 1270): Applying blur: 0 to Surface(name=com.google.android.apps.nexuslauncher/com.google.android.apps.nexuslauncher.NexusLauncherActivity#239)/@0x80e57b5 applyImmediately: false
03-18 20:20:13.568 D/BaseDepthController( 1270): shouldBlurWorkspace: false targetState: Normal currentStableState: Normal mCurrentBlur: 0 mLauncher.getDepthBlurTargets(): [com.android.launcher3.Workspace{7d2ae4a V.ED..... ........ 0,0-1080,2400 #7f0a049d app:id/workspace}, com.android.launcher3.Hotseat{d0af1bb V.ED..... ........ 0,1905-1080,2400 #7f0a01ee app:id/hotseat}]
03-18 20:20:13.583 V/BaseDepthController( 1270): Applying blur: 0 to Surface(name=com.google.android.apps.nexuslauncher/com.google.android.apps.nexuslauncher.NexusLauncherActivity#239)/@0x80e57b5 applyImmediately: false
03-18 20:20:13.583 I/Module  ( 1610): DeviceLockedStatusModuleProvider$Module.updateDeviceLockedStatus():100 repeatCheckTimes = 1, locked = false
03-18 20:20:13.583 D/BaseDepthController( 1270): shouldBlurWorkspace: false targetState: Normal currentStableState: Normal mCurrentBlur: 0 mLauncher.getDepthBlurTargets(): [com.android.launcher3.Workspace{7d2ae4a V.ED..... ........ 0,0-1080,2400 #7f0a049d app:id/workspace}, com.android.launcher3.Hotseat{d0af1bb V.ED..... ........ 0,1905-1080,2400 #7f0a01ee app:id/hotseat}]
03-18 20:20:13.584 W/PackageConfigPersister(  829): App-specific configuration not found for packageName: com.google.android.apps.nexuslauncher and userId: 0
03-18 20:20:13.599 V/BaseDepthController( 1270): Applying blur: 0 to Surface(name=com.google.android.apps.nexuslauncher/com.google.android.apps.nexuslauncher.NexusLauncherActivity#239)/@0x80e57b5 applyImmediately: false
03-18 20:20:13.599 D/BaseDepthController( 1270): shouldBlurWorkspace: false targetState: Normal currentStableState: Normal mCurrentBlur: 0 mLauncher.getDepthBlurTargets(): [com.android.launcher3.Workspace{7d2ae4a V.ED..... ........ 0,0-1080,2400 #7f0a049d app:id/workspace}, com.android.launcher3.Hotseat{d0af1bb V.ED..... ........ 0,1905-1080,2400 #7f0a01ee app:id/hotseat}]
03-18 20:20:13.601 W/ActivityTaskManager(  829): Activity top resumed state loss timeout for ActivityRecord{162996120 u0 com.eazpire.creator/.MainActivity t10 f} isExiting}
03-18 20:20:13.614 V/BaseDepthController( 1270): Applying blur: 0 to Surface(name=com.google.android.apps.nexuslauncher/com.google.android.apps.nexuslauncher.NexusLauncherActivity#239)/@0x80e57b5 applyImmediately: false
03-18 20:20:13.614 D/BaseDepthController( 1270): shouldBlurWorkspace: false targetState: Normal currentStableState: Normal mCurrentBlur: 0 mLauncher.getDepthBlurTargets(): [com.android.launcher3.Workspace{7d2ae4a V.ED..... ........ 0,0-1080,2400 #7f0a049d app:id/workspace}, com.android.launcher3.Hotseat{d0af1bb V.ED..... ........ 0,1905-1080,2400 #7f0a01ee app:id/hotseat}]
03-18 20:20:13.629 V/BaseDepthController( 1270): Applying blur: 0 to Surface(name=com.google.android.apps.nexuslauncher/com.google.android.apps.nexuslauncher.NexusLauncherActivity#239)/@0x80e57b5 applyImmediately: false
03-18 20:20:13.629 D/BaseDepthController( 1270): shouldBlurWorkspace: false targetState: Normal currentStableState: Normal mCurrentBlur: 0 mLauncher.getDepthBlurTargets(): [com.android.launcher3.Workspace{7d2ae4a V.ED..... ........ 0,0-1080,2400 #7f0a049d app:id/workspace}, com.android.launcher3.Hotseat{d0af1bb V.ED..... ........ 0,1905-1080,2400 #7f0a01ee app:id/hotseat}]
03-18 20:20:13.655 V/BaseDepthController( 1270): Applying blur: 0 to Surface(name=com.google.android.apps.nexuslauncher/com.google.android.apps.nexuslauncher.NexusLauncherActivity#239)/@0x80e57b5 applyImmediately: false
03-18 20:20:13.656 D/BaseDepthController( 1270): shouldBlurWorkspace: false targetState: Normal currentStableState: Normal mCurrentBlur: 0 mLauncher.getDepthBlurTargets(): [com.android.launcher3.Workspace{7d2ae4a V.ED..... ........ 0,0-1080,2400 #7f0a049d app:id/workspace}, com.android.launcher3.Hotseat{d0af1bb V.ED..... ........ 0,1905-1080,2400 #7f0a01ee app:id/hotseat}]
03-18 20:20:13.656 D/BackgroundInstallControlService(  829): Package event received: 0
03-18 20:20:13.657 D/BackgroundInstallControlService(  829): Package event received: 0
03-18 20:20:13.661 D/BackgroundInstallControlService(  829): Package event received: 0
03-18 20:20:13.666 D/BackgroundInstallControlService(  829): Package event received: 0
03-18 20:20:13.666 D/BackgroundInstallControlService(  829): Package event received: 0
03-18 20:20:13.666 D/BackgroundInstallControlService(  829): Package event received: 0
03-18 20:20:13.666 D/BackgroundInstallControlService(  829): Package event received: 0
03-18 20:20:13.666 D/BackgroundInstallControlService(  829): Package event received: 0
03-18 20:20:13.666 D/BackgroundInstallControlService(  829): Package event received: 0
03-18 20:20:13.672 V/BaseDepthController( 1270): Applying blur: 0 to Surface(name=com.google.android.apps.nexuslauncher/com.google.android.apps.nexuslauncher.NexusLauncherActivity#239)/@0x80e57b5 applyImmediately: false
03-18 20:20:13.672 D/BaseDepthController( 1270): setEarlyWakeup: true
03-18 20:20:13.672 D/BaseDepthController( 1270): shouldBlurWorkspace: false targetState: Normal currentStableState: Normal mCurrentBlur: 0 mLauncher.getDepthBlurTargets(): [com.android.launcher3.Workspace{7d2ae4a V.ED..... ........ 0,0-1080,2400 #7f0a049d app:id/workspace}, com.android.launcher3.Hotseat{d0af1bb V.ED..... ........ 0,1905-1080,2400 #7f0a01ee app:id/hotseat}]
03-18 20:20:13.732 V/BaseDepthController( 1270): Applying blur: 0 to Surface(name=com.google.android.apps.nexuslauncher/com.google.android.apps.nexuslauncher.NexusLauncherActivity#239)/@0x80e57b5 applyImmediately: false
03-18 20:20:13.732 D/BaseDepthController( 1270): shouldBlurWorkspace: false targetState: Normal currentStableState: Normal mCurrentBlur: 0 mLauncher.getDepthBlurTargets(): [com.android.launcher3.Workspace{7d2ae4a V.ED..... ........ 0,0-1080,2400 #7f0a049d app:id/workspace}, com.android.launcher3.Hotseat{d0af1bb V.ED..... ........ 0,1905-1080,2400 #7f0a01ee app:id/hotseat}]
03-18 20:20:13.745 V/BaseDepthController( 1270): Applying blur: 0 to Surface(name=com.google.android.apps.nexuslauncher/com.google.android.apps.nexuslauncher.NexusLauncherActivity#239)/@0x80e57b5 applyImmediately: false
03-18 20:20:13.745 D/BaseDepthController( 1270): shouldBlurWorkspace: false targetState: Normal currentStableState: Normal mCurrentBlur: 0 mLauncher.getDepthBlurTargets(): [com.android.launcher3.Workspace{7d2ae4a V.ED..... ........ 0,0-1080,2400 #7f0a049d app:id/workspace}, com.android.launcher3.Hotseat{d0af1bb V.ED..... ........ 0,1905-1080,2400 #7f0a01ee app:id/hotseat}]
03-18 20:20:13.757 V/BaseDepthController( 1270): Applying blur: 0 to Surface(name=com.google.android.apps.nexuslauncher/com.google.android.apps.nexuslauncher.NexusLauncherActivity#239)/@0x80e57b5 applyImmediately: false
03-18 20:20:13.757 D/BaseDepthController( 1270): shouldBlurWorkspace: false targetState: Normal currentStableState: Normal mCurrentBlur: 0 mLauncher.getDepthBlurTargets(): [com.android.launcher3.Workspace{7d2ae4a V.ED..... ........ 0,0-1080,2400 #7f0a049d app:id/workspace}, com.android.launcher3.Hotseat{d0af1bb V.ED..... ........ 0,1905-1080,2400 #7f0a01ee app:id/hotseat}]
03-18 20:20:13.774 V/BaseDepthController( 1270): Applying blur: 0 to Surface(name=com.google.android.apps.nexuslauncher/com.google.android.apps.nexuslauncher.NexusLauncherActivity#239)/@0x80e57b5 applyImmediately: false
03-18 20:20:13.774 D/BaseDepthController( 1270): shouldBlurWorkspace: false targetState: Normal currentStableState: Normal mCurrentBlur: 0 mLauncher.getDepthBlurTargets(): [com.android.launcher3.Workspace{7d2ae4a V.ED..... ........ 0,0-1080,2400 #7f0a049d app:id/workspace}, com.android.launcher3.Hotseat{d0af1bb V.ED..... ........ 0,1905-1080,2400 #7f0a01ee app:id/hotseat}]
03-18 20:20:13.804 V/BaseDepthController( 1270): Applying blur: 0 to Surface(name=com.google.android.apps.nexuslauncher/com.google.android.apps.nexuslauncher.NexusLauncherActivity#239)/@0x80e57b5 applyImmediately: false
03-18 20:20:13.805 D/BaseDepthController( 1270): shouldBlurWorkspace: false targetState: Normal currentStableState: Normal mCurrentBlur: 0 mLauncher.getDepthBlurTargets(): [com.android.launcher3.Workspace{7d2ae4a V.ED..... ........ 0,0-1080,2400 #7f0a049d app:id/workspace}, com.android.launcher3.Hotseat{d0af1bb V.ED..... ........ 0,1905-1080,2400 #7f0a01ee app:id/hotseat}]
03-18 20:20:13.820 V/BaseDepthController( 1270): Applying blur: 0 to Surface(name=com.google.android.apps.nexuslauncher/com.google.android.apps.nexuslauncher.NexusLauncherActivity#239)/@0x80e57b5 applyImmediately: false
03-18 20:20:13.820 D/BaseDepthController( 1270): shouldBlurWorkspace: false targetState: Normal currentStableState: Normal mCurrentBlur: 0 mLauncher.getDepthBlurTargets(): [com.android.launcher3.Workspace{7d2ae4a V.ED..... ........ 0,0-1080,2400 #7f0a049d app:id/workspace}, com.android.launcher3.Hotseat{d0af1bb V.ED..... ........ 0,1905-1080,2400 #7f0a01ee app:id/hotseat}]
03-18 20:20:13.837 V/BaseDepthController( 1270): Applying blur: 0 to Surface(name=com.google.android.apps.nexuslauncher/com.google.android.apps.nexuslauncher.NexusLauncherActivity#239)/@0x80e57b5 applyImmediately: false
03-18 20:20:13.837 D/BaseDepthController( 1270): shouldBlurWorkspace: false targetState: Normal currentStableState: Normal mCurrentBlur: 0 mLauncher.getDepthBlurTargets(): [com.android.launcher3.Workspace{7d2ae4a V.ED..... ........ 0,0-1080,2400 #7f0a049d app:id/workspace}, com.android.launcher3.Hotseat{d0af1bb V.ED..... ........ 0,1905-1080,2400 #7f0a01ee app:id/hotseat}]
03-18 20:20:13.855 V/BaseDepthController( 1270): Applying blur: 0 to Surface(name=com.google.android.apps.nexuslauncher/com.google.android.apps.nexuslauncher.NexusLauncherActivity#239)/@0x80e57b5 applyImmediately: false
03-18 20:20:13.855 D/BaseDepthController( 1270): shouldBlurWorkspace: false targetState: Normal currentStableState: Normal mCurrentBlur: 0 mLauncher.getDepthBlurTargets(): [com.android.launcher3.Workspace{7d2ae4a V.ED..... ........ 0,0-1080,2400 #7f0a049d app:id/workspace}, com.android.launcher3.Hotseat{d0af1bb V.ED..... ........ 0,1905-1080,2400 #7f0a01ee app:id/hotseat}]
03-18 20:20:13.871 V/BaseDepthController( 1270): Applying blur: 0 to Surface(name=com.google.android.apps.nexuslauncher/com.google.android.apps.nexuslauncher.NexusLauncherActivity#239)/@0x80e57b5 applyImmediately: false
03-18 20:20:13.871 D/BaseDepthController( 1270): shouldBlurWorkspace: false targetState: Normal currentStableState: Normal mCurrentBlur: 0 mLauncher.getDepthBlurTargets(): [com.android.launcher3.Workspace{7d2ae4a V.ED..... ........ 0,0-1080,2400 #7f0a049d app:id/workspace}, com.android.launcher3.Hotseat{d0af1bb V.ED..... ........ 0,1905-1080,2400 #7f0a01ee app:id/hotseat}]
03-18 20:20:13.887 V/BaseDepthController( 1270): Applying blur: 0 to Surface(name=com.google.android.apps.nexuslauncher/com.google.android.apps.nexuslauncher.NexusLauncherActivity#239)/@0x80e57b5 applyImmediately: false
03-18 20:20:13.887 D/BaseDepthController( 1270): shouldBlurWorkspace: false targetState: Normal currentStableState: Normal mCurrentBlur: 0 mLauncher.getDepthBlurTargets(): [com.android.launcher3.Workspace{7d2ae4a V.ED..... ........ 0,0-1080,2400 #7f0a049d app:id/workspace}, com.android.launcher3.Hotseat{d0af1bb V.ED..... ........ 0,1905-1080,2400 #7f0a01ee app:id/hotseat}]
03-18 20:20:13.905 V/BaseDepthController( 1270): Applying blur: 0 to Surface(name=com.google.android.apps.nexuslauncher/com.google.android.apps.nexuslauncher.NexusLauncherActivity#239)/@0x80e57b5 applyImmediately: false
03-18 20:20:13.905 D/BaseDepthController( 1270): shouldBlurWorkspace: false targetState: Normal currentStableState: Normal mCurrentBlur: 0 mLauncher.getDepthBlurTargets(): [com.android.launcher3.Workspace{7d2ae4a V.ED..... ........ 0,0-1080,2400 #7f0a049d app:id/workspace}, com.android.launcher3.Hotseat{d0af1bb V.ED..... ........ 0,1905-1080,2400 #7f0a01ee app:id/hotseat}]
03-18 20:20:13.921 V/BaseDepthController( 1270): Applying blur: 0 to Surface(name=com.google.android.apps.nexuslauncher/com.google.android.apps.nexuslauncher.NexusLauncherActivity#239)/@0x80e57b5 applyImmediately: false
03-18 20:20:13.922 D/BaseDepthController( 1270): shouldBlurWorkspace: false targetState: Normal currentStableState: Normal mCurrentBlur: 0 mLauncher.getDepthBlurTargets(): [com.android.launcher3.Workspace{7d2ae4a V.ED..... ........ 0,0-1080,2400 #7f0a049d app:id/workspace}, com.android.launcher3.Hotseat{d0af1bb V.ED..... ........ 0,1905-1080,2400 #7f0a01ee app:id/hotseat}]
03-18 20:20:13.937 V/BaseDepthController( 1270): Applying blur: 0 to Surface(name=com.google.android.apps.nexuslauncher/com.google.android.apps.nexuslauncher.NexusLauncherActivity#239)/@0x80e57b5 applyImmediately: false
03-18 20:20:13.938 D/BaseDepthController( 1270): shouldBlurWorkspace: false targetState: Normal currentStableState: Normal mCurrentBlur: 0 mLauncher.getDepthBlurTargets(): [com.android.launcher3.Workspace{7d2ae4a V.ED..... ........ 0,0-1080,2400 #7f0a049d app:id/workspace}, com.android.launcher3.Hotseat{d0af1bb V.ED..... ........ 0,1905-1080,2400 #7f0a01ee app:id/hotseat}]
03-18 20:20:13.954 V/BaseDepthController( 1270): Applying blur: 0 to Surface(name=com.google.android.apps.nexuslauncher/com.google.android.apps.nexuslauncher.NexusLauncherActivity#239)/@0x80e57b5 applyImmediately: false
03-18 20:20:13.954 D/BaseDepthController( 1270): shouldBlurWorkspace: false targetState: Normal currentStableState: Normal mCurrentBlur: 0 mLauncher.getDepthBlurTargets(): [com.android.launcher3.Workspace{7d2ae4a V.ED..... ........ 0,0-1080,2400 #7f0a049d app:id/workspace}, com.android.launcher3.Hotseat{d0af1bb V.ED..... ........ 0,1905-1080,2400 #7f0a01ee app:id/hotseat}]
03-18 20:20:13.971 V/BaseDepthController( 1270): Applying blur: 0 to Surface(name=com.google.android.apps.nexuslauncher/com.google.android.apps.nexuslauncher.NexusLauncherActivity#239)/@0x80e57b5 applyImmediately: false
03-18 20:20:13.971 D/BaseDepthController( 1270): shouldBlurWorkspace: false targetState: Normal currentStableState: Normal mCurrentBlur: 0 mLauncher.getDepthBlurTargets(): [com.android.launcher3.Workspace{7d2ae4a V.ED..... ........ 0,0-1080,2400 #7f0a049d app:id/workspace}, com.android.launcher3.Hotseat{d0af1bb V.ED..... ........ 0,1905-1080,2400 #7f0a01ee app:id/hotseat}]
03-18 20:20:13.987 V/BaseDepthController( 1270): Applying blur: 0 to Surface(name=com.google.android.apps.nexuslauncher/com.google.android.apps.nexuslauncher.NexusLauncherActivity#239)/@0x80e57b5 applyImmediately: false
03-18 20:20:13.987 D/BaseDepthController( 1270): shouldBlurWorkspace: false targetState: Normal currentStableState: Normal mCurrentBlur: 0 mLauncher.getDepthBlurTargets(): [com.android.launcher3.Workspace{7d2ae4a V.ED..... ........ 0,0-1080,2400 #7f0a049d app:id/workspace}, com.android.launcher3.Hotseat{d0af1bb V.ED..... ........ 0,1905-1080,2400 #7f0a01ee app:id/hotseat}]
03-18 20:20:14.004 V/BaseDepthController( 1270): Applying blur: 0 to Surface(name=com.google.android.apps.nexuslauncher/com.google.android.apps.nexuslauncher.NexusLauncherActivity#239)/@0x80e57b5 applyImmediately: false
03-18 20:20:14.005 D/BaseDepthController( 1270): shouldBlurWorkspace: false targetState: Normal currentStableState: Normal mCurrentBlur: 0 mLauncher.getDepthBlurTargets(): [com.android.launcher3.Workspace{7d2ae4a V.ED..... ........ 0,0-1080,2400 #7f0a049d app:id/workspace}, com.android.launcher3.Hotseat{d0af1bb V.ED..... ........ 0,1905-1080,2400 #7f0a01ee app:id/hotseat}]
03-18 20:20:14.023 V/BaseDepthController( 1270): Applying blur: 0 to Surface(name=com.google.android.apps.nexuslauncher/com.google.android.apps.nexuslauncher.NexusLauncherActivity#239)/@0x80e57b5 applyImmediately: false
03-18 20:20:14.023 D/BaseDepthController( 1270): shouldBlurWorkspace: false targetState: Normal currentStableState: Normal mCurrentBlur: 0 mLauncher.getDepthBlurTargets(): [com.android.launcher3.Workspace{7d2ae4a V.ED..... ........ 0,0-1080,2400 #7f0a049d app:id/workspace}, com.android.launcher3.Hotseat{d0af1bb V.ED..... ........ 0,1905-1080,2400 #7f0a01ee app:id/hotseat}]
03-18 20:20:14.038 V/BaseDepthController( 1270): Applying blur: 0 to Surface(name=com.google.android.apps.nexuslauncher/com.google.android.apps.nexuslauncher.NexusLauncherActivity#239)/@0x80e57b5 applyImmediately: false
03-18 20:20:14.038 D/BaseDepthController( 1270): shouldBlurWorkspace: false targetState: Normal currentStableState: Normal mCurrentBlur: 0 mLauncher.getDepthBlurTargets(): [com.android.launcher3.Workspace{7d2ae4a V.ED..... ........ 0,0-1080,2400 #7f0a049d app:id/workspace}, com.android.launcher3.Hotseat{d0af1bb V.ED..... ........ 0,1905-1080,2400 #7f0a01ee app:id/hotseat}]
03-18 20:20:14.054 V/BaseDepthController( 1270): Applying blur: 0 to Surface(name=com.google.android.apps.nexuslauncher/com.google.android.apps.nexuslauncher.NexusLauncherActivity#239)/@0x80e57b5 applyImmediately: false
03-18 20:20:14.054 D/BaseDepthController( 1270): shouldBlurWorkspace: false targetState: Normal currentStableState: Normal mCurrentBlur: 0 mLauncher.getDepthBlurTargets(): [com.android.launcher3.Workspace{7d2ae4a V.ED..... ........ 0,0-1080,2400 #7f0a049d app:id/workspace}, com.android.launcher3.Hotseat{d0af1bb V.ED..... ........ 0,1905-1080,2400 #7f0a01ee app:id/hotseat}]
03-18 20:20:14.072 V/BaseDepthController( 1270): Applying blur: 0 to Surface(name=com.google.android.apps.nexuslauncher/com.google.android.apps.nexuslauncher.NexusLauncherActivity#239)/@0x80e57b5 applyImmediately: false
03-18 20:20:14.072 D/BaseDepthController( 1270): shouldBlurWorkspace: false targetState: Normal currentStableState: Normal mCurrentBlur: 0 mLauncher.getDepthBlurTargets(): [com.android.launcher3.Workspace{7d2ae4a V.ED..... ........ 0,0-1080,2400 #7f0a049d app:id/workspace}, com.android.launcher3.Hotseat{d0af1bb V.ED..... ........ 0,1905-1080,2400 #7f0a01ee app:id/hotseat}]
03-18 20:20:14.104 V/BaseDepthController( 1270): Applying blur: 0 to Surface(name=com.google.android.apps.nexuslauncher/com.google.android.apps.nexuslauncher.NexusLauncherActivity#239)/@0x80e57b5 applyImmediately: false
03-18 20:20:14.104 D/BaseDepthController( 1270): shouldBlurWorkspace: false targetState: Normal currentStableState: Normal mCurrentBlur: 0 mLauncher.getDepthBlurTargets(): [com.android.launcher3.Workspace{7d2ae4a V.ED..... ........ 0,0-1080,2400 #7f0a049d app:id/workspace}, com.android.launcher3.Hotseat{d0af1bb V.ED..... ........ 0,1905-1080,2400 #7f0a01ee app:id/hotseat}]
03-18 20:20:14.120 V/BaseDepthController( 1270): Applying blur: 0 to Surface(name=com.google.android.apps.nexuslauncher/com.google.android.apps.nexuslauncher.NexusLauncherActivity#239)/@0x80e57b5 applyImmediately: false
03-18 20:20:14.121 D/BaseDepthController( 1270): shouldBlurWorkspace: false targetState: Normal currentStableState: Normal mCurrentBlur: 0 mLauncher.getDepthBlurTargets(): [com.android.launcher3.Workspace{7d2ae4a V.ED..... ........ 0,0-1080,2400 #7f0a049d app:id/workspace}, com.android.launcher3.Hotseat{d0af1bb V.ED..... ........ 0,1905-1080,2400 #7f0a01ee app:id/hotseat}]
03-18 20:20:14.154 V/BaseDepthController( 1270): Applying blur: 0 to Surface(name=com.google.android.apps.nexuslauncher/com.google.android.apps.nexuslauncher.NexusLauncherActivity#239)/@0x80e57b5 applyImmediately: false
03-18 20:20:14.154 D/BaseDepthController( 1270): shouldBlurWorkspace: false targetState: Normal currentStableState: Normal mCurrentBlur: 0 mLauncher.getDepthBlurTargets(): [com.android.launcher3.Workspace{7d2ae4a V.ED..... ........ 0,0-1080,2400 #7f0a049d app:id/workspace}, com.android.launcher3.Hotseat{d0af1bb V.ED..... ........ 0,1905-1080,2400 #7f0a01ee app:id/hotseat}]
03-18 20:20:14.188 V/BaseDepthController( 1270): Applying blur: 0 to Surface(name=com.google.android.apps.nexuslauncher/com.google.android.apps.nexuslauncher.NexusLauncherActivity#239)/@0x80e57b5 applyImmediately: false
03-18 20:20:14.188 D/BaseDepthController( 1270): shouldBlurWorkspace: false targetState: Normal currentStableState: Normal mCurrentBlur: 0 mLauncher.getDepthBlurTargets(): [com.android.launcher3.Workspace{7d2ae4a V.ED..... ........ 0,0-1080,2400 #7f0a049d app:id/workspace}, com.android.launcher3.Hotseat{d0af1bb V.ED..... ........ 0,1905-1080,2400 #7f0a01ee app:id/hotseat}]
03-18 20:20:14.238 V/BaseDepthController( 1270): Applying blur: 0 to Surface(name=com.google.android.apps.nexuslauncher/com.google.android.apps.nexuslauncher.NexusLauncherActivity#239)/@0x80e57b5 applyImmediately: false
03-18 20:20:14.239 D/BaseDepthController( 1270): shouldBlurWorkspace: false targetState: Normal currentStableState: Normal mCurrentBlur: 0 mLauncher.getDepthBlurTargets(): [com.android.launcher3.Workspace{7d2ae4a V.ED..... ........ 0,0-1080,2400 #7f0a049d app:id/workspace}, com.android.launcher3.Hotseat{d0af1bb V.ED..... ........ 0,1905-1080,2400 #7f0a01ee app:id/hotseat}]
03-18 20:20:14.319 V/BaseDepthController( 1270): Applying blur: 0 to Surface(name=com.google.android.apps.nexuslauncher/com.google.android.apps.nexuslauncher.NexusLauncherActivity#239)/@0x80e57b5 applyImmediately: false
03-18 20:20:14.319 D/BaseDepthController( 1270): setEarlyWakeup: false
03-18 20:20:14.319 D/BaseDepthController( 1270): shouldBlurWorkspace: false targetState: Normal currentStableState: Normal mCurrentBlur: 0 mLauncher.getDepthBlurTargets(): [com.android.launcher3.Workspace{7d2ae4a V.ED..... ........ 0,0-1080,2400 #7f0a049d app:id/workspace}, com.android.launcher3.Hotseat{d0af1bb V.ED..... ........ 0,1905-1080,2400 #7f0a01ee app:id/hotseat}]
03-18 20:20:14.471 D/ScalingWorkspaceRevealAnim( 1270): onAnimationEnd, workspace and hotseat are visible
03-18 20:20:14.472 V/BaseDepthController( 1270): Applying blur: 0 to Surface(name=com.google.android.apps.nexuslauncher/com.google.android.apps.nexuslauncher.NexusLauncherActivity#239)/@0x80e57b5 applyImmediately: false
03-18 20:20:14.472 D/BaseDepthController( 1270): shouldBlurWorkspace: false targetState: Normal currentStableState: Normal mCurrentBlur: 0 mLauncher.getDepthBlurTargets(): [com.android.launcher3.Workspace{7d2ae4a V.ED..... ......ID 0,0-1080,2400 #7f0a049d app:id/workspace}, com.android.launcher3.Hotseat{d0af1bb V.ED..... ......ID 0,1905-1080,2400 #7f0a01ee app:id/hotseat}]
03-18 20:20:14.482 V/WindowManagerShell( 1115): Received remote transition finished callback for (#17)
03-18 20:20:14.482 V/WindowManagerShell( 1115): Transition animation finished (aborted=false), notifying core (#17) android.os.BinderProxy@e1f67d@0
03-18 20:20:14.485 V/WindowManager(  829): Finish Transition (#17): created at 03-18 20:20:13.095 collect-started=0.109ms request-sent=0.399ms started=21.628ms ready=141.982ms sent=328.722ms commit=33.183ms finished=1388.96ms
03-18 20:20:14.494 E/libbinder.IPCThreadState(  829): Binder transaction failure. id: 1502754, cmd: BR_DEAD_REPLY (29189), error: -22 (Invalid argument)
03-18 20:20:14.497 W/ActivityManager(  829): pid 829 system sent binder code 7 with flags 1 and got error -32
03-18 20:20:14.501 W/WindowManager(  829): Exception thrown during dispatchAppVisibility Window{8ebd32f u0 com.eazpire.creator/com.eazpire.creator.MainActivity EXITING}
03-18 20:20:14.501 W/WindowManager(  829): android.os.DeadObjectException
03-18 20:20:14.501 W/WindowManager(  829): 	at android.os.BinderProxy.transactNative(Native Method)
03-18 20:20:14.501 W/WindowManager(  829): 	at android.os.BinderProxy.transact(BinderProxy.java:599)
03-18 20:20:14.501 W/WindowManager(  829): 	at android.view.IWindow$Stub$Proxy.dispatchAppVisibility(IWindow.java:535)
03-18 20:20:14.501 W/WindowManager(  829): 	at com.android.server.wm.WindowState.sendAppVisibilityToClients(WindowState.java:3266)
03-18 20:20:14.501 W/WindowManager(  829): 	at com.android.server.wm.WindowContainer.sendAppVisibilityToClients(WindowContainer.java:1218)
03-18 20:20:14.501 W/WindowManager(  829): 	at com.android.server.wm.WindowToken.setClientVisible(WindowToken.java:394)
03-18 20:20:14.501 W/WindowManager(  829): 	at com.android.server.wm.ActivityRecord.commitVisibility(ActivityRecord.java:5626)
03-18 20:20:14.501 W/WindowManager(  829): 	at com.android.server.wm.Transition.finishTransition(Transition.java:1500)
03-18 20:20:14.501 W/WindowManager(  829): 	at com.android.server.wm.TransitionController.finishTransition(TransitionController.java:1096)
03-18 20:20:14.501 W/WindowManager(  829): 	at com.android.server.wm.WindowOrganizerController.finishTransition(WindowOrganizerController.java:518)
03-18 20:20:14.501 W/WindowManager(  829): 	at android.window.IWindowOrganizerController$Stub.onTransact(IWindowOrganizerController.java:270)
03-18 20:20:14.501 W/WindowManager(  829): 	at com.android.server.wm.WindowOrganizerController.onTransact(WindowOrganizerController.java:233)
03-18 20:20:14.501 W/WindowManager(  829): 	at android.os.Binder.execTransactInternal(Binder.java:1478)
03-18 20:20:14.501 W/WindowManager(  829): 	at android.os.Binder.execTransact(Binder.java:1418)
03-18 20:20:14.501 W/Process (  829): Unable to open /proc/9446/status
03-18 20:20:14.514 V/WindowManagerShell( 1115): Track 0 became idle
03-18 20:20:14.519 V/WindowManagerShell( 1115): All active transition animations finished
03-18 20:20:14.528 V/ShellTaskOrganizer( 1115): Task vanished taskId=10
03-18 20:20:14.528 V/ShellTaskOrganizer( 1115): Fullscreen Task Vanished: #10
03-18 20:20:14.528 V/ShellDesktopMode( 1115): Task Vanished: #10 closed=true
03-18 20:20:14.528 D/ShellDesktopMode( 1115): AppToWebRepository: Task 10 is vanishing. Removing task data from repository
03-18 20:20:14.530 V/AppCompat( 1115): SingleSurfaceLetterboxController: []
03-18 20:20:14.531 V/AppCompat( 1115): MultiSurfaceLetterboxController: []
03-18 20:20:14.531 V/AppCompat( 1115): LetterboxInputController: []
03-18 20:20:14.531 V/AppCompat( 1115): RoundedCornersLetterboxController: {}
03-18 20:20:14.550 D/RecentsView( 1270): onTaskRemoved: 10, not handling task stack changes
03-18 20:20:14.550 D/RecentsView( 1270): onTaskRemoved: 10, not handling task stack changes
03-18 20:20:14.550 D/b/417220811( 1270): invalidateLoadedTasks - previous requestLoadId: -1
03-18 20:20:14.551 W/ImageReader_JNI(  829): Unable to acquire a buffer item, very likely client tried to acquire more than maxImages buffers
03-18 20:20:14.565 E/BpTransactionCompletedListener(  653): Failed to transact (-32)
03-18 20:20:14.603 D/HWUI    (  829): --- Failed to create image decoder with message 'unimplemented'
03-18 20:20:14.613 W/WindowManager(  829): Failed to load bitmap: /data/system_ce/0/snapshots/d839fd32-c150-4cc0-94db-a0f0108fdbf9/10.jpg
03-18 20:20:14.616 W/WindowManager(  829): takeTaskSnapshot: taskId=10 not found or not visible
03-18 20:20:16.342 I/HalDevMgr(  829): bestIfaceCreationProposal is null, requestIface=STA, existingIface=[name=wlan0 type=STA]
03-18 20:20:17.522 E/TaskPersister(  829): File error accessing recents directory (directory doesn't exist?).
03-18 20:20:19.356 I/HalDevMgr(  829): bestIfaceCreationProposal is null, requestIface=STA, existingIface=[name=wlan0 type=STA]
03-18 20:20:21.557 W/libbinder.BackendUnifiedServiceManager( 9572): Thread Pool max thread count is 0. Cannot cache binder as linkToDeath cannot be implemented. serviceName: package
03-18 20:20:21.672 I/artd    ( 2548): GetBestInfo: odex next to the dex file (/data/app/~~tbG4juFgRU2dCBO6E7tZDA==/com.google.android.gms-6zp80s4nuSDHwMUHbN31DA==/oat/x86_64/base.odex) is kOatUpToDate with filter 'speed-profile' executable 'false'
03-18 20:20:21.705 I/artd    ( 2548): GetBestInfo: odex next to the dex file (/data/app/~~tbG4juFgRU2dCBO6E7tZDA==/com.google.android.gms-6zp80s4nuSDHwMUHbN31DA==/oat/x86_64/split_AdsDynamite_installtime.odex) is kOatUpToDate with filter 'speed' executable 'false'
03-18 20:20:21.716 I/artd    ( 2548): GetBestInfo: odex next to the dex file (/data/app/~~tbG4juFgRU2dCBO6E7tZDA==/com.google.android.gms-6zp80s4nuSDHwMUHbN31DA==/oat/x86_64/split_CronetDynamite_installtime.odex) is kOatUpToDate with filter 'speed' executable 'false'
03-18 20:20:21.719 I/artd    ( 2548): GetBestInfo: odex next to the dex file (/data/app/~~tbG4juFgRU2dCBO6E7tZDA==/com.google.android.gms-6zp80s4nuSDHwMUHbN31DA==/oat/x86_64/split_DynamiteLoader_installtime.odex) is kOatUpToDate with filter 'speed' executable 'false'
03-18 20:20:21.721 I/artd    ( 2548): GetBestInfo: odex next to the dex file (/data/app/~~tbG4juFgRU2dCBO6E7tZDA==/com.google.android.gms-6zp80s4nuSDHwMUHbN31DA==/oat/x86_64/split_DynamiteModulesA_installtime.odex) is kOatUpToDate with filter 'speed' executable 'false'
03-18 20:20:21.723 I/artd    ( 2548): GetBestInfo: odex next to the dex file (/data/app/~~tbG4juFgRU2dCBO6E7tZDA==/com.google.android.gms-6zp80s4nuSDHwMUHbN31DA==/oat/x86_64/split_DynamiteModulesC_installtime.odex) is kOatUpToDate with filter 'speed' executable 'false'
03-18 20:20:21.729 I/artd    ( 2548): GetBestInfo: odex next to the dex file (/data/app/~~tbG4juFgRU2dCBO6E7tZDA==/com.google.android.gms-6zp80s4nuSDHwMUHbN31DA==/oat/x86_64/split_GoogleCertificates_installtime.odex) is kOatUpToDate with filter 'speed' executable 'false'
03-18 20:20:21.734 I/artd    ( 2548): GetBestInfo: odex next to the dex file (/data/app/~~tbG4juFgRU2dCBO6E7tZDA==/com.google.android.gms-6zp80s4nuSDHwMUHbN31DA==/oat/x86_64/split_MapsDynamite_installtime.odex) is kOatUpToDate with filter 'speed' executable 'false'
03-18 20:20:21.740 I/artd    ( 2548): GetBestInfo: odex next to the dex file (/data/app/~~tbG4juFgRU2dCBO6E7tZDA==/com.google.android.gms-6zp80s4nuSDHwMUHbN31DA==/oat/x86_64/split_MeasurementDynamite_installtime.odex) is kOatUpToDate with filter 'speed' executable 'false'
03-18 20:20:21.749 D/SatelliteController( 1261): iisInCarrierRoamingNbIotNtn: satellite is disabled
03-18 20:20:21.750 D/SatelliteController( 1261): getCarrierRoamingNtnConnectType: Falling back to global carrier config connect type: 0
03-18 20:20:21.751 I/artd    ( 2548): GetBestInfo: /data/user_de/0/com.google.android.gms/app_chimera/m/0000000d/dl-MlkitBarcodeUi.optional_253434100800.apk has no usable artifacts
03-18 20:20:21.753 I/artd    ( 2548): GetBestInfo: /data/user_de/0/com.google.android.gms/app_chimera/m/00000001/CronetDynamite.apk has no usable artifacts
03-18 20:20:21.756 I/artd    ( 2548): GetBestInfo: /data/user_de/0/com.google.android.gms/app_chimera/m/00000014/dl-MlkitBarcodeUi.optional_260931100800.apk has no usable artifacts
03-18 20:20:21.762 I/artd    ( 2548): GetBestInfo: /data/user_de/0/com.google.android.gms/app_chimera/m/00000013/dl-Appsearch.optional_260931100800.apk has no usable artifacts
03-18 20:20:21.765 I/artd    ( 2548): GetBestInfo: /data/user_de/0/com.google.android.gms/app_chimera/m/00000002/DynamiteLoader.apk has no usable artifacts
03-18 20:20:21.766 I/artd    ( 2548): GetBestInfo: /data/user_de/0/com.google.android.gms/app_chimera/m/00000005/GoogleCertificates.apk has no usable artifacts
03-18 20:20:21.768 I/artd    ( 2548): GetBestInfo: /data/user_de/0/com.google.android.gms/app_chimera/m/00000009/dl-TfliteDynamiteDynamite.integ_252130102100800.apk has no usable artifacts
03-18 20:20:21.770 I/artd    ( 2548): GetBestInfo: /data/user_de/0/com.google.android.gms/app_chimera/m/00000011/dl-MlkitOcrCommon.optional_260931100800.apk has no usable artifacts
03-18 20:20:21.773 I/artd    ( 2548): GetBestInfo: /data/user_de/0/com.google.android.gms/app_chimera/m/0000000a/dl-MlkitOcrCommon.optional_253434100800.apk has no usable artifacts
03-18 20:20:21.778 I/artd    ( 2548): GetBestInfo: vdex next to the dex file (/data/user/0/com.google.android.gms/app_dg_cache/E893C01D331CD1FBE6F076D28A1BA871F16A1DEC/oat/x86_64/the.vdex) is kOatUpToDate with filter 'verify' executable 'false'
03-18 20:20:21.785 I/artd    ( 2548): GetBestInfo: /data/user_de/0/com.google.android.gms/app_chimera/m/00000012/dl-VisionOcr.optional_260931100000.apk has no usable artifacts
03-18 20:20:21.789 I/artd    ( 2548): GetBestInfo: /data/user_de/0/com.google.android.gms/app_chimera/m/00000008/dl-VisionOcr.optional_253434100000.apk has no usable artifacts
03-18 20:20:21.791 I/artd    ( 2548): GetBestInfo: /data/user_de/0/com.google.android.gms/app_chimera/m/0000000b/dl-Appsearch.optional_253434100800.apk has no usable artifacts
03-18 20:20:21.796 I/artd    ( 2548): GetBestInfo: /data/user_de/0/com.google.android.gms/app_chimera/m/00000007/MeasurementDynamite.apk has no usable artifacts
03-18 20:20:21.799 I/artd    ( 2548): GetBestInfo: /data/user_de/0/com.google.android.gms/app_chimera/m/0000000f/dl-PlayCloudSearch.optional_260931100000.apk has no usable artifacts
03-18 20:20:21.803 I/artd    ( 2548): GetBestInfo: /data/user_de/0/com.google.android.gms/app_chimera/m/0000000e/dl-PlayCloudSearch.optional_253434100000.apk has no usable artifacts
03-18 20:20:22.369 I/HalDevMgr(  829): bestIfaceCreationProposal is null, requestIface=STA, existingIface=[name=wlan0 type=STA]
03-18 20:20:25.382 I/HalDevMgr(  829): bestIfaceCreationProposal is null, requestIface=STA, existingIface=[name=wlan0 type=STA]
03-18 20:20:28.394 I/HalDevMgr(  829): bestIfaceCreationProposal is null, requestIface=STA, existingIface=[name=wlan0 type=STA]
03-18 20:20:31.403 I/HalDevMgr(  829): bestIfaceCreationProposal is null, requestIface=STA, existingIface=[name=wlan0 type=STA]
03-18 20:20:31.547 W/libbinder.BackendUnifiedServiceManager( 9575): Thread Pool max thread count is 0. Cannot cache binder as linkToDeath cannot be implemented. serviceName: package
03-18 20:20:31.757 D/SatelliteController( 1261): iisInCarrierRoamingNbIotNtn: satellite is disabled
03-18 20:20:31.768 D/SatelliteController( 1261): getCarrierRoamingNtnConnectType: Falling back to global carrier config connect type: 0
03-18 20:20:31.872 I/artd    ( 2548): GetBestInfo: odex next to the dex file (/data/app/~~tbG4juFgRU2dCBO6E7tZDA==/com.google.android.gms-6zp80s4nuSDHwMUHbN31DA==/oat/x86_64/base.odex) is kOatUpToDate with filter 'speed-profile' executable 'false'
03-18 20:20:31.874 I/artd    ( 2548): GetBestInfo: odex next to the dex file (/data/app/~~tbG4juFgRU2dCBO6E7tZDA==/com.google.android.gms-6zp80s4nuSDHwMUHbN31DA==/oat/x86_64/split_AdsDynamite_installtime.odex) is kOatUpToDate with filter 'speed' executable 'false'
03-18 20:20:31.876 I/artd    ( 2548): GetBestInfo: odex next to the dex file (/data/app/~~tbG4juFgRU2dCBO6E7tZDA==/com.google.android.gms-6zp80s4nuSDHwMUHbN31DA==/oat/x86_64/split_CronetDynamite_installtime.odex) is kOatUpToDate with filter 'speed' executable 'false'
03-18 20:20:31.879 I/artd    ( 2548): GetBestInfo: odex next to the dex file (/data/app/~~tbG4juFgRU2dCBO6E7tZDA==/com.google.android.gms-6zp80s4nuSDHwMUHbN31DA==/oat/x86_64/split_DynamiteLoader_installtime.odex) is kOatUpToDate with filter 'speed' executable 'false'
03-18 20:20:31.881 I/artd    ( 2548): GetBestInfo: odex next to the dex file (/data/app/~~tbG4juFgRU2dCBO6E7tZDA==/com.google.android.gms-6zp80s4nuSDHwMUHbN31DA==/oat/x86_64/split_DynamiteModulesA_installtime.odex) is kOatUpToDate with filter 'speed' executable 'false'
03-18 20:20:31.883 I/artd    ( 2548): GetBestInfo: odex next to the dex file (/data/app/~~tbG4juFgRU2dCBO6E7tZDA==/com.google.android.gms-6zp80s4nuSDHwMUHbN31DA==/oat/x86_64/split_DynamiteModulesC_installtime.odex) is kOatUpToDate with filter 'speed' executable 'false'
03-18 20:20:31.886 I/artd    ( 2548): GetBestInfo: odex next to the dex file (/data/app/~~tbG4juFgRU2dCBO6E7tZDA==/com.google.android.gms-6zp80s4nuSDHwMUHbN31DA==/oat/x86_64/split_GoogleCertificates_installtime.odex) is kOatUpToDate with filter 'speed' executable 'false'
03-18 20:20:31.887 I/artd    ( 2548): GetBestInfo: odex next to the dex file (/data/app/~~tbG4juFgRU2dCBO6E7tZDA==/com.google.android.gms-6zp80s4nuSDHwMUHbN31DA==/oat/x86_64/split_MapsDynamite_installtime.odex) is kOatUpToDate with filter 'speed' executable 'false'
03-18 20:20:31.890 I/artd    ( 2548): GetBestInfo: odex next to the dex file (/data/app/~~tbG4juFgRU2dCBO6E7tZDA==/com.google.android.gms-6zp80s4nuSDHwMUHbN31DA==/oat/x86_64/split_MeasurementDynamite_installtime.odex) is kOatUpToDate with filter 'speed' executable 'false'
03-18 20:20:31.892 I/artd    ( 2548): GetBestInfo: /data/user_de/0/com.google.android.gms/app_chimera/m/0000000d/dl-MlkitBarcodeUi.optional_253434100800.apk has no usable artifacts
03-18 20:20:31.894 I/artd    ( 2548): GetBestInfo: /data/user_de/0/com.google.android.gms/app_chimera/m/00000001/CronetDynamite.apk has no usable artifacts
03-18 20:20:31.895 I/artd    ( 2548): GetBestInfo: /data/user_de/0/com.google.android.gms/app_chimera/m/00000014/dl-MlkitBarcodeUi.optional_260931100800.apk has no usable artifacts
03-18 20:20:31.896 I/artd    ( 2548): GetBestInfo: /data/user_de/0/com.google.android.gms/app_chimera/m/00000013/dl-Appsearch.optional_260931100800.apk has no usable artifacts
03-18 20:20:31.897 I/artd    ( 2548): GetBestInfo: /data/user_de/0/com.google.android.gms/app_chimera/m/00000002/DynamiteLoader.apk has no usable artifacts
03-18 20:20:31.899 I/artd    ( 2548): GetBestInfo: /data/user_de/0/com.google.android.gms/app_chimera/m/00000005/GoogleCertificates.apk has no usable artifacts
03-18 20:20:31.902 I/artd    ( 2548): GetBestInfo: /data/user_de/0/com.google.android.gms/app_chimera/m/00000009/dl-TfliteDynamiteDynamite.integ_252130102100800.apk has no usable artifacts
03-18 20:20:31.904 I/artd    ( 2548): GetBestInfo: /data/user_de/0/com.google.android.gms/app_chimera/m/00000011/dl-MlkitOcrCommon.optional_260931100800.apk has no usable artifacts
03-18 20:20:31.907 I/artd    ( 2548): GetBestInfo: /data/user_de/0/com.google.android.gms/app_chimera/m/0000000a/dl-MlkitOcrCommon.optional_253434100800.apk has no usable artifacts
03-18 20:20:31.909 I/artd    ( 2548): GetBestInfo: vdex next to the dex file (/data/user/0/com.google.android.gms/app_dg_cache/E893C01D331CD1FBE6F076D28A1BA871F16A1DEC/oat/x86_64/the.vdex) is kOatUpToDate with filter 'verify' executable 'false'
03-18 20:20:31.913 I/artd    ( 2548): GetBestInfo: /data/user_de/0/com.google.android.gms/app_chimera/m/00000012/dl-VisionOcr.optional_260931100000.apk has no usable artifacts
03-18 20:20:31.916 I/artd    ( 2548): GetBestInfo: /data/user_de/0/com.google.android.gms/app_chimera/m/00000008/dl-VisionOcr.optional_253434100000.apk has no usable artifacts
03-18 20:20:31.918 I/artd    ( 2548): GetBestInfo: /data/user_de/0/com.google.android.gms/app_chimera/m/0000000b/dl-Appsearch.optional_253434100800.apk has no usable artifacts
03-18 20:20:31.919 I/artd    ( 2548): GetBestInfo: /data/user_de/0/com.google.android.gms/app_chimera/m/00000007/MeasurementDynamite.apk has no usable artifacts
03-18 20:20:31.921 I/artd    ( 2548): GetBestInfo: /data/user_de/0/com.google.android.gms/app_chimera/m/0000000f/dl-PlayCloudSearch.optional_260931100000.apk has no usable artifacts
03-18 20:20:31.923 I/artd    ( 2548): GetBestInfo: /data/user_de/0/com.google.android.gms/app_chimera/m/0000000e/dl-PlayCloudSearch.optional_253434100000.apk has no usable artifacts
03-18 20:20:34.415 I/HalDevMgr(  829): bestIfaceCreationProposal is null, requestIface=STA, existingIface=[name=wlan0 type=STA]
03-18 20:20:37.447 I/HalDevMgr(  829): bestIfaceCreationProposal is null, requestIface=STA, existingIface=[name=wlan0 type=STA]
03-18 20:20:40.460 I/HalDevMgr(  829): bestIfaceCreationProposal is null, requestIface=STA, existingIface=[name=wlan0 type=STA]
03-18 20:20:41.585 W/libbinder.BackendUnifiedServiceManager( 9578): Thread Pool max thread count is 0. Cannot cache binder as linkToDeath cannot be implemented. serviceName: package
03-18 20:20:41.791 D/SatelliteController( 1261): iisInCarrierRoamingNbIotNtn: satellite is disabled
03-18 20:20:41.830 D/SatelliteController( 1261): getCarrierRoamingNtnConnectType: Falling back to global carrier config connect type: 0
03-18 20:20:41.942 I/artd    ( 2548): GetBestInfo: odex next to the dex file (/data/app/~~tbG4juFgRU2dCBO6E7tZDA==/com.google.android.gms-6zp80s4nuSDHwMUHbN31DA==/oat/x86_64/base.odex) is kOatUpToDate with filter 'speed-profile' executable 'false'
03-18 20:20:41.985 I/artd    ( 2548): GetBestInfo: odex next to the dex file (/data/app/~~tbG4juFgRU2dCBO6E7tZDA==/com.google.android.gms-6zp80s4nuSDHwMUHbN31DA==/oat/x86_64/split_AdsDynamite_installtime.odex) is kOatUpToDate with filter 'speed' executable 'false'
03-18 20:20:41.986 I/artd    ( 2548): GetBestInfo: odex next to the dex file (/data/app/~~tbG4juFgRU2dCBO6E7tZDA==/com.google.android.gms-6zp80s4nuSDHwMUHbN31DA==/oat/x86_64/split_CronetDynamite_installtime.odex) is kOatUpToDate with filter 'speed' executable 'false'
03-18 20:20:41.991 I/artd    ( 2548): GetBestInfo: odex next to the dex file (/data/app/~~tbG4juFgRU2dCBO6E7tZDA==/com.google.android.gms-6zp80s4nuSDHwMUHbN31DA==/oat/x86_64/split_DynamiteLoader_installtime.odex) is kOatUpToDate with filter 'speed' executable 'false'
03-18 20:20:41.994 I/artd    ( 2548): GetBestInfo: odex next to the dex file (/data/app/~~tbG4juFgRU2dCBO6E7tZDA==/com.google.android.gms-6zp80s4nuSDHwMUHbN31DA==/oat/x86_64/split_DynamiteModulesA_installtime.odex) is kOatUpToDate with filter 'speed' executable 'false'
03-18 20:20:41.998 I/artd    ( 2548): GetBestInfo: odex next to the dex file (/data/app/~~tbG4juFgRU2dCBO6E7tZDA==/com.google.android.gms-6zp80s4nuSDHwMUHbN31DA==/oat/x86_64/split_DynamiteModulesC_installtime.odex) is kOatUpToDate with filter 'speed' executable 'false'
03-18 20:20:42.000 I/artd    ( 2548): GetBestInfo: odex next to the dex file (/data/app/~~tbG4juFgRU2dCBO6E7tZDA==/com.google.android.gms-6zp80s4nuSDHwMUHbN31DA==/oat/x86_64/split_GoogleCertificates_installtime.odex) is kOatUpToDate with filter 'speed' executable 'false'
03-18 20:20:42.004 I/artd    ( 2548): GetBestInfo: odex next to the dex file (/data/app/~~tbG4juFgRU2dCBO6E7tZDA==/com.google.android.gms-6zp80s4nuSDHwMUHbN31DA==/oat/x86_64/split_MapsDynamite_installtime.odex) is kOatUpToDate with filter 'speed' executable 'false'
03-18 20:20:42.008 I/artd    ( 2548): GetBestInfo: odex next to the dex file (/data/app/~~tbG4juFgRU2dCBO6E7tZDA==/com.google.android.gms-6zp80s4nuSDHwMUHbN31DA==/oat/x86_64/split_MeasurementDynamite_installtime.odex) is kOatUpToDate with filter 'speed' executable 'false'
03-18 20:20:42.011 I/artd    ( 2548): GetBestInfo: /data/user_de/0/com.google.android.gms/app_chimera/m/0000000d/dl-MlkitBarcodeUi.optional_253434100800.apk has no usable artifacts
03-18 20:20:42.012 I/artd    ( 2548): GetBestInfo: /data/user_de/0/com.google.android.gms/app_chimera/m/00000001/CronetDynamite.apk has no usable artifacts
03-18 20:20:42.015 I/artd    ( 2548): GetBestInfo: /data/user_de/0/com.google.android.gms/app_chimera/m/00000014/dl-MlkitBarcodeUi.optional_260931100800.apk has no usable artifacts
03-18 20:20:42.021 I/artd    ( 2548): GetBestInfo: /data/user_de/0/com.google.android.gms/app_chimera/m/00000013/dl-Appsearch.optional_260931100800.apk has no usable artifacts
03-18 20:20:42.024 I/artd    ( 2548): GetBestInfo: /data/user_de/0/com.google.android.gms/app_chimera/m/00000002/DynamiteLoader.apk has no usable artifacts
03-18 20:20:42.035 I/artd    ( 2548): GetBestInfo: /data/user_de/0/com.google.android.gms/app_chimera/m/00000005/GoogleCertificates.apk has no usable artifacts
03-18 20:20:42.037 I/artd    ( 2548): GetBestInfo: /data/user_de/0/com.google.android.gms/app_chimera/m/00000009/dl-TfliteDynamiteDynamite.integ_252130102100800.apk has no usable artifacts
03-18 20:20:42.039 I/artd    ( 2548): GetBestInfo: /data/user_de/0/com.google.android.gms/app_chimera/m/00000011/dl-MlkitOcrCommon.optional_260931100800.apk has no usable artifacts
03-18 20:20:42.043 I/artd    ( 2548): GetBestInfo: /data/user_de/0/com.google.android.gms/app_chimera/m/0000000a/dl-MlkitOcrCommon.optional_253434100800.apk has no usable artifacts
03-18 20:20:42.046 I/artd    ( 2548): GetBestInfo: vdex next to the dex file (/data/user/0/com.google.android.gms/app_dg_cache/E893C01D331CD1FBE6F076D28A1BA871F16A1DEC/oat/x86_64/the.vdex) is kOatUpToDate with filter 'verify' executable 'false'
03-18 20:20:42.048 I/artd    ( 2548): GetBestInfo: /data/user_de/0/com.google.android.gms/app_chimera/m/00000012/dl-VisionOcr.optional_260931100000.apk has no usable artifacts
03-18 20:20:42.052 I/artd    ( 2548): GetBestInfo: /data/user_de/0/com.google.android.gms/app_chimera/m/00000008/dl-VisionOcr.optional_253434100000.apk has no usable artifacts
