03-18 20:20:42.055 I/artd    ( 2548): GetBestInfo: /data/user_de/0/com.google.android.gms/app_chimera/m/0000000b/dl-Appsearch.optional_253434100800.apk has no usable artifacts
03-18 20:20:42.057 I/artd    ( 2548): GetBestInfo: /data/user_de/0/com.google.android.gms/app_chimera/m/00000007/MeasurementDynamite.apk has no usable artifacts
03-18 20:20:42.061 I/artd    ( 2548): GetBestInfo: /data/user_de/0/com.google.android.gms/app_chimera/m/0000000f/dl-PlayCloudSearch.optional_260931100000.apk has no usable artifacts
03-18 20:20:42.068 I/artd    ( 2548): GetBestInfo: /data/user_de/0/com.google.android.gms/app_chimera/m/0000000e/dl-PlayCloudSearch.optional_253434100000.apk has no usable artifacts
03-18 20:20:42.104 I/system_server(  829): Background young concurrent mark compact GC freed 23MB AllocSpace bytes, 12(220KB) LOS objects, 36% free, 35MB/56MB, paused 33.972ms,3.194ms total 516.041ms
03-18 20:20:43.473 I/HalDevMgr(  829): bestIfaceCreationProposal is null, requestIface=STA, existingIface=[name=wlan0 type=STA]
03-18 20:20:46.523 I/HalDevMgr(  829): bestIfaceCreationProposal is null, requestIface=STA, existingIface=[name=wlan0 type=STA]
03-18 20:20:49.533 I/HalDevMgr(  829): bestIfaceCreationProposal is null, requestIface=STA, existingIface=[name=wlan0 type=STA]
03-18 20:20:49.932 W/AppOps  (  829): Noting op not finished: uid 10155 pkg com.google.android.gms code 113 startTime of in progress event=1773863999790
03-18 20:20:49.968 W/AppOps  (  829): Noting op not finished: uid 10155 pkg com.google.android.gms code 79 startTime of in progress event=1773863999789
03-18 20:20:49.976 I/ActivityScheduler( 1452): nextTriggerTime: 8158634, in 238100ms, detectorType: 39, FULL_TYPE alarmWindowMillis: 80000
03-18 20:20:50.941 W/AppOps  (  829): Noting op not finished: uid 10155 pkg com.google.android.gms code 113 startTime of in progress event=1773863999790
03-18 20:20:51.569 W/libbinder.BackendUnifiedServiceManager( 9584): Thread Pool max thread count is 0. Cannot cache binder as linkToDeath cannot be implemented. serviceName: package
03-18 20:20:51.695 I/artd    ( 2548): GetBestInfo: odex next to the dex file (/data/app/~~tbG4juFgRU2dCBO6E7tZDA==/com.google.android.gms-6zp80s4nuSDHwMUHbN31DA==/oat/x86_64/base.odex) is kOatUpToDate with filter 'speed-profile' executable 'false'
03-18 20:20:51.697 I/artd    ( 2548): GetBestInfo: odex next to the dex file (/data/app/~~tbG4juFgRU2dCBO6E7tZDA==/com.google.android.gms-6zp80s4nuSDHwMUHbN31DA==/oat/x86_64/split_AdsDynamite_installtime.odex) is kOatUpToDate with filter 'speed' executable 'false'
03-18 20:20:51.699 I/artd    ( 2548): GetBestInfo: odex next to the dex file (/data/app/~~tbG4juFgRU2dCBO6E7tZDA==/com.google.android.gms-6zp80s4nuSDHwMUHbN31DA==/oat/x86_64/split_CronetDynamite_installtime.odex) is kOatUpToDate with filter 'speed' executable 'false'
03-18 20:20:51.727 I/artd    ( 2548): GetBestInfo: odex next to the dex file (/data/app/~~tbG4juFgRU2dCBO6E7tZDA==/com.google.android.gms-6zp80s4nuSDHwMUHbN31DA==/oat/x86_64/split_DynamiteLoader_installtime.odex) is kOatUpToDate with filter 'speed' executable 'false'
03-18 20:20:51.730 I/artd    ( 2548): GetBestInfo: odex next to the dex file (/data/app/~~tbG4juFgRU2dCBO6E7tZDA==/com.google.android.gms-6zp80s4nuSDHwMUHbN31DA==/oat/x86_64/split_DynamiteModulesA_installtime.odex) is kOatUpToDate with filter 'speed' executable 'false'
03-18 20:20:51.732 I/artd    ( 2548): GetBestInfo: odex next to the dex file (/data/app/~~tbG4juFgRU2dCBO6E7tZDA==/com.google.android.gms-6zp80s4nuSDHwMUHbN31DA==/oat/x86_64/split_DynamiteModulesC_installtime.odex) is kOatUpToDate with filter 'speed' executable 'false'
03-18 20:20:51.734 I/artd    ( 2548): GetBestInfo: odex next to the dex file (/data/app/~~tbG4juFgRU2dCBO6E7tZDA==/com.google.android.gms-6zp80s4nuSDHwMUHbN31DA==/oat/x86_64/split_GoogleCertificates_installtime.odex) is kOatUpToDate with filter 'speed' executable 'false'
03-18 20:20:51.736 I/artd    ( 2548): GetBestInfo: odex next to the dex file (/data/app/~~tbG4juFgRU2dCBO6E7tZDA==/com.google.android.gms-6zp80s4nuSDHwMUHbN31DA==/oat/x86_64/split_MapsDynamite_installtime.odex) is kOatUpToDate with filter 'speed' executable 'false'
03-18 20:20:51.739 I/artd    ( 2548): GetBestInfo: odex next to the dex file (/data/app/~~tbG4juFgRU2dCBO6E7tZDA==/com.google.android.gms-6zp80s4nuSDHwMUHbN31DA==/oat/x86_64/split_MeasurementDynamite_installtime.odex) is kOatUpToDate with filter 'speed' executable 'false'
03-18 20:20:51.741 I/artd    ( 2548): GetBestInfo: /data/user_de/0/com.google.android.gms/app_chimera/m/0000000d/dl-MlkitBarcodeUi.optional_253434100800.apk has no usable artifacts
03-18 20:20:51.743 I/artd    ( 2548): GetBestInfo: /data/user_de/0/com.google.android.gms/app_chimera/m/00000001/CronetDynamite.apk has no usable artifacts
03-18 20:20:51.744 D/SatelliteController( 1261): iisInCarrierRoamingNbIotNtn: satellite is disabled
03-18 20:20:51.744 D/SatelliteController( 1261): getCarrierRoamingNtnConnectType: Falling back to global carrier config connect type: 0
03-18 20:20:51.745 I/artd    ( 2548): GetBestInfo: /data/user_de/0/com.google.android.gms/app_chimera/m/00000014/dl-MlkitBarcodeUi.optional_260931100800.apk has no usable artifacts
03-18 20:20:51.749 I/artd    ( 2548): GetBestInfo: /data/user_de/0/com.google.android.gms/app_chimera/m/00000013/dl-Appsearch.optional_260931100800.apk has no usable artifacts
03-18 20:20:51.750 I/artd    ( 2548): GetBestInfo: /data/user_de/0/com.google.android.gms/app_chimera/m/00000002/DynamiteLoader.apk has no usable artifacts
03-18 20:20:51.750 I/artd    ( 2548): GetBestInfo: /data/user_de/0/com.google.android.gms/app_chimera/m/00000005/GoogleCertificates.apk has no usable artifacts
03-18 20:20:51.752 I/artd    ( 2548): GetBestInfo: /data/user_de/0/com.google.android.gms/app_chimera/m/00000009/dl-TfliteDynamiteDynamite.integ_252130102100800.apk has no usable artifacts
03-18 20:20:51.755 I/artd    ( 2548): GetBestInfo: /data/user_de/0/com.google.android.gms/app_chimera/m/00000011/dl-MlkitOcrCommon.optional_260931100800.apk has no usable artifacts
03-18 20:20:51.757 I/artd    ( 2548): GetBestInfo: /data/user_de/0/com.google.android.gms/app_chimera/m/0000000a/dl-MlkitOcrCommon.optional_253434100800.apk has no usable artifacts
03-18 20:20:51.760 I/artd    ( 2548): GetBestInfo: vdex next to the dex file (/data/user/0/com.google.android.gms/app_dg_cache/E893C01D331CD1FBE6F076D28A1BA871F16A1DEC/oat/x86_64/the.vdex) is kOatUpToDate with filter 'verify' executable 'false'
03-18 20:20:51.761 I/artd    ( 2548): GetBestInfo: /data/user_de/0/com.google.android.gms/app_chimera/m/00000012/dl-VisionOcr.optional_260931100000.apk has no usable artifacts
03-18 20:20:51.763 I/artd    ( 2548): GetBestInfo: /data/user_de/0/com.google.android.gms/app_chimera/m/00000008/dl-VisionOcr.optional_253434100000.apk has no usable artifacts
03-18 20:20:51.765 I/artd    ( 2548): GetBestInfo: /data/user_de/0/com.google.android.gms/app_chimera/m/0000000b/dl-Appsearch.optional_253434100800.apk has no usable artifacts
03-18 20:20:51.767 I/artd    ( 2548): GetBestInfo: /data/user_de/0/com.google.android.gms/app_chimera/m/00000007/MeasurementDynamite.apk has no usable artifacts
03-18 20:20:51.770 I/artd    ( 2548): GetBestInfo: /data/user_de/0/com.google.android.gms/app_chimera/m/0000000f/dl-PlayCloudSearch.optional_260931100000.apk has no usable artifacts
03-18 20:20:51.773 I/artd    ( 2548): GetBestInfo: /data/user_de/0/com.google.android.gms/app_chimera/m/0000000e/dl-PlayCloudSearch.optional_253434100000.apk has no usable artifacts
03-18 20:20:52.542 I/HalDevMgr(  829): bestIfaceCreationProposal is null, requestIface=STA, existingIface=[name=wlan0 type=STA]
03-18 20:20:55.554 I/HalDevMgr(  829): bestIfaceCreationProposal is null, requestIface=STA, existingIface=[name=wlan0 type=STA]
03-18 20:20:58.604 I/HalDevMgr(  829): bestIfaceCreationProposal is null, requestIface=STA, existingIface=[name=wlan0 type=STA]
03-18 20:21:01.689 I/HalDevMgr(  829): bestIfaceCreationProposal is null, requestIface=STA, existingIface=[name=wlan0 type=STA]
03-18 20:21:01.696 W/libbinder.BackendUnifiedServiceManager( 9587): Thread Pool max thread count is 0. Cannot cache binder as linkToDeath cannot be implemented. serviceName: package
03-18 20:21:01.766 D/SatelliteController( 1261): iisInCarrierRoamingNbIotNtn: satellite is disabled
03-18 20:21:01.778 D/SatelliteController( 1261): getCarrierRoamingNtnConnectType: Falling back to global carrier config connect type: 0
03-18 20:21:02.107 I/artd    ( 2548): GetBestInfo: odex next to the dex file (/data/app/~~tbG4juFgRU2dCBO6E7tZDA==/com.google.android.gms-6zp80s4nuSDHwMUHbN31DA==/oat/x86_64/base.odex) is kOatUpToDate with filter 'speed-profile' executable 'false'
03-18 20:21:02.129 I/artd    ( 2548): GetBestInfo: odex next to the dex file (/data/app/~~tbG4juFgRU2dCBO6E7tZDA==/com.google.android.gms-6zp80s4nuSDHwMUHbN31DA==/oat/x86_64/split_AdsDynamite_installtime.odex) is kOatUpToDate with filter 'speed' executable 'false'
03-18 20:21:02.139 I/artd    ( 2548): GetBestInfo: odex next to the dex file (/data/app/~~tbG4juFgRU2dCBO6E7tZDA==/com.google.android.gms-6zp80s4nuSDHwMUHbN31DA==/oat/x86_64/split_CronetDynamite_installtime.odex) is kOatUpToDate with filter 'speed' executable 'false'
03-18 20:21:02.153 I/artd    ( 2548): GetBestInfo: odex next to the dex file (/data/app/~~tbG4juFgRU2dCBO6E7tZDA==/com.google.android.gms-6zp80s4nuSDHwMUHbN31DA==/oat/x86_64/split_DynamiteLoader_installtime.odex) is kOatUpToDate with filter 'speed' executable 'false'
03-18 20:21:02.167 I/artd    ( 2548): GetBestInfo: odex next to the dex file (/data/app/~~tbG4juFgRU2dCBO6E7tZDA==/com.google.android.gms-6zp80s4nuSDHwMUHbN31DA==/oat/x86_64/split_DynamiteModulesA_installtime.odex) is kOatUpToDate with filter 'speed' executable 'false'
03-18 20:21:02.174 I/artd    ( 2548): GetBestInfo: odex next to the dex file (/data/app/~~tbG4juFgRU2dCBO6E7tZDA==/com.google.android.gms-6zp80s4nuSDHwMUHbN31DA==/oat/x86_64/split_DynamiteModulesC_installtime.odex) is kOatUpToDate with filter 'speed' executable 'false'
03-18 20:21:02.184 I/artd    ( 2548): GetBestInfo: odex next to the dex file (/data/app/~~tbG4juFgRU2dCBO6E7tZDA==/com.google.android.gms-6zp80s4nuSDHwMUHbN31DA==/oat/x86_64/split_GoogleCertificates_installtime.odex) is kOatUpToDate with filter 'speed' executable 'false'
03-18 20:21:02.209 I/artd    ( 2548): GetBestInfo: odex next to the dex file (/data/app/~~tbG4juFgRU2dCBO6E7tZDA==/com.google.android.gms-6zp80s4nuSDHwMUHbN31DA==/oat/x86_64/split_MapsDynamite_installtime.odex) is kOatUpToDate with filter 'speed' executable 'false'
03-18 20:21:02.218 I/artd    ( 2548): GetBestInfo: odex next to the dex file (/data/app/~~tbG4juFgRU2dCBO6E7tZDA==/com.google.android.gms-6zp80s4nuSDHwMUHbN31DA==/oat/x86_64/split_MeasurementDynamite_installtime.odex) is kOatUpToDate with filter 'speed' executable 'false'
03-18 20:21:02.223 I/artd    ( 2548): GetBestInfo: /data/user_de/0/com.google.android.gms/app_chimera/m/0000000d/dl-MlkitBarcodeUi.optional_253434100800.apk has no usable artifacts
03-18 20:21:02.226 I/artd    ( 2548): GetBestInfo: /data/user_de/0/com.google.android.gms/app_chimera/m/00000001/CronetDynamite.apk has no usable artifacts
03-18 20:21:02.233 I/artd    ( 2548): GetBestInfo: /data/user_de/0/com.google.android.gms/app_chimera/m/00000014/dl-MlkitBarcodeUi.optional_260931100800.apk has no usable artifacts
03-18 20:21:02.243 I/artd    ( 2548): GetBestInfo: /data/user_de/0/com.google.android.gms/app_chimera/m/00000013/dl-Appsearch.optional_260931100800.apk has no usable artifacts
03-18 20:21:02.248 I/artd    ( 2548): GetBestInfo: /data/user_de/0/com.google.android.gms/app_chimera/m/00000002/DynamiteLoader.apk has no usable artifacts
03-18 20:21:02.252 I/artd    ( 2548): GetBestInfo: /data/user_de/0/com.google.android.gms/app_chimera/m/00000005/GoogleCertificates.apk has no usable artifacts
03-18 20:21:02.258 I/artd    ( 2548): GetBestInfo: /data/user_de/0/com.google.android.gms/app_chimera/m/00000009/dl-TfliteDynamiteDynamite.integ_252130102100800.apk has no usable artifacts
03-18 20:21:02.265 I/artd    ( 2548): GetBestInfo: /data/user_de/0/com.google.android.gms/app_chimera/m/00000011/dl-MlkitOcrCommon.optional_260931100800.apk has no usable artifacts
03-18 20:21:02.270 I/artd    ( 2548): GetBestInfo: /data/user_de/0/com.google.android.gms/app_chimera/m/0000000a/dl-MlkitOcrCommon.optional_253434100800.apk has no usable artifacts
03-18 20:21:02.277 I/artd    ( 2548): GetBestInfo: vdex next to the dex file (/data/user/0/com.google.android.gms/app_dg_cache/E893C01D331CD1FBE6F076D28A1BA871F16A1DEC/oat/x86_64/the.vdex) is kOatUpToDate with filter 'verify' executable 'false'
03-18 20:21:02.283 I/artd    ( 2548): GetBestInfo: /data/user_de/0/com.google.android.gms/app_chimera/m/00000012/dl-VisionOcr.optional_260931100000.apk has no usable artifacts
03-18 20:21:02.288 I/artd    ( 2548): GetBestInfo: /data/user_de/0/com.google.android.gms/app_chimera/m/00000008/dl-VisionOcr.optional_253434100000.apk has no usable artifacts
03-18 20:21:02.294 I/artd    ( 2548): GetBestInfo: /data/user_de/0/com.google.android.gms/app_chimera/m/0000000b/dl-Appsearch.optional_253434100800.apk has no usable artifacts
03-18 20:21:02.298 I/artd    ( 2548): GetBestInfo: /data/user_de/0/com.google.android.gms/app_chimera/m/00000007/MeasurementDynamite.apk has no usable artifacts
03-18 20:21:02.304 I/artd    ( 2548): GetBestInfo: /data/user_de/0/com.google.android.gms/app_chimera/m/0000000f/dl-PlayCloudSearch.optional_260931100000.apk has no usable artifacts
03-18 20:21:02.308 I/artd    ( 2548): GetBestInfo: /data/user_de/0/com.google.android.gms/app_chimera/m/0000000e/dl-PlayCloudSearch.optional_253434100000.apk has no usable artifacts
03-18 20:21:04.710 I/HalDevMgr(  829): bestIfaceCreationProposal is null, requestIface=STA, existingIface=[name=wlan0 type=STA]
03-18 20:21:07.722 I/HalDevMgr(  829): bestIfaceCreationProposal is null, requestIface=STA, existingIface=[name=wlan0 type=STA]
03-18 20:21:10.732 I/HalDevMgr(  829): bestIfaceCreationProposal is null, requestIface=STA, existingIface=[name=wlan0 type=STA]
03-18 20:21:11.575 W/libbinder.BackendUnifiedServiceManager( 9590): Thread Pool max thread count is 0. Cannot cache binder as linkToDeath cannot be implemented. serviceName: package
03-18 20:21:11.773 D/SatelliteController( 1261): iisInCarrierRoamingNbIotNtn: satellite is disabled
03-18 20:21:11.780 D/SatelliteController( 1261): getCarrierRoamingNtnConnectType: Falling back to global carrier config connect type: 0
03-18 20:21:11.892 I/artd    ( 2548): GetBestInfo: odex next to the dex file (/data/app/~~tbG4juFgRU2dCBO6E7tZDA==/com.google.android.gms-6zp80s4nuSDHwMUHbN31DA==/oat/x86_64/base.odex) is kOatUpToDate with filter 'speed-profile' executable 'false'
03-18 20:21:11.895 I/artd    ( 2548): GetBestInfo: odex next to the dex file (/data/app/~~tbG4juFgRU2dCBO6E7tZDA==/com.google.android.gms-6zp80s4nuSDHwMUHbN31DA==/oat/x86_64/split_AdsDynamite_installtime.odex) is kOatUpToDate with filter 'speed' executable 'false'
03-18 20:21:11.897 I/artd    ( 2548): GetBestInfo: odex next to the dex file (/data/app/~~tbG4juFgRU2dCBO6E7tZDA==/com.google.android.gms-6zp80s4nuSDHwMUHbN31DA==/oat/x86_64/split_CronetDynamite_installtime.odex) is kOatUpToDate with filter 'speed' executable 'false'
03-18 20:21:11.900 I/artd    ( 2548): GetBestInfo: odex next to the dex file (/data/app/~~tbG4juFgRU2dCBO6E7tZDA==/com.google.android.gms-6zp80s4nuSDHwMUHbN31DA==/oat/x86_64/split_DynamiteLoader_installtime.odex) is kOatUpToDate with filter 'speed' executable 'false'
03-18 20:21:11.906 I/artd    ( 2548): GetBestInfo: odex next to the dex file (/data/app/~~tbG4juFgRU2dCBO6E7tZDA==/com.google.android.gms-6zp80s4nuSDHwMUHbN31DA==/oat/x86_64/split_DynamiteModulesA_installtime.odex) is kOatUpToDate with filter 'speed' executable 'false'
03-18 20:21:11.910 I/artd    ( 2548): GetBestInfo: odex next to the dex file (/data/app/~~tbG4juFgRU2dCBO6E7tZDA==/com.google.android.gms-6zp80s4nuSDHwMUHbN31DA==/oat/x86_64/split_DynamiteModulesC_installtime.odex) is kOatUpToDate with filter 'speed' executable 'false'
03-18 20:21:11.915 I/artd    ( 2548): GetBestInfo: odex next to the dex file (/data/app/~~tbG4juFgRU2dCBO6E7tZDA==/com.google.android.gms-6zp80s4nuSDHwMUHbN31DA==/oat/x86_64/split_GoogleCertificates_installtime.odex) is kOatUpToDate with filter 'speed' executable 'false'
03-18 20:21:11.918 I/artd    ( 2548): GetBestInfo: odex next to the dex file (/data/app/~~tbG4juFgRU2dCBO6E7tZDA==/com.google.android.gms-6zp80s4nuSDHwMUHbN31DA==/oat/x86_64/split_MapsDynamite_installtime.odex) is kOatUpToDate with filter 'speed' executable 'false'
03-18 20:21:11.923 I/artd    ( 2548): GetBestInfo: odex next to the dex file (/data/app/~~tbG4juFgRU2dCBO6E7tZDA==/com.google.android.gms-6zp80s4nuSDHwMUHbN31DA==/oat/x86_64/split_MeasurementDynamite_installtime.odex) is kOatUpToDate with filter 'speed' executable 'false'
03-18 20:21:11.927 I/artd    ( 2548): GetBestInfo: /data/user_de/0/com.google.android.gms/app_chimera/m/0000000d/dl-MlkitBarcodeUi.optional_253434100800.apk has no usable artifacts
03-18 20:21:11.929 I/artd    ( 2548): GetBestInfo: /data/user_de/0/com.google.android.gms/app_chimera/m/00000001/CronetDynamite.apk has no usable artifacts
03-18 20:21:11.931 I/artd    ( 2548): GetBestInfo: /data/user_de/0/com.google.android.gms/app_chimera/m/00000014/dl-MlkitBarcodeUi.optional_260931100800.apk has no usable artifacts
03-18 20:21:11.938 I/artd    ( 2548): GetBestInfo: /data/user_de/0/com.google.android.gms/app_chimera/m/00000013/dl-Appsearch.optional_260931100800.apk has no usable artifacts
03-18 20:21:11.940 I/artd    ( 2548): GetBestInfo: /data/user_de/0/com.google.android.gms/app_chimera/m/00000002/DynamiteLoader.apk has no usable artifacts
03-18 20:21:11.942 I/artd    ( 2548): GetBestInfo: /data/user_de/0/com.google.android.gms/app_chimera/m/00000005/GoogleCertificates.apk has no usable artifacts
03-18 20:21:11.945 I/artd    ( 2548): GetBestInfo: /data/user_de/0/com.google.android.gms/app_chimera/m/00000009/dl-TfliteDynamiteDynamite.integ_252130102100800.apk has no usable artifacts
03-18 20:21:11.948 I/artd    ( 2548): GetBestInfo: /data/user_de/0/com.google.android.gms/app_chimera/m/00000011/dl-MlkitOcrCommon.optional_260931100800.apk has no usable artifacts
03-18 20:21:11.953 I/artd    ( 2548): GetBestInfo: /data/user_de/0/com.google.android.gms/app_chimera/m/0000000a/dl-MlkitOcrCommon.optional_253434100800.apk has no usable artifacts
03-18 20:21:11.956 I/artd    ( 2548): GetBestInfo: vdex next to the dex file (/data/user/0/com.google.android.gms/app_dg_cache/E893C01D331CD1FBE6F076D28A1BA871F16A1DEC/oat/x86_64/the.vdex) is kOatUpToDate with filter 'verify' executable 'false'
03-18 20:21:11.961 I/artd    ( 2548): GetBestInfo: /data/user_de/0/com.google.android.gms/app_chimera/m/00000012/dl-VisionOcr.optional_260931100000.apk has no usable artifacts
03-18 20:21:11.964 I/artd    ( 2548): GetBestInfo: /data/user_de/0/com.google.android.gms/app_chimera/m/00000008/dl-VisionOcr.optional_253434100000.apk has no usable artifacts
03-18 20:21:11.968 I/artd    ( 2548): GetBestInfo: /data/user_de/0/com.google.android.gms/app_chimera/m/0000000b/dl-Appsearch.optional_253434100800.apk has no usable artifacts
03-18 20:21:11.972 I/artd    ( 2548): GetBestInfo: /data/user_de/0/com.google.android.gms/app_chimera/m/00000007/MeasurementDynamite.apk has no usable artifacts
03-18 20:21:11.974 I/artd    ( 2548): GetBestInfo: /data/user_de/0/com.google.android.gms/app_chimera/m/0000000f/dl-PlayCloudSearch.optional_260931100000.apk has no usable artifacts
03-18 20:21:11.979 I/artd    ( 2548): GetBestInfo: /data/user_de/0/com.google.android.gms/app_chimera/m/0000000e/dl-PlayCloudSearch.optional_253434100000.apk has no usable artifacts
03-18 20:21:12.049 I/system_server(  829): Background concurrent mark compact GC freed 14MB AllocSpace bytes, 12(228KB) LOS objects, 42% free, 32MB/56MB, paused 1.689ms,2.135ms total 181.846ms
03-18 20:21:13.742 I/HalDevMgr(  829): bestIfaceCreationProposal is null, requestIface=STA, existingIface=[name=wlan0 type=STA]
03-18 20:21:16.751 I/HalDevMgr(  829): bestIfaceCreationProposal is null, requestIface=STA, existingIface=[name=wlan0 type=STA]
03-18 20:21:19.760 I/HalDevMgr(  829): bestIfaceCreationProposal is null, requestIface=STA, existingIface=[name=wlan0 type=STA]
03-18 20:21:21.629 W/libbinder.BackendUnifiedServiceManager( 9594): Thread Pool max thread count is 0. Cannot cache binder as linkToDeath cannot be implemented. serviceName: package
03-18 20:21:21.748 D/SatelliteController( 1261): iisInCarrierRoamingNbIotNtn: satellite is disabled
03-18 20:21:21.748 D/SatelliteController( 1261): getCarrierRoamingNtnConnectType: Falling back to global carrier config connect type: 0
03-18 20:21:21.865 I/artd    ( 2548): GetBestInfo: odex next to the dex file (/data/app/~~tbG4juFgRU2dCBO6E7tZDA==/com.google.android.gms-6zp80s4nuSDHwMUHbN31DA==/oat/x86_64/base.odex) is kOatUpToDate with filter 'speed-profile' executable 'false'
03-18 20:21:21.869 I/artd    ( 2548): GetBestInfo: odex next to the dex file (/data/app/~~tbG4juFgRU2dCBO6E7tZDA==/com.google.android.gms-6zp80s4nuSDHwMUHbN31DA==/oat/x86_64/split_AdsDynamite_installtime.odex) is kOatUpToDate with filter 'speed' executable 'false'
03-18 20:21:21.872 I/artd    ( 2548): GetBestInfo: odex next to the dex file (/data/app/~~tbG4juFgRU2dCBO6E7tZDA==/com.google.android.gms-6zp80s4nuSDHwMUHbN31DA==/oat/x86_64/split_CronetDynamite_installtime.odex) is kOatUpToDate with filter 'speed' executable 'false'
03-18 20:21:21.881 I/artd    ( 2548): GetBestInfo: odex next to the dex file (/data/app/~~tbG4juFgRU2dCBO6E7tZDA==/com.google.android.gms-6zp80s4nuSDHwMUHbN31DA==/oat/x86_64/split_DynamiteLoader_installtime.odex) is kOatUpToDate with filter 'speed' executable 'false'
03-18 20:21:21.884 I/artd    ( 2548): GetBestInfo: odex next to the dex file (/data/app/~~tbG4juFgRU2dCBO6E7tZDA==/com.google.android.gms-6zp80s4nuSDHwMUHbN31DA==/oat/x86_64/split_DynamiteModulesA_installtime.odex) is kOatUpToDate with filter 'speed' executable 'false'
03-18 20:21:21.887 I/artd    ( 2548): GetBestInfo: odex next to the dex file (/data/app/~~tbG4juFgRU2dCBO6E7tZDA==/com.google.android.gms-6zp80s4nuSDHwMUHbN31DA==/oat/x86_64/split_DynamiteModulesC_installtime.odex) is kOatUpToDate with filter 'speed' executable 'false'
03-18 20:21:21.888 I/artd    ( 2548): GetBestInfo: odex next to the dex file (/data/app/~~tbG4juFgRU2dCBO6E7tZDA==/com.google.android.gms-6zp80s4nuSDHwMUHbN31DA==/oat/x86_64/split_GoogleCertificates_installtime.odex) is kOatUpToDate with filter 'speed' executable 'false'
03-18 20:21:21.890 I/artd    ( 2548): GetBestInfo: odex next to the dex file (/data/app/~~tbG4juFgRU2dCBO6E7tZDA==/com.google.android.gms-6zp80s4nuSDHwMUHbN31DA==/oat/x86_64/split_MapsDynamite_installtime.odex) is kOatUpToDate with filter 'speed' executable 'false'
03-18 20:21:21.892 I/artd    ( 2548): GetBestInfo: odex next to the dex file (/data/app/~~tbG4juFgRU2dCBO6E7tZDA==/com.google.android.gms-6zp80s4nuSDHwMUHbN31DA==/oat/x86_64/split_MeasurementDynamite_installtime.odex) is kOatUpToDate with filter 'speed' executable 'false'
03-18 20:21:21.895 I/artd    ( 2548): GetBestInfo: /data/user_de/0/com.google.android.gms/app_chimera/m/0000000d/dl-MlkitBarcodeUi.optional_253434100800.apk has no usable artifacts
03-18 20:21:21.896 I/artd    ( 2548): GetBestInfo: /data/user_de/0/com.google.android.gms/app_chimera/m/00000001/CronetDynamite.apk has no usable artifacts
03-18 20:21:21.899 I/artd    ( 2548): GetBestInfo: /data/user_de/0/com.google.android.gms/app_chimera/m/00000014/dl-MlkitBarcodeUi.optional_260931100800.apk has no usable artifacts
03-18 20:21:21.901 I/artd    ( 2548): GetBestInfo: /data/user_de/0/com.google.android.gms/app_chimera/m/00000013/dl-Appsearch.optional_260931100800.apk has no usable artifacts
03-18 20:21:21.903 I/artd    ( 2548): GetBestInfo: /data/user_de/0/com.google.android.gms/app_chimera/m/00000002/DynamiteLoader.apk has no usable artifacts
03-18 20:21:21.904 I/artd    ( 2548): GetBestInfo: /data/user_de/0/com.google.android.gms/app_chimera/m/00000005/GoogleCertificates.apk has no usable artifacts
03-18 20:21:21.908 I/artd    ( 2548): GetBestInfo: /data/user_de/0/com.google.android.gms/app_chimera/m/00000009/dl-TfliteDynamiteDynamite.integ_252130102100800.apk has no usable artifacts
03-18 20:21:21.909 I/artd    ( 2548): GetBestInfo: /data/user_de/0/com.google.android.gms/app_chimera/m/00000011/dl-MlkitOcrCommon.optional_260931100800.apk has no usable artifacts
03-18 20:21:21.911 I/artd    ( 2548): GetBestInfo: /data/user_de/0/com.google.android.gms/app_chimera/m/0000000a/dl-MlkitOcrCommon.optional_253434100800.apk has no usable artifacts
03-18 20:21:21.914 I/artd    ( 2548): GetBestInfo: vdex next to the dex file (/data/user/0/com.google.android.gms/app_dg_cache/E893C01D331CD1FBE6F076D28A1BA871F16A1DEC/oat/x86_64/the.vdex) is kOatUpToDate with filter 'verify' executable 'false'
03-18 20:21:21.916 I/artd    ( 2548): GetBestInfo: /data/user_de/0/com.google.android.gms/app_chimera/m/00000012/dl-VisionOcr.optional_260931100000.apk has no usable artifacts
03-18 20:21:21.920 I/artd    ( 2548): GetBestInfo: /data/user_de/0/com.google.android.gms/app_chimera/m/00000008/dl-VisionOcr.optional_253434100000.apk has no usable artifacts
03-18 20:21:21.923 I/artd    ( 2548): GetBestInfo: /data/user_de/0/com.google.android.gms/app_chimera/m/0000000b/dl-Appsearch.optional_253434100800.apk has no usable artifacts
03-18 20:21:21.925 I/artd    ( 2548): GetBestInfo: /data/user_de/0/com.google.android.gms/app_chimera/m/00000007/MeasurementDynamite.apk has no usable artifacts
03-18 20:21:21.928 I/artd    ( 2548): GetBestInfo: /data/user_de/0/com.google.android.gms/app_chimera/m/0000000f/dl-PlayCloudSearch.optional_260931100000.apk has no usable artifacts
03-18 20:21:21.931 I/artd    ( 2548): GetBestInfo: /data/user_de/0/com.google.android.gms/app_chimera/m/0000000e/dl-PlayCloudSearch.optional_253434100000.apk has no usable artifacts
03-18 20:21:22.773 I/HalDevMgr(  829): bestIfaceCreationProposal is null, requestIface=STA, existingIface=[name=wlan0 type=STA]
03-18 20:21:25.786 I/HalDevMgr(  829): bestIfaceCreationProposal is null, requestIface=STA, existingIface=[name=wlan0 type=STA]
03-18 20:21:28.863 I/HalDevMgr(  829): bestIfaceCreationProposal is null, requestIface=STA, existingIface=[name=wlan0 type=STA]
03-18 20:21:31.601 W/libbinder.BackendUnifiedServiceManager( 9597): Thread Pool max thread count is 0. Cannot cache binder as linkToDeath cannot be implemented. serviceName: package
03-18 20:21:31.699 I/artd    ( 2548): GetBestInfo: odex next to the dex file (/data/app/~~tbG4juFgRU2dCBO6E7tZDA==/com.google.android.gms-6zp80s4nuSDHwMUHbN31DA==/oat/x86_64/base.odex) is kOatUpToDate with filter 'speed-profile' executable 'false'
03-18 20:21:31.702 I/artd    ( 2548): GetBestInfo: odex next to the dex file (/data/app/~~tbG4juFgRU2dCBO6E7tZDA==/com.google.android.gms-6zp80s4nuSDHwMUHbN31DA==/oat/x86_64/split_AdsDynamite_installtime.odex) is kOatUpToDate with filter 'speed' executable 'false'
03-18 20:21:31.704 I/artd    ( 2548): GetBestInfo: odex next to the dex file (/data/app/~~tbG4juFgRU2dCBO6E7tZDA==/com.google.android.gms-6zp80s4nuSDHwMUHbN31DA==/oat/x86_64/split_CronetDynamite_installtime.odex) is kOatUpToDate with filter 'speed' executable 'false'
03-18 20:21:31.706 I/artd    ( 2548): GetBestInfo: odex next to the dex file (/data/app/~~tbG4juFgRU2dCBO6E7tZDA==/com.google.android.gms-6zp80s4nuSDHwMUHbN31DA==/oat/x86_64/split_DynamiteLoader_installtime.odex) is kOatUpToDate with filter 'speed' executable 'false'
03-18 20:21:31.708 I/artd    ( 2548): GetBestInfo: odex next to the dex file (/data/app/~~tbG4juFgRU2dCBO6E7tZDA==/com.google.android.gms-6zp80s4nuSDHwMUHbN31DA==/oat/x86_64/split_DynamiteModulesA_installtime.odex) is kOatUpToDate with filter 'speed' executable 'false'
03-18 20:21:31.711 I/artd    ( 2548): GetBestInfo: odex next to the dex file (/data/app/~~tbG4juFgRU2dCBO6E7tZDA==/com.google.android.gms-6zp80s4nuSDHwMUHbN31DA==/oat/x86_64/split_DynamiteModulesC_installtime.odex) is kOatUpToDate with filter 'speed' executable 'false'
03-18 20:21:31.712 I/artd    ( 2548): GetBestInfo: odex next to the dex file (/data/app/~~tbG4juFgRU2dCBO6E7tZDA==/com.google.android.gms-6zp80s4nuSDHwMUHbN31DA==/oat/x86_64/split_GoogleCertificates_installtime.odex) is kOatUpToDate with filter 'speed' executable 'false'
03-18 20:21:31.714 I/artd    ( 2548): GetBestInfo: odex next to the dex file (/data/app/~~tbG4juFgRU2dCBO6E7tZDA==/com.google.android.gms-6zp80s4nuSDHwMUHbN31DA==/oat/x86_64/split_MapsDynamite_installtime.odex) is kOatUpToDate with filter 'speed' executable 'false'
03-18 20:21:31.716 I/artd    ( 2548): GetBestInfo: odex next to the dex file (/data/app/~~tbG4juFgRU2dCBO6E7tZDA==/com.google.android.gms-6zp80s4nuSDHwMUHbN31DA==/oat/x86_64/split_MeasurementDynamite_installtime.odex) is kOatUpToDate with filter 'speed' executable 'false'
03-18 20:21:31.719 I/artd    ( 2548): GetBestInfo: /data/user_de/0/com.google.android.gms/app_chimera/m/0000000d/dl-MlkitBarcodeUi.optional_253434100800.apk has no usable artifacts
03-18 20:21:31.719 I/artd    ( 2548): GetBestInfo: /data/user_de/0/com.google.android.gms/app_chimera/m/00000001/CronetDynamite.apk has no usable artifacts
03-18 20:21:31.722 I/artd    ( 2548): GetBestInfo: /data/user_de/0/com.google.android.gms/app_chimera/m/00000014/dl-MlkitBarcodeUi.optional_260931100800.apk has no usable artifacts
03-18 20:21:31.723 I/artd    ( 2548): GetBestInfo: /data/user_de/0/com.google.android.gms/app_chimera/m/00000013/dl-Appsearch.optional_260931100800.apk has no usable artifacts
03-18 20:21:31.724 I/artd    ( 2548): GetBestInfo: /data/user_de/0/com.google.android.gms/app_chimera/m/00000002/DynamiteLoader.apk has no usable artifacts
03-18 20:21:31.726 I/artd    ( 2548): GetBestInfo: /data/user_de/0/com.google.android.gms/app_chimera/m/00000005/GoogleCertificates.apk has no usable artifacts
03-18 20:21:31.727 I/artd    ( 2548): GetBestInfo: /data/user_de/0/com.google.android.gms/app_chimera/m/00000009/dl-TfliteDynamiteDynamite.integ_252130102100800.apk has no usable artifacts
03-18 20:21:31.729 I/artd    ( 2548): GetBestInfo: /data/user_de/0/com.google.android.gms/app_chimera/m/00000011/dl-MlkitOcrCommon.optional_260931100800.apk has no usable artifacts
03-18 20:21:31.731 I/artd    ( 2548): GetBestInfo: /data/user_de/0/com.google.android.gms/app_chimera/m/0000000a/dl-MlkitOcrCommon.optional_253434100800.apk has no usable artifacts
03-18 20:21:31.734 I/artd    ( 2548): GetBestInfo: vdex next to the dex file (/data/user/0/com.google.android.gms/app_dg_cache/E893C01D331CD1FBE6F076D28A1BA871F16A1DEC/oat/x86_64/the.vdex) is kOatUpToDate with filter 'verify' executable 'false'
03-18 20:21:31.738 I/artd    ( 2548): GetBestInfo: /data/user_de/0/com.google.android.gms/app_chimera/m/00000012/dl-VisionOcr.optional_260931100000.apk has no usable artifacts
03-18 20:21:31.741 I/artd    ( 2548): GetBestInfo: /data/user_de/0/com.google.android.gms/app_chimera/m/00000008/dl-VisionOcr.optional_253434100000.apk has no usable artifacts
03-18 20:21:31.743 I/artd    ( 2548): GetBestInfo: /data/user_de/0/com.google.android.gms/app_chimera/m/0000000b/dl-Appsearch.optional_253434100800.apk has no usable artifacts
03-18 20:21:31.745 I/artd    ( 2548): GetBestInfo: /data/user_de/0/com.google.android.gms/app_chimera/m/00000007/MeasurementDynamite.apk has no usable artifacts
03-18 20:21:31.747 I/artd    ( 2548): GetBestInfo: /data/user_de/0/com.google.android.gms/app_chimera/m/0000000f/dl-PlayCloudSearch.optional_260931100000.apk has no usable artifacts
03-18 20:21:31.748 D/SatelliteController( 1261): iisInCarrierRoamingNbIotNtn: satellite is disabled
03-18 20:21:31.751 I/artd    ( 2548): GetBestInfo: /data/user_de/0/com.google.android.gms/app_chimera/m/0000000e/dl-PlayCloudSearch.optional_253434100000.apk has no usable artifacts
03-18 20:21:31.754 D/SatelliteController( 1261): getCarrierRoamingNtnConnectType: Falling back to global carrier config connect type: 0
03-18 20:21:31.872 I/HalDevMgr(  829): bestIfaceCreationProposal is null, requestIface=STA, existingIface=[name=wlan0 type=STA]
03-18 20:21:34.882 I/HalDevMgr(  829): bestIfaceCreationProposal is null, requestIface=STA, existingIface=[name=wlan0 type=STA]
03-18 20:21:37.891 I/HalDevMgr(  829): bestIfaceCreationProposal is null, requestIface=STA, existingIface=[name=wlan0 type=STA]
03-18 20:21:40.902 I/HalDevMgr(  829): bestIfaceCreationProposal is null, requestIface=STA, existingIface=[name=wlan0 type=STA]
03-18 20:21:41.611 W/libbinder.BackendUnifiedServiceManager( 9600): Thread Pool max thread count is 0. Cannot cache binder as linkToDeath cannot be implemented. serviceName: package
03-18 20:21:41.774 D/SatelliteController( 1261): iisInCarrierRoamingNbIotNtn: satellite is disabled
03-18 20:21:41.801 D/SatelliteController( 1261): getCarrierRoamingNtnConnectType: Falling back to global carrier config connect type: 0
03-18 20:21:41.882 I/artd    ( 2548): GetBestInfo: odex next to the dex file (/data/app/~~tbG4juFgRU2dCBO6E7tZDA==/com.google.android.gms-6zp80s4nuSDHwMUHbN31DA==/oat/x86_64/base.odex) is kOatUpToDate with filter 'speed-profile' executable 'false'
03-18 20:21:41.884 I/artd    ( 2548): GetBestInfo: odex next to the dex file (/data/app/~~tbG4juFgRU2dCBO6E7tZDA==/com.google.android.gms-6zp80s4nuSDHwMUHbN31DA==/oat/x86_64/split_AdsDynamite_installtime.odex) is kOatUpToDate with filter 'speed' executable 'false'
03-18 20:21:41.886 I/artd    ( 2548): GetBestInfo: odex next to the dex file (/data/app/~~tbG4juFgRU2dCBO6E7tZDA==/com.google.android.gms-6zp80s4nuSDHwMUHbN31DA==/oat/x86_64/split_CronetDynamite_installtime.odex) is kOatUpToDate with filter 'speed' executable 'false'
03-18 20:21:41.888 I/artd    ( 2548): GetBestInfo: odex next to the dex file (/data/app/~~tbG4juFgRU2dCBO6E7tZDA==/com.google.android.gms-6zp80s4nuSDHwMUHbN31DA==/oat/x86_64/split_DynamiteLoader_installtime.odex) is kOatUpToDate with filter 'speed' executable 'false'
03-18 20:21:41.890 I/artd    ( 2548): GetBestInfo: odex next to the dex file (/data/app/~~tbG4juFgRU2dCBO6E7tZDA==/com.google.android.gms-6zp80s4nuSDHwMUHbN31DA==/oat/x86_64/split_DynamiteModulesA_installtime.odex) is kOatUpToDate with filter 'speed' executable 'false'
03-18 20:21:41.891 I/artd    ( 2548): GetBestInfo: odex next to the dex file (/data/app/~~tbG4juFgRU2dCBO6E7tZDA==/com.google.android.gms-6zp80s4nuSDHwMUHbN31DA==/oat/x86_64/split_DynamiteModulesC_installtime.odex) is kOatUpToDate with filter 'speed' executable 'false'
03-18 20:21:41.893 I/artd    ( 2548): GetBestInfo: odex next to the dex file (/data/app/~~tbG4juFgRU2dCBO6E7tZDA==/com.google.android.gms-6zp80s4nuSDHwMUHbN31DA==/oat/x86_64/split_GoogleCertificates_installtime.odex) is kOatUpToDate with filter 'speed' executable 'false'
03-18 20:21:41.900 I/artd    ( 2548): GetBestInfo: odex next to the dex file (/data/app/~~tbG4juFgRU2dCBO6E7tZDA==/com.google.android.gms-6zp80s4nuSDHwMUHbN31DA==/oat/x86_64/split_MapsDynamite_installtime.odex) is kOatUpToDate with filter 'speed' executable 'false'
03-18 20:21:41.903 I/artd    ( 2548): GetBestInfo: odex next to the dex file (/data/app/~~tbG4juFgRU2dCBO6E7tZDA==/com.google.android.gms-6zp80s4nuSDHwMUHbN31DA==/oat/x86_64/split_MeasurementDynamite_installtime.odex) is kOatUpToDate with filter 'speed' executable 'false'
03-18 20:21:41.905 I/artd    ( 2548): GetBestInfo: /data/user_de/0/com.google.android.gms/app_chimera/m/0000000d/dl-MlkitBarcodeUi.optional_253434100800.apk has no usable artifacts
03-18 20:21:41.905 I/artd    ( 2548): GetBestInfo: /data/user_de/0/com.google.android.gms/app_chimera/m/00000001/CronetDynamite.apk has no usable artifacts
03-18 20:21:41.908 I/artd    ( 2548): GetBestInfo: /data/user_de/0/com.google.android.gms/app_chimera/m/00000014/dl-MlkitBarcodeUi.optional_260931100800.apk has no usable artifacts
03-18 20:21:41.910 I/artd    ( 2548): GetBestInfo: /data/user_de/0/com.google.android.gms/app_chimera/m/00000013/dl-Appsearch.optional_260931100800.apk has no usable artifacts
03-18 20:21:41.912 I/artd    ( 2548): GetBestInfo: /data/user_de/0/com.google.android.gms/app_chimera/m/00000002/DynamiteLoader.apk has no usable artifacts
03-18 20:21:41.913 I/artd    ( 2548): GetBestInfo: /data/user_de/0/com.google.android.gms/app_chimera/m/00000005/GoogleCertificates.apk has no usable artifacts
03-18 20:21:41.916 I/artd    ( 2548): GetBestInfo: /data/user_de/0/com.google.android.gms/app_chimera/m/00000009/dl-TfliteDynamiteDynamite.integ_252130102100800.apk has no usable artifacts
03-18 20:21:41.918 I/artd    ( 2548): GetBestInfo: /data/user_de/0/com.google.android.gms/app_chimera/m/00000011/dl-MlkitOcrCommon.optional_260931100800.apk has no usable artifacts
03-18 20:21:41.920 I/artd    ( 2548): GetBestInfo: /data/user_de/0/com.google.android.gms/app_chimera/m/0000000a/dl-MlkitOcrCommon.optional_253434100800.apk has no usable artifacts
03-18 20:21:41.928 I/artd    ( 2548): GetBestInfo: vdex next to the dex file (/data/user/0/com.google.android.gms/app_dg_cache/E893C01D331CD1FBE6F076D28A1BA871F16A1DEC/oat/x86_64/the.vdex) is kOatUpToDate with filter 'verify' executable 'false'
03-18 20:21:41.931 I/artd    ( 2548): GetBestInfo: /data/user_de/0/com.google.android.gms/app_chimera/m/00000012/dl-VisionOcr.optional_260931100000.apk has no usable artifacts
03-18 20:21:41.934 I/artd    ( 2548): GetBestInfo: /data/user_de/0/com.google.android.gms/app_chimera/m/00000008/dl-VisionOcr.optional_253434100000.apk has no usable artifacts
03-18 20:21:41.936 I/artd    ( 2548): GetBestInfo: /data/user_de/0/com.google.android.gms/app_chimera/m/0000000b/dl-Appsearch.optional_253434100800.apk has no usable artifacts
03-18 20:21:41.937 I/artd    ( 2548): GetBestInfo: /data/user_de/0/com.google.android.gms/app_chimera/m/00000007/MeasurementDynamite.apk has no usable artifacts
03-18 20:21:41.939 I/artd    ( 2548): GetBestInfo: /data/user_de/0/com.google.android.gms/app_chimera/m/0000000f/dl-PlayCloudSearch.optional_260931100000.apk has no usable artifacts
03-18 20:21:41.941 I/artd    ( 2548): GetBestInfo: /data/user_de/0/com.google.android.gms/app_chimera/m/0000000e/dl-PlayCloudSearch.optional_253434100000.apk has no usable artifacts
03-18 20:21:43.932 I/HalDevMgr(  829): bestIfaceCreationProposal is null, requestIface=STA, existingIface=[name=wlan0 type=STA]
03-18 20:21:46.941 I/HalDevMgr(  829): bestIfaceCreationProposal is null, requestIface=STA, existingIface=[name=wlan0 type=STA]
03-18 20:21:49.953 I/HalDevMgr(  829): bestIfaceCreationProposal is null, requestIface=STA, existingIface=[name=wlan0 type=STA]
03-18 20:21:51.589 W/libbinder.BackendUnifiedServiceManager( 9603): Thread Pool max thread count is 0. Cannot cache binder as linkToDeath cannot be implemented. serviceName: package
03-18 20:21:51.752 I/artd    ( 2548): GetBestInfo: odex next to the dex file (/data/app/~~tbG4juFgRU2dCBO6E7tZDA==/com.google.android.gms-6zp80s4nuSDHwMUHbN31DA==/oat/x86_64/base.odex) is kOatUpToDate with filter 'speed-profile' executable 'false'
03-18 20:21:51.753 D/SatelliteController( 1261): iisInCarrierRoamingNbIotNtn: satellite is disabled
03-18 20:21:51.754 D/SatelliteController( 1261): getCarrierRoamingNtnConnectType: Falling back to global carrier config connect type: 0
03-18 20:21:51.755 I/artd    ( 2548): GetBestInfo: odex next to the dex file (/data/app/~~tbG4juFgRU2dCBO6E7tZDA==/com.google.android.gms-6zp80s4nuSDHwMUHbN31DA==/oat/x86_64/split_AdsDynamite_installtime.odex) is kOatUpToDate with filter 'speed' executable 'false'
03-18 20:21:51.770 I/artd    ( 2548): GetBestInfo: odex next to the dex file (/data/app/~~tbG4juFgRU2dCBO6E7tZDA==/com.google.android.gms-6zp80s4nuSDHwMUHbN31DA==/oat/x86_64/split_CronetDynamite_installtime.odex) is kOatUpToDate with filter 'speed' executable 'false'
03-18 20:21:51.781 I/artd    ( 2548): GetBestInfo: odex next to the dex file (/data/app/~~tbG4juFgRU2dCBO6E7tZDA==/com.google.android.gms-6zp80s4nuSDHwMUHbN31DA==/oat/x86_64/split_DynamiteLoader_installtime.odex) is kOatUpToDate with filter 'speed' executable 'false'
03-18 20:21:51.784 I/artd    ( 2548): GetBestInfo: odex next to the dex file (/data/app/~~tbG4juFgRU2dCBO6E7tZDA==/com.google.android.gms-6zp80s4nuSDHwMUHbN31DA==/oat/x86_64/split_DynamiteModulesA_installtime.odex) is kOatUpToDate with filter 'speed' executable 'false'
03-18 20:21:51.788 I/artd    ( 2548): GetBestInfo: odex next to the dex file (/data/app/~~tbG4juFgRU2dCBO6E7tZDA==/com.google.android.gms-6zp80s4nuSDHwMUHbN31DA==/oat/x86_64/split_DynamiteModulesC_installtime.odex) is kOatUpToDate with filter 'speed' executable 'false'
03-18 20:21:51.815 I/artd    ( 2548): GetBestInfo: odex next to the dex file (/data/app/~~tbG4juFgRU2dCBO6E7tZDA==/com.google.android.gms-6zp80s4nuSDHwMUHbN31DA==/oat/x86_64/split_GoogleCertificates_installtime.odex) is kOatUpToDate with filter 'speed' executable 'false'
03-18 20:21:51.818 I/artd    ( 2548): GetBestInfo: odex next to the dex file (/data/app/~~tbG4juFgRU2dCBO6E7tZDA==/com.google.android.gms-6zp80s4nuSDHwMUHbN31DA==/oat/x86_64/split_MapsDynamite_installtime.odex) is kOatUpToDate with filter 'speed' executable 'false'
03-18 20:21:51.821 I/artd    ( 2548): GetBestInfo: odex next to the dex file (/data/app/~~tbG4juFgRU2dCBO6E7tZDA==/com.google.android.gms-6zp80s4nuSDHwMUHbN31DA==/oat/x86_64/split_MeasurementDynamite_installtime.odex) is kOatUpToDate with filter 'speed' executable 'false'
03-18 20:21:51.825 I/artd    ( 2548): GetBestInfo: /data/user_de/0/com.google.android.gms/app_chimera/m/0000000d/dl-MlkitBarcodeUi.optional_253434100800.apk has no usable artifacts
03-18 20:21:51.833 I/artd    ( 2548): GetBestInfo: /data/user_de/0/com.google.android.gms/app_chimera/m/00000001/CronetDynamite.apk has no usable artifacts
03-18 20:21:51.837 I/artd    ( 2548): GetBestInfo: /data/user_de/0/com.google.android.gms/app_chimera/m/00000014/dl-MlkitBarcodeUi.optional_260931100800.apk has no usable artifacts
03-18 20:21:51.840 I/artd    ( 2548): GetBestInfo: /data/user_de/0/com.google.android.gms/app_chimera/m/00000013/dl-Appsearch.optional_260931100800.apk has no usable artifacts
03-18 20:21:51.850 I/artd    ( 2548): GetBestInfo: /data/user_de/0/com.google.android.gms/app_chimera/m/00000002/DynamiteLoader.apk has no usable artifacts
03-18 20:21:51.851 I/artd    ( 2548): GetBestInfo: /data/user_de/0/com.google.android.gms/app_chimera/m/00000005/GoogleCertificates.apk has no usable artifacts
03-18 20:21:51.856 I/artd    ( 2548): GetBestInfo: /data/user_de/0/com.google.android.gms/app_chimera/m/00000009/dl-TfliteDynamiteDynamite.integ_252130102100800.apk has no usable artifacts
03-18 20:21:51.859 I/artd    ( 2548): GetBestInfo: /data/user_de/0/com.google.android.gms/app_chimera/m/00000011/dl-MlkitOcrCommon.optional_260931100800.apk has no usable artifacts
03-18 20:21:51.862 I/artd    ( 2548): GetBestInfo: /data/user_de/0/com.google.android.gms/app_chimera/m/0000000a/dl-MlkitOcrCommon.optional_253434100800.apk has no usable artifacts
03-18 20:21:51.871 I/artd    ( 2548): GetBestInfo: vdex next to the dex file (/data/user/0/com.google.android.gms/app_dg_cache/E893C01D331CD1FBE6F076D28A1BA871F16A1DEC/oat/x86_64/the.vdex) is kOatUpToDate with filter 'verify' executable 'false'
03-18 20:21:51.874 I/artd    ( 2548): GetBestInfo: /data/user_de/0/com.google.android.gms/app_chimera/m/00000012/dl-VisionOcr.optional_260931100000.apk has no usable artifacts
03-18 20:21:51.879 I/artd    ( 2548): GetBestInfo: /data/user_de/0/com.google.android.gms/app_chimera/m/00000008/dl-VisionOcr.optional_253434100000.apk has no usable artifacts
03-18 20:21:51.881 I/artd    ( 2548): GetBestInfo: /data/user_de/0/com.google.android.gms/app_chimera/m/0000000b/dl-Appsearch.optional_253434100800.apk has no usable artifacts
03-18 20:21:51.884 I/artd    ( 2548): GetBestInfo: /data/user_de/0/com.google.android.gms/app_chimera/m/00000007/MeasurementDynamite.apk has no usable artifacts
03-18 20:21:51.887 I/artd    ( 2548): GetBestInfo: /data/user_de/0/com.google.android.gms/app_chimera/m/0000000f/dl-PlayCloudSearch.optional_260931100000.apk has no usable artifacts
03-18 20:21:51.893 I/artd    ( 2548): GetBestInfo: /data/user_de/0/com.google.android.gms/app_chimera/m/0000000e/dl-PlayCloudSearch.optional_253434100000.apk has no usable artifacts
03-18 20:21:52.964 I/HalDevMgr(  829): bestIfaceCreationProposal is null, requestIface=STA, existingIface=[name=wlan0 type=STA]
03-18 20:21:55.975 I/HalDevMgr(  829): bestIfaceCreationProposal is null, requestIface=STA, existingIface=[name=wlan0 type=STA]
03-18 20:21:59.002 I/HalDevMgr(  829): bestIfaceCreationProposal is null, requestIface=STA, existingIface=[name=wlan0 type=STA]
03-18 20:22:01.708 W/libbinder.BackendUnifiedServiceManager( 9606): Thread Pool max thread count is 0. Cannot cache binder as linkToDeath cannot be implemented. serviceName: package
03-18 20:22:01.776 D/SatelliteController( 1261): iisInCarrierRoamingNbIotNtn: satellite is disabled
03-18 20:22:01.778 D/SatelliteController( 1261): getCarrierRoamingNtnConnectType: Falling back to global carrier config connect type: 0
03-18 20:22:02.081 I/HalDevMgr(  829): bestIfaceCreationProposal is null, requestIface=STA, existingIface=[name=wlan0 type=STA]
03-18 20:22:02.175 I/artd    ( 2548): GetBestInfo: odex next to the dex file (/data/app/~~tbG4juFgRU2dCBO6E7tZDA==/com.google.android.gms-6zp80s4nuSDHwMUHbN31DA==/oat/x86_64/base.odex) is kOatUpToDate with filter 'speed-profile' executable 'false'
03-18 20:22:02.189 I/artd    ( 2548): GetBestInfo: odex next to the dex file (/data/app/~~tbG4juFgRU2dCBO6E7tZDA==/com.google.android.gms-6zp80s4nuSDHwMUHbN31DA==/oat/x86_64/split_AdsDynamite_installtime.odex) is kOatUpToDate with filter 'speed' executable 'false'
03-18 20:22:02.197 I/artd    ( 2548): GetBestInfo: odex next to the dex file (/data/app/~~tbG4juFgRU2dCBO6E7tZDA==/com.google.android.gms-6zp80s4nuSDHwMUHbN31DA==/oat/x86_64/split_CronetDynamite_installtime.odex) is kOatUpToDate with filter 'speed' executable 'false'
03-18 20:22:02.211 I/artd    ( 2548): GetBestInfo: odex next to the dex file (/data/app/~~tbG4juFgRU2dCBO6E7tZDA==/com.google.android.gms-6zp80s4nuSDHwMUHbN31DA==/oat/x86_64/split_DynamiteLoader_installtime.odex) is kOatUpToDate with filter 'speed' executable 'false'
03-18 20:22:02.222 I/artd    ( 2548): GetBestInfo: odex next to the dex file (/data/app/~~tbG4juFgRU2dCBO6E7tZDA==/com.google.android.gms-6zp80s4nuSDHwMUHbN31DA==/oat/x86_64/split_DynamiteModulesA_installtime.odex) is kOatUpToDate with filter 'speed' executable 'false'
03-18 20:22:02.227 I/artd    ( 2548): GetBestInfo: odex next to the dex file (/data/app/~~tbG4juFgRU2dCBO6E7tZDA==/com.google.android.gms-6zp80s4nuSDHwMUHbN31DA==/oat/x86_64/split_DynamiteModulesC_installtime.odex) is kOatUpToDate with filter 'speed' executable 'false'
03-18 20:22:02.237 I/artd    ( 2548): GetBestInfo: odex next to the dex file (/data/app/~~tbG4juFgRU2dCBO6E7tZDA==/com.google.android.gms-6zp80s4nuSDHwMUHbN31DA==/oat/x86_64/split_GoogleCertificates_installtime.odex) is kOatUpToDate with filter 'speed' executable 'false'
03-18 20:22:02.246 I/artd    ( 2548): GetBestInfo: odex next to the dex file (/data/app/~~tbG4juFgRU2dCBO6E7tZDA==/com.google.android.gms-6zp80s4nuSDHwMUHbN31DA==/oat/x86_64/split_MapsDynamite_installtime.odex) is kOatUpToDate with filter 'speed' executable 'false'
03-18 20:22:02.254 I/artd    ( 2548): GetBestInfo: odex next to the dex file (/data/app/~~tbG4juFgRU2dCBO6E7tZDA==/com.google.android.gms-6zp80s4nuSDHwMUHbN31DA==/oat/x86_64/split_MeasurementDynamite_installtime.odex) is kOatUpToDate with filter 'speed' executable 'false'
03-18 20:22:02.265 I/artd    ( 2548): GetBestInfo: /data/user_de/0/com.google.android.gms/app_chimera/m/0000000d/dl-MlkitBarcodeUi.optional_253434100800.apk has no usable artifacts
03-18 20:22:02.267 I/artd    ( 2548): GetBestInfo: /data/user_de/0/com.google.android.gms/app_chimera/m/00000001/CronetDynamite.apk has no usable artifacts
03-18 20:22:02.287 I/artd    ( 2548): GetBestInfo: /data/user_de/0/com.google.android.gms/app_chimera/m/00000014/dl-MlkitBarcodeUi.optional_260931100800.apk has no usable artifacts
03-18 20:22:02.292 I/artd    ( 2548): GetBestInfo: /data/user_de/0/com.google.android.gms/app_chimera/m/00000013/dl-Appsearch.optional_260931100800.apk has no usable artifacts
03-18 20:22:02.301 I/artd    ( 2548): GetBestInfo: /data/user_de/0/com.google.android.gms/app_chimera/m/00000002/DynamiteLoader.apk has no usable artifacts
03-18 20:22:02.303 I/artd    ( 2548): GetBestInfo: /data/user_de/0/com.google.android.gms/app_chimera/m/00000005/GoogleCertificates.apk has no usable artifacts
03-18 20:22:02.308 I/artd    ( 2548): GetBestInfo: /data/user_de/0/com.google.android.gms/app_chimera/m/00000009/dl-TfliteDynamiteDynamite.integ_252130102100800.apk has no usable artifacts
03-18 20:22:02.320 I/artd    ( 2548): GetBestInfo: /data/user_de/0/com.google.android.gms/app_chimera/m/00000011/dl-MlkitOcrCommon.optional_260931100800.apk has no usable artifacts
03-18 20:22:02.329 I/artd    ( 2548): GetBestInfo: /data/user_de/0/com.google.android.gms/app_chimera/m/0000000a/dl-MlkitOcrCommon.optional_253434100800.apk has no usable artifacts
03-18 20:22:02.335 I/artd    ( 2548): GetBestInfo: vdex next to the dex file (/data/user/0/com.google.android.gms/app_dg_cache/E893C01D331CD1FBE6F076D28A1BA871F16A1DEC/oat/x86_64/the.vdex) is kOatUpToDate with filter 'verify' executable 'false'
03-18 20:22:02.343 I/artd    ( 2548): GetBestInfo: /data/user_de/0/com.google.android.gms/app_chimera/m/00000012/dl-VisionOcr.optional_260931100000.apk has no usable artifacts
03-18 20:22:02.355 I/artd    ( 2548): GetBestInfo: /data/user_de/0/com.google.android.gms/app_chimera/m/00000008/dl-VisionOcr.optional_253434100000.apk has no usable artifacts
