03-18 20:23:35.150 W/libbinder.IPCThreadState(  829): Sending oneway calls to frozen process.
03-18 20:23:35.150 W/libbinder.IPCThreadState(  829): Sending oneway calls to frozen process.
03-18 20:23:35.150 W/libbinder.IPCThreadState(  829): Sending oneway calls to frozen process.
03-18 20:23:35.150 W/libbinder.IPCThreadState(  829): Sending oneway calls to frozen process.
03-18 20:23:35.150 W/libbinder.IPCThreadState(  829): Sending oneway calls to frozen process.
03-18 20:23:35.150 W/libbinder.IPCThreadState(  829): Sending oneway calls to frozen process.
03-18 20:23:35.172 I/AppLinksRequestHandler( 6482): (REDACTED) Processing %d input requests
03-18 20:23:35.177 E/AppOps  (  829): attributionTag VCN not declared in manifest of android
03-18 20:23:35.179 D/WellbeingModel( 1270): Changes in apps: intent = [Intent { act=android.intent.action.PACKAGE_REMOVED dat=package: flg=0x4000010 (has extras) }]
03-18 20:23:35.182 D/ShortcutService(  829): received package broadcast intent: Intent { act=android.intent.action.PACKAGE_REMOVED dat=package: flg=0x4000010 (has extras) }
03-18 20:23:35.185 D/ActivityManager(  829): sync unfroze 5477 com.android.keychain for 10
03-18 20:23:35.186 D/ActivityManager(  829): sync unfroze 3700 com.android.settings for 10
03-18 20:23:35.186 E/SmsApplication( 1261): com.google.android.apps.messaging lost android:read_cell_broadcasts:  (fixing)
03-18 20:23:35.186 W/AppOpService(  829): Ignored setUidMode call for runtime permission app op: uid = 10154, code = READ_CELL_BROADCASTS, mode = allow, callingUid = 1001, oldMode = allow
03-18 20:23:35.191 W/AppOpService(  829): Ignored setUidMode call for runtime permission app op: uid = 1001, code = READ_SMS, mode = allow, callingUid = 1001, oldMode = allow
03-18 20:23:35.191 D/ControlsListingControllerImpl( 1115): ServiceConfig reloaded, count: 0
03-18 20:23:35.196 W/libbinder.IPCThreadState(  829): Sending oneway calls to frozen process.
03-18 20:23:35.196 W/libbinder.IPCThreadState(  829): Sending oneway calls to frozen process.
03-18 20:23:35.196 W/libbinder.IPCThreadState(  829): Sending oneway calls to frozen process.
03-18 20:23:35.196 W/libbinder.IPCThreadState(  829): Sending oneway calls to frozen process.
03-18 20:23:35.196 W/libbinder.IPCThreadState(  829): Sending oneway calls to frozen process.
03-18 20:23:35.196 W/libbinder.IPCThreadState(  829): Sending oneway calls to frozen process.
03-18 20:23:35.196 W/libbinder.IPCThreadState(  829): Sending oneway calls to frozen process.
03-18 20:23:35.196 W/libbinder.IPCThreadState(  829): Sending oneway calls to frozen process.
03-18 20:23:35.196 W/libbinder.IPCThreadState(  829): Sending oneway calls to frozen process.
03-18 20:23:35.196 W/libbinder.IPCThreadState(  829): Sending oneway calls to frozen process.
03-18 20:23:35.196 W/libbinder.IPCThreadState(  829): Sending oneway calls to frozen process.
03-18 20:23:35.196 W/libbinder.IPCThreadState(  829): Sending oneway calls to frozen process.
03-18 20:23:35.196 W/libbinder.IPCThreadState(  829): Sending oneway calls to frozen process.
03-18 20:23:35.196 W/libbinder.IPCThreadState(  829): Sending oneway calls to frozen process.
03-18 20:23:35.196 W/libbinder.IPCThreadState(  829): Sending oneway calls to frozen process.
03-18 20:23:35.196 D/ActivityThread( 1610): Package [com.eazpire.creator] reported as REPLACED, but missing application info. Assuming REMOVED.
03-18 20:23:35.196 W/libbinder.IPCThreadState(  829): Sending oneway calls to frozen process.
03-18 20:23:35.196 W/libbinder.IPCThreadState(  829): Sending oneway calls to frozen process.
03-18 20:23:35.197 D/ActivityThread( 1246): Package [com.eazpire.creator] reported as REPLACED, but missing application info. Assuming REMOVED.
03-18 20:23:35.198 W/libbinder.IPCThreadState(  829): Sending oneway calls to frozen process.
03-18 20:23:35.214 D/ActivityThread( 1270): Package [com.eazpire.creator] reported as REPLACED, but missing application info. Assuming REMOVED.
03-18 20:23:35.214 D/ActivityThread( 1115): Package [com.eazpire.creator] reported as REPLACED, but missing application info. Assuming REMOVED.
03-18 20:23:35.214 D/ActivityThread( 3700): Package [com.eazpire.creator] reported as REPLACED, but missing application info. Assuming REMOVED.
03-18 20:23:35.214 D/ActivityThread( 1452): Package [com.eazpire.creator] reported as REPLACED, but missing application info. Assuming REMOVED.
03-18 20:23:35.214 D/ActivityThread( 1452): Package [com.eazpire.creator] reported as REPLACED, but missing application info. Assuming REMOVED.
03-18 20:23:35.215 D/ActivityThread( 5477): Package [com.eazpire.creator] reported as REPLACED, but missing application info. Assuming REMOVED.
03-18 20:23:35.215 D/ActivityThread( 1288): Package [com.eazpire.creator] reported as REPLACED, but missing application info. Assuming REMOVED.
03-18 20:23:35.215 W/libbinder.IPCThreadState(  829): Sending oneway calls to frozen process.
03-18 20:23:35.215 W/libbinder.IPCThreadState(  829): Sending oneway calls to frozen process.
03-18 20:23:35.215 W/libbinder.IPCThreadState(  829): Sending oneway calls to frozen process.
03-18 20:23:35.215 D/ActivityThread( 4831): Package [com.eazpire.creator] reported as REPLACED, but missing application info. Assuming REMOVED.
03-18 20:23:35.215 W/libbinder.IPCThreadState(  829): Sending oneway calls to frozen process.
03-18 20:23:35.215 W/libbinder.IPCThreadState(  829): Sending oneway calls to frozen process.
03-18 20:23:35.215 W/libbinder.IPCThreadState(  829): Sending oneway calls to frozen process.
03-18 20:23:35.215 W/libbinder.IPCThreadState(  829): Sending oneway calls to frozen process.
03-18 20:23:35.216 W/libbinder.IPCThreadState(  829): Sending oneway calls to frozen process.
03-18 20:23:35.216 W/libbinder.IPCThreadState(  829): Sending oneway calls to frozen process.
03-18 20:23:35.216 W/libbinder.IPCThreadState(  829): Sending oneway calls to frozen process.
03-18 20:23:35.216 W/libbinder.IPCThreadState(  829): Sending oneway calls to frozen process.
03-18 20:23:35.216 W/libbinder.IPCThreadState(  829): Sending oneway calls to frozen process.
03-18 20:23:35.216 W/libbinder.IPCThreadState(  829): Sending oneway calls to frozen process.
03-18 20:23:35.216 W/libbinder.IPCThreadState(  829): Sending oneway calls to frozen process.
03-18 20:23:35.216 W/libbinder.IPCThreadState(  829): Sending oneway calls to frozen process.
03-18 20:23:35.216 W/libbinder.IPCThreadState(  829): Sending oneway calls to frozen process.
03-18 20:23:35.216 D/ActivityThread( 1610): Package [com.eazpire.creator] reported as REPLACED, but missing application info. Assuming REMOVED.
03-18 20:23:35.216 D/PackageInstallerSession(  829): Marking session 1952912875 as applied
03-18 20:23:35.217 D/ActivityThread( 6482): Package [com.eazpire.creator] reported as REPLACED, but missing application info. Assuming REMOVED.
03-18 20:23:35.217 D/ActivityThread( 6482): Package [com.eazpire.creator] reported as REPLACED, but missing application info. Assuming REMOVED.
03-18 20:23:35.217 D/ActivityThread( 1733): Package [com.eazpire.creator] reported as REPLACED, but missing application info. Assuming REMOVED.
03-18 20:23:35.220 D/ActivityThread( 1288): Package [com.eazpire.creator] reported as REPLACED, but missing application info. Assuming REMOVED.
03-18 20:23:35.220 D/BackgroundInstallControlService(  829): Package event received: 0
03-18 20:23:35.225 D/ActivityThread( 4831): Package [com.eazpire.creator] reported as REPLACED, but missing application info. Assuming REMOVED.
03-18 20:23:35.226 D/ActivityThread( 5477): Package [com.eazpire.creator] reported as REPLACED, but missing application info. Assuming REMOVED.
03-18 20:23:35.242 D/ActivityThread( 1213): Package [com.eazpire.creator] reported as REPLACED, but missing application info. Assuming REMOVED.
03-18 20:23:35.242 D/ActivityThread( 1213): Package [com.eazpire.creator] reported as REPLACED, but missing application info. Assuming REMOVED.
03-18 20:23:35.243 D/ActivityThread( 1826): Package [com.eazpire.creator] reported as REPLACED, but missing application info. Assuming REMOVED.
03-18 20:23:35.243 D/ActivityThread( 1826): Package [com.eazpire.creator] reported as REPLACED, but missing application info. Assuming REMOVED.
03-18 20:23:35.244 D/ActivityThread( 1806): Package [com.eazpire.creator] reported as REPLACED, but missing application info. Assuming REMOVED.
03-18 20:23:35.244 D/ActivityThread( 1721): Package [com.eazpire.creator] reported as REPLACED, but missing application info. Assuming REMOVED.
03-18 20:23:35.244 D/ActivityThread( 3700): Package [com.eazpire.creator] reported as REPLACED, but missing application info. Assuming REMOVED.
03-18 20:23:35.245 D/ActivityThread( 1721): Package [com.eazpire.creator] reported as REPLACED, but missing application info. Assuming REMOVED.
03-18 20:23:35.245 W/AppOpService(  829): Ignored setUidMode call for runtime permission app op: uid = 1001, code = RECEIVE_SMS, mode = allow, callingUid = 1001, oldMode = allow
03-18 20:23:35.246 W/AppOpService(  829): Ignored setUidMode call for runtime permission app op: uid = 1001, code = RECEIVE_WAP_PUSH, mode = allow, callingUid = 1001, oldMode = allow
03-18 20:23:35.247 W/AppOpService(  829): Ignored setUidMode call for runtime permission app op: uid = 1001, code = SEND_SMS, mode = allow, callingUid = 1001, oldMode = allow
03-18 20:23:35.247 W/AppOpService(  829): Ignored setUidMode call for runtime permission app op: uid = 1001, code = READ_CELL_BROADCASTS, mode = allow, callingUid = 1001, oldMode = allow
03-18 20:23:35.249 D/ActivityThread( 1763): Package [com.eazpire.creator] reported as REPLACED, but missing application info. Assuming REMOVED.
03-18 20:23:35.249 D/ActivityThread( 1763): Package [com.eazpire.creator] reported as REPLACED, but missing application info. Assuming REMOVED.
03-18 20:23:35.251 D/ActivityThread( 1115): Package [com.eazpire.creator] reported as REPLACED, but missing application info. Assuming REMOVED.
03-18 20:23:35.256 D/ActivityThread( 1270): Package [com.eazpire.creator] reported as REPLACED, but missing application info. Assuming REMOVED.
03-18 20:23:35.258 I/Telecom (  829): CarModeTracker: Package com.eazpire.creator is not tracked.: SSH.oR@AL8
03-18 20:23:35.258 I/Telecom (  829): InCallController: updateCarModeForConnections: car mode apps: : SSH.oR@AL8
03-18 20:23:35.259 I/Telecom (  829): InCallController: update carmode current:UserHandle{0} parent:null: SSH.oR@AL8
03-18 20:23:35.259 D/ActivityThread(  829): Package [com.eazpire.creator] reported as REPLACED, but missing application info. Assuming REMOVED.
03-18 20:23:35.259 D/ActivityThread(  829): Package [com.eazpire.creator] reported as REPLACED, but missing application info. Assuming REMOVED.
03-18 20:23:35.275 D/ActivityThread( 1246): Package [com.eazpire.creator] reported as REPLACED, but missing application info. Assuming REMOVED.
03-18 20:23:35.276 D/ActivityThread( 1806): Package [com.eazpire.creator] reported as REPLACED, but missing application info. Assuming REMOVED.
03-18 20:23:35.282 D/WellbeingModel( 1270): Changes in apps: intent = [Intent { act=android.intent.action.PACKAGE_ADDED dat=package: flg=0x4000010 (has extras) }]
03-18 20:23:35.282 I/WellbeingModel( 1270): updateActionsWithRetry(); retryCount: 0, package: com.eazpire.creator
03-18 20:23:35.282 D/WellbeingModel( 1270): retrieveActions() called with: packageNames = [com.eazpire.creator]
03-18 20:23:35.284 I/AiAiEcho( 1763): AppIndexer Package:[com.eazpire.creator] UserProfile:[0] Enabled:[true].
03-18 20:23:35.284 I/AiAiEcho( 1763): AppFetcherImplV2 updateApps package:[com.eazpire.creator], userId:[0], reason:[package is updated.].
03-18 20:23:35.288 I/SatelliteAppTracker( 1261): onPackageUpdateFinished : com.eazpire.creator
03-18 20:23:35.288 I/SatelliteAppTracker( 1261): onPackageModified : com.eazpire.creator
03-18 20:23:35.289 D/ControlsListingControllerImpl( 1115): ServiceConfig reloaded, count: 0
03-18 20:23:35.309 W/PackageConfigPersister(  829): App-specific configuration not found for packageName: com.eazpire.creator and userId: 0
03-18 20:23:35.310 I/PluginActionManager[com.android.systemui.action.FALSING_PLUGIN]( 1115): Found 0 plugins
03-18 20:23:35.311 I/PluginActionManager[com.android.systemui.action.PLUGIN_SENSOR_MANAGER]( 1115): Found 0 plugins
03-18 20:23:35.311 I/PluginActionManager[com.android.systemui.action.PLUGIN_AUTH_CONTEXT]( 1115): Found 0 plugins
03-18 20:23:35.311 I/PluginActionManager[com.android.systemui.action.PLUGIN_VOLUME]( 1115): Found 0 plugins
03-18 20:23:35.314 I/PluginActionManager[com.android.systemui.action.PLUGIN_TOAST]( 1115): Found 0 plugins
03-18 20:23:35.315 D/ActivityThread( 1733): Package [com.eazpire.creator] reported as REPLACED, but missing application info. Assuming REMOVED.
03-18 20:23:35.315 D/BackgroundInstallControlService(  829): Package event received: 0
03-18 20:23:35.318 D/ControlsListingControllerImpl( 1115): ServiceConfig reloaded, count: 0
03-18 20:23:35.328 I/PluginActionManager[com.android.systemui.action.PLUGIN_GLOBAL_ACTIONS]( 1115): Found 0 plugins
03-18 20:23:35.330 D/ActivityThread( 1261): Package [com.eazpire.creator] reported as REPLACED, but missing application info. Assuming REMOVED.
03-18 20:23:35.331 D/ActivityManager(  829): sync unfroze 4272 com.android.vending for 3
03-18 20:23:35.333 I/PluginActionManager[com.android.systemui.action.PLUGIN_QS]( 1115): Found 0 plugins
03-18 20:23:35.334 D/ActivityThread( 1261): Package [com.eazpire.creator] reported as REPLACED, but missing application info. Assuming REMOVED.
03-18 20:23:35.334 I/PluginActionManager[com.android.systemui.action.PLUGIN_NOTIFICATION_ASSISTANT]( 1115): Found 0 plugins
03-18 20:23:35.335 W/Looper  (  829): Slow dispatch took 104ms android.fg app=system_server main=false group=FOREGROUND h=android.os.Handler c=com.android.server.am.SameProcessApplicationThread$$ExternalSyntheticLambda1@ad4076c m=0
03-18 20:23:35.338 I/PluginActionManager[com.android.systemui.action.PLUGIN_OVERLAY]( 1115): Found 0 plugins
03-18 20:23:35.339 D/ActivityThread( 4272): Package [com.eazpire.creator] reported as REPLACED, but missing application info. Assuming REMOVED.
03-18 20:23:35.346 D/CarrierSvcBindHelper( 1261): onPackageUpdateFinished: com.eazpire.creator
03-18 20:23:35.348 D/ShortcutService(  829): received package broadcast intent: Intent { act=android.intent.action.PACKAGE_ADDED dat=package: flg=0x4000010 (has extras) }
03-18 20:23:35.348 D/ShortcutService(  829): replacing package: com.eazpire.creator userId=0
03-18 20:23:35.348 D/ActivityThread( 4272): Package [com.eazpire.creator] reported as REPLACED, but missing application info. Assuming REMOVED.
03-18 20:23:35.355 D/CarrierSvcBindHelper( 1261): No carrier app for: 0
03-18 20:23:35.355 D/CarrierSvcBindHelper( 1261): onPackageModified: com.eazpire.creator
03-18 20:23:35.356 E/AtomicFile(  829): Failed to rename /data/system/install_sessions.xml.new to /data/system/install_sessions.xml
03-18 20:23:35.356 D/CarrierSvcBindHelper( 1261): No carrier app for: 0
03-18 20:23:35.356 I/SdkSandboxManager(  829): No SDKs used. Skipping SDK data reconcilation for CallingInfo{mUid=10227, mPackageName='com.eazpire.creator, mAppProcessToken='null'}
03-18 20:23:35.359 I/Finsky  ( 4272): [2] Memory trim requested to level 40
03-18 20:23:35.364 I/PluginActionManager[com.android.systemui.action.PLUGIN_NOTIFICATION_MENU_ROW]( 1115): Found 0 plugins
03-18 20:23:35.364 I/RoleService(  829): Granting default roles...
03-18 20:23:35.366 I/Finsky  ( 4272): [2] Flushing in-memory image cache
03-18 20:23:35.372 D/AS.AudioService(  829): received android.intent.action.PACKAGE_ADDED replacing: true archival: false for package com.eazpire.creator with uid 10227
03-18 20:23:35.377 I/Finsky  ( 4272): [2] Memory trim requested to level 40
03-18 20:23:35.383 I/AppLinksUtilsV1( 6482): Legacy cross-profile verification enabled [CONTEXT service_id=244 ]
03-18 20:23:35.384 I/Finsky  ( 4272): [2] Flushing in-memory image cache
03-18 20:23:35.384 W/AlarmManager(  829): Package com.eazpire.creator, uid 10227 lost permission to set exact alarms!
03-18 20:23:35.392 I/Finsky  ( 4272): [2] aigd - Received: android.intent.action.PACKAGE_REMOVED, [hweQ43ilO6JL4qbXIpBznb1aa4HFnCGbUvC8yeftA4g]
03-18 20:23:35.396 I/PluginActionManager[com.android.systemui.action.PLUGIN_NOTIFICATION_MENU_ROW]( 1115): Found 0 plugins
03-18 20:23:35.402 I/PluginActionManager[com.android.systemui.action.PLUGIN_NOTIFICATION_MENU_ROW]( 1115): Found 0 plugins
03-18 20:23:35.404 I/PluginActionManager[com.android.systemui.action.FALSING_PLUGIN]( 1115): Found 0 plugins
03-18 20:23:35.432 W/SignedPackage(  829): Package doesn't have required signing certificate: com.google.android.retaildemo
03-18 20:23:35.433 E/RoleControllerServiceImpl(  829): Default/fallback role holder package doesn't qualify for the role, package: com.google.android.gms.supervision, role: android.app.role.SYSTEM_SUPERVISION, user: 0
03-18 20:23:35.434 D/AppSearchAppsIndexerManagerS(  829): userid in package receiver: 10227
03-18 20:23:35.435 W/Looper  (  829): Slow delivery took 205ms android.fg app=system_server main=false group=FOREGROUND h=android.os.Handler c=com.android.server.am.SameProcessApplicationThread$$ExternalSyntheticLambda1@b2534c7 m=0
03-18 20:23:35.436 I/PluginActionManager[com.android.systemui.action.PLUGIN_SENSOR_MANAGER]( 1115): Found 0 plugins
03-18 20:23:35.444 I/PluginActionManager[com.android.systemui.action.PLUGIN_AUTH_CONTEXT]( 1115): Found 0 plugins
03-18 20:23:35.447 I/PluginActionManager[com.android.systemui.action.PLUGIN_VOLUME]( 1115): Found 0 plugins
03-18 20:23:35.448 I/PluginActionManager[com.android.systemui.action.PLUGIN_TOAST]( 1115): Found 0 plugins
03-18 20:23:35.452 I/PluginActionManager[com.android.systemui.action.PLUGIN_GLOBAL_ACTIONS]( 1115): Found 0 plugins
03-18 20:23:35.456 I/PluginActionManager[com.android.systemui.action.PLUGIN_QS]( 1115): Found 0 plugins
03-18 20:23:35.459 I/PluginActionManager[com.android.systemui.action.PLUGIN_NOTIFICATION_ASSISTANT]( 1115): Found 0 plugins
03-18 20:23:35.462 I/PluginActionManager[com.android.systemui.action.PLUGIN_OVERLAY]( 1115): Found 0 plugins
03-18 20:23:35.469 I/PluginActionManager[com.android.systemui.action.PLUGIN_NOTIFICATION_MENU_ROW]( 1115): Found 0 plugins
03-18 20:23:35.469 I/PluginActionManager[com.android.systemui.action.PLUGIN_NOTIFICATION_MENU_ROW]( 1115): Found 0 plugins
03-18 20:23:35.470 I/PluginActionManager[com.android.systemui.action.PLUGIN_NOTIFICATION_MENU_ROW]( 1115): Found 0 plugins
03-18 20:23:35.471 W/SignedPackage(  829): Package doesn't have required signing certificate: com.google.android.apps.work.clouddpc
03-18 20:23:35.479 I/SdkSandboxManager(  829): No SDKs used. Skipping SDK data reconcilation for CallingInfo{mUid=10227, mPackageName='com.eazpire.creator, mAppProcessToken='null'}
03-18 20:23:35.481 D/ActivityManager(  829): sync unfroze 5504 com.google.android.apps.wellbeing for 7
03-18 20:23:35.482 W/System  ( 1115): A resource failed to call release. 
03-18 20:23:35.490 W/ContentProviderHelper(  829): Slow operation: 61ms so far, now at getContentProviderImpl: after updateOomAdj
03-18 20:23:35.491 W/ContentProviderHelper(  829): Slow operation: 62ms so far, now at getContentProviderImpl: done!
03-18 20:23:35.548 V/Configuration(  829): Updating configuration, locales updated from [] to [en_US]
03-18 20:23:35.548 V/Configuration(  829): Updating configuration, locales updated from [] to [en_US]
03-18 20:23:35.548 V/Configuration(  829): Updating configuration, locales updated from [] to [en_US]
03-18 20:23:35.548 V/Configuration(  829): Updating configuration, locales updated from [] to [en_US]
03-18 20:23:35.548 V/Configuration(  829): Updating configuration, locales updated from [] to [en_US]
03-18 20:23:35.548 V/Configuration(  829): Updating configuration, locales updated from [] to [en_US]
03-18 20:23:35.548 V/Configuration(  829): Updating configuration, locales updated from [] to [en_US]
03-18 20:23:35.554 I/Role    (  829): com.google.android.gms not qualified for android.app.role.SYSTEM_DEPENDENCY_INSTALLER due to missing RequiredComponent{mIntentFilterData=IntentFilterData{mAction='android.content.pm.action.INSTALL_DEPENDENCY', mCategories='[]', mDataScheme='null', mDataType='null'}, mMinTargetSdkVersion=1, mFlags='0', mPermission='android.permission.BIND_DEPENDENCY_INSTALLER', mQueryFlags=0, mMetaData=[]}
03-18 20:23:35.555 E/RoleControllerServiceImpl(  829): Default/fallback role holder package doesn't qualify for the role, package: com.google.android.gms, role: android.app.role.SYSTEM_DEPENDENCY_INSTALLER, user: 0
03-18 20:23:35.562 E/SmsApplication( 1261): com.google.android.apps.messaging lost android:read_cell_broadcasts:  (fixing)
03-18 20:23:35.562 W/AppOpService(  829): Ignored setUidMode call for runtime permission app op: uid = 10154, code = READ_CELL_BROADCASTS, mode = allow, callingUid = 1001, oldMode = allow
03-18 20:23:35.699 W/Looper  (  829): Slow dispatch took 135ms android.ui app=system_server main=false group=TOP_APP h=com.android.server.am.ActivityManagerService$UiHandler c=com.android.server.am.UidObserverController$$ExternalSyntheticLambda0@e065d70 m=0
03-18 20:23:35.703 V/AccessibilityUserState(  829): updateShortcutTargets: type:accessibility_shortcut_target_service, current:{}, new:{}
03-18 20:23:35.703 V/AccessibilityUserState(  829): updateShortcutTargets: type:accessibility_qs_targets, current:{}, new:{}
03-18 20:23:35.703 V/AccessibilityUserState(  829): updateShortcutTargets: type:accessibility_button_targets, current:{}, new:{}
03-18 20:23:35.703 V/AccessibilityUserState(  829): updateShortcutTargets: type:accessibility_gesture_targets, current:{}, new:{}
03-18 20:23:35.703 V/AccessibilityUserState(  829): updateShortcutTargets: type:accessibility_key_gesture_targets, current:{}, new:{}
03-18 20:23:35.704 D/BackgroundInstallControlService(  829): Package event received: 0
03-18 20:23:35.704 D/BackgroundInstallControlService(  829): Package event received: 0
03-18 20:23:35.705 D/ActivityManager(  829): sync unfroze 3429 com.google.android.permissioncontroller for 6
03-18 20:23:35.706 W/Looper  (  829): Slow dispatch took 278ms android.perm app=system_server main=false group=FOREGROUND h=android.os.Handler c=com.android.internal.infra.ServiceConnector$Impl$$ExternalSyntheticLambda2@2b5525 m=0
03-18 20:23:35.706 D/BackgroundInstallControlService(  829): Package event received: 0
03-18 20:23:35.707 W/AppOpService(  829): Ignored setUidMode call for runtime permission app op: uid = 1001, code = READ_SMS, mode = allow, callingUid = 1001, oldMode = allow
03-18 20:23:35.708 W/Looper  (  829): Drained
03-18 20:23:35.709 V/AccessibilityManagerService(  829): onUserStateChangedLocked for userId: 0, forceUpdate: false
03-18 20:23:35.710 D/ActivityThread( 3429): Package [com.eazpire.creator] reported as REPLACED, but missing application info. Assuming REMOVED.
03-18 20:23:35.711 D/ActivityThread( 3429): Package [com.eazpire.creator] reported as REPLACED, but missing application info. Assuming REMOVED.
03-18 20:23:35.712 V/AccessibilityUserState(  829): updateShortcutTargets: type:accessibility_shortcut_target_service, current:{}, new:{}
03-18 20:23:35.712 V/AccessibilityUserState(  829): updateShortcutTargets: type:accessibility_button_targets, current:{}, new:{}
03-18 20:23:35.712 V/AccessibilityUserState(  829): updateShortcutTargets: type:accessibility_gesture_targets, current:{}, new:{}
03-18 20:23:35.712 V/AccessibilityUserState(  829): updateShortcutTargets: type:accessibility_qs_targets, current:{}, new:{}
03-18 20:23:35.712 V/AccessibilityUserState(  829): updateShortcutTargets: type:accessibility_key_gesture_targets, current:{}, new:{}
03-18 20:23:35.722 W/MagnificationConnectionManager(  829): requestConnection duplicated request: connect=false, mConnectionState=DISCONNECTED
03-18 20:23:35.723 V/AccessibilityUserState(  829): updateShortcutTargets: type:accessibility_button_targets, current:{}, new:{}
03-18 20:23:35.723 V/AccessibilityUserState(  829): updateShortcutTargets: type:accessibility_qs_targets, current:{}, new:{}
03-18 20:23:35.730 D/BackupManagerConstants(  829): getFullBackupIntervalMilliseconds(...) returns 86400000
03-18 20:23:35.730 D/BackupManagerConstants(  829): getFullBackupRequiredNetworkType(...) returns 2
03-18 20:23:35.731 D/BackupManagerConstants(  829): getFullBackupRequireCharging(...) returns true
03-18 20:23:35.736 D/ActivityManager(  829): sync unfroze 4370 com.android.vending:background for 3
03-18 20:23:35.758 E/jisd    ( 6482): *~*~*~ Previous channel {0} was garbage collected without being shut down! ~*~*~*
03-18 20:23:35.758 E/jisd    ( 6482):     Make sure to call shutdown()/shutdownNow()
03-18 20:23:35.758 E/jisd    ( 6482): java.lang.RuntimeException: ManagedChannel allocation site
03-18 20:23:35.758 E/jisd    ( 6482): 	at jisc.<init>(:com.google.android.gms@260931038@26.09.31 (260800-877989800):21)
03-18 20:23:35.758 E/jisd    ( 6482): 	at jisd.<init>(:com.google.android.gms@260931038@26.09.31 (260800-877989800):10)
03-18 20:23:35.758 E/jisd    ( 6482): 	at jisb.a(:com.google.android.gms@260931038@26.09.31 (260800-877989800):296)
03-18 20:23:35.758 E/jisd    ( 6482): 	at jhzu.a(:com.google.android.gms@260931038@26.09.31 (260800-877989800):5)
03-18 20:23:35.758 E/jisd    ( 6482): 	at bhos.a(:com.google.android.gms@260931038@26.09.31 (260800-877989800):85)
03-18 20:23:35.758 E/jisd    ( 6482): 	at bhoj.t(:com.google.android.gms@260931038@26.09.31 (260800-877989800):119)
03-18 20:23:35.758 E/jisd    ( 6482): 	at bhoj.G(:com.google.android.gms@260931038@26.09.31 (260800-877989800):5)
03-18 20:23:35.758 E/jisd    ( 6482): 	at ffqk.a(:com.google.android.gms@260931038@26.09.31 (260800-877989800):45)
03-18 20:23:35.758 E/jisd    ( 6482): 	at ffpp.c(:com.google.android.gms@260931038@26.09.31 (260800-877989800):20)
03-18 20:23:35.758 E/jisd    ( 6482): 	at ffpp.a(:com.google.android.gms@260931038@26.09.31 (260800-877989800):3)
03-18 20:23:35.758 E/jisd    ( 6482): 	at bbld.run(:com.google.android.gms@260931038@26.09.31 (260800-877989800):5)
03-18 20:23:35.758 E/jisd    ( 6482): 	at bhuv.c(:com.google.android.gms@260931038@26.09.31 (260800-877989800):50)
03-18 20:23:35.758 E/jisd    ( 6482): 	at bhuv.run(:com.google.android.gms@260931038@26.09.31 (260800-877989800):73)
03-18 20:23:35.758 E/jisd    ( 6482): 	at java.util.concurrent.ThreadPoolExecutor.runWorker(ThreadPoolExecutor.java:1154)
03-18 20:23:35.758 E/jisd    ( 6482): 	at java.util.concurrent.ThreadPoolExecutor$Worker.run(ThreadPoolExecutor.java:652)
03-18 20:23:35.758 E/jisd    ( 6482): 	at biam.run(:com.google.android.gms@260931038@26.09.31 (260800-877989800):8)
03-18 20:23:35.758 E/jisd    ( 6482): 	at java.lang.Thread.run(Thread.java:1563)
03-18 20:23:35.761 D/ActivityThread( 4370): Package [com.eazpire.creator] reported as REPLACED, but missing application info. Assuming REMOVED.
03-18 20:23:35.766 W/AppOpService(  829): Ignored setUidMode call for runtime permission app op: uid = 1001, code = RECEIVE_SMS, mode = allow, callingUid = 1001, oldMode = allow
03-18 20:23:35.823 D/ActivityThread( 4370): Package [com.eazpire.creator] reported as REPLACED, but missing application info. Assuming REMOVED.
03-18 20:23:35.831 I/Finsky:background( 4370): [2] Memory trim requested to level 40
03-18 20:23:35.834 W/HWUI    ( 1270): Failed to choose config with EGL_SWAP_BEHAVIOR_PRESERVED, retrying without...
03-18 20:23:35.836 W/HWUI    ( 1270): Failed to initialize 101010-2 format, error = EGL_SUCCESS
03-18 20:23:35.839 I/MediaProvider( 1721): Invalidating LocalCallingIdentity cache for package com.eazpire.creator. Reason: package android.intent.action.PACKAGE_REMOVED
03-18 20:23:35.839 W/MediaProvider( 1721): WorkProfileOwnerApps cache is empty
03-18 20:23:35.839 D/PickerSyncLockManager( 1721): Trying to acquire lock com.android.providers.media.photopicker.sync.CloseableReentrantLock@71f28dc[Unlocked]. Lock Name = CLOUD_PROVIDER_LOCK. Threads that may be waiting to acquire this lock = []
03-18 20:23:35.844 W/Looper  (  829): Slow dispatch took 369ms main app=system_server main=true group=FOREGROUND h=android.app.ActivityThread$H c=android.app.LoadedApk$ReceiverDispatcher$Args$$ExternalSyntheticLambda0@1008087 m=0
03-18 20:23:35.844 I/Finsky:background( 4370): [2] Memory trim requested to level 40
03-18 20:23:35.848 D/CloseableReentrantLock( 1721): Successfully acquired lock com.android.providers.media.photopicker.sync.CloseableReentrantLock@71f28dc[Locked by thread main]. Lock Name = CLOUD_PROVIDER_LOCK. Threads that may be waiting to acquire this lock = []
03-18 20:23:35.848 D/CloseableReentrantLock( 1721): Successfully released lock com.android.providers.media.photopicker.sync.CloseableReentrantLock@71f28dc[Unlocked]. Lock Name = CLOUD_PROVIDER_LOCK. Threads that may be waiting to acquire this lock = []
03-18 20:23:35.852 I/Finsky:background( 4370): [2] aift - Received: android.intent.action.PACKAGE_REMOVED, [hweQ43ilO6JL4qbXIpBznb1aa4HFnCGbUvC8yeftA4g]
03-18 20:23:35.856 W/AppOpService(  829): Ignored setUidMode call for runtime permission app op: uid = 1001, code = RECEIVE_WAP_PUSH, mode = allow, callingUid = 1001, oldMode = allow
03-18 20:23:35.865 W/AppOpService(  829): Ignored setUidMode call for runtime permission app op: uid = 1001, code = SEND_SMS, mode = allow, callingUid = 1001, oldMode = allow
03-18 20:23:35.868 W/AppOpService(  829): Ignored setUidMode call for runtime permission app op: uid = 1001, code = READ_CELL_BROADCASTS, mode = allow, callingUid = 1001, oldMode = allow
03-18 20:23:35.870 D/AlphabeticIndexCompat( 1270): computeSectionName: cs: eazpire sectionName: E
03-18 20:23:35.873 D/AllAppsStore( 1270): setApps: apps.length=20
03-18 20:23:35.873 D/AllAppsStore( 1270): notifyUpdate: notifying listeners
03-18 20:23:35.873 D/ActivityAllAppsContainerView( 1270): onAppsUpdated; number of apps: 20
03-18 20:23:35.873 D/ActivityAllAppsContainerView( 1270): rebindAdapters: force: false
03-18 20:23:35.873 D/ActivityAllAppsContainerView( 1270): rebindAdapters: Not needed.
03-18 20:23:35.874 D/StatsLog( 1270): LAUNCHER_ALLAPPS_COUNT
03-18 20:23:35.876 D/AlphabeticalAppsList( 1270): Clearing FastScrollerSections.
03-18 20:23:35.877 D/AlphabeticalAppsList( 1270): Adding apps with sections. HasPrivateApps: false
03-18 20:23:35.877 D/AlphabeticalAppsList( 1270): addAppsWithSections: adding sectionName: C with appInfoTitle: Calendar
03-18 20:23:35.880 D/AlphabeticalAppsList( 1270): addAppsWithSections: adding sectionName: D with appInfoTitle: Drive
03-18 20:23:35.880 D/AlphabeticalAppsList( 1270): addAppsWithSections: adding sectionName: E with appInfoTitle: eazpire
03-18 20:23:35.880 D/AlphabeticalAppsList( 1270): addAppsWithSections: adding sectionName: F with appInfoTitle: Files
03-18 20:23:35.880 D/AlphabeticalAppsList( 1270): addAppsWithSections: adding sectionName: G with appInfoTitle: Gmail
03-18 20:23:35.880 D/AlphabeticalAppsList( 1270): addAppsWithSections: adding sectionName: M with appInfoTitle: Maps
03-18 20:23:35.881 D/AlphabeticalAppsList( 1270): addAppsWithSections: adding sectionName: P with appInfoTitle: Phone
03-18 20:23:35.881 D/AlphabeticalAppsList( 1270): addAppsWithSections: adding sectionName: S with appInfoTitle: Safety
03-18 20:23:35.881 D/AlphabeticalAppsList( 1270): addAppsWithSections: adding sectionName: T with appInfoTitle: TMoble
03-18 20:23:35.881 D/AlphabeticalAppsList( 1270): addAppsWithSections: adding sectionName: Y with appInfoTitle: YouTube
03-18 20:23:35.881 D/AlphabeticalAppsList( 1270): Adding FastScrollSection duplicate to scroll to the bottom.
03-18 20:23:35.881 D/AlphabeticalAppsList( 1270): Clearing FastScrollerSections.
03-18 20:23:35.881 D/AlphabeticalAppsList( 1270): Adding apps with sections. HasPrivateApps: false
03-18 20:23:35.881 D/AlphabeticalAppsList( 1270): addAppsWithSections: adding sectionName: C with appInfoTitle: Calendar
03-18 20:23:35.883 D/AlphabeticalAppsList( 1270): addAppsWithSections: adding sectionName: D with appInfoTitle: Drive
03-18 20:23:35.883 D/AlphabeticalAppsList( 1270): addAppsWithSections: adding sectionName: E with appInfoTitle: eazpire
03-18 20:23:35.883 D/AlphabeticalAppsList( 1270): addAppsWithSections: adding sectionName: F with appInfoTitle: Files
03-18 20:23:35.883 D/AlphabeticalAppsList( 1270): addAppsWithSections: adding sectionName: G with appInfoTitle: Gmail
03-18 20:23:35.883 D/AlphabeticalAppsList( 1270): addAppsWithSections: adding sectionName: M with appInfoTitle: Maps
03-18 20:23:35.883 D/AlphabeticalAppsList( 1270): addAppsWithSections: adding sectionName: P with appInfoTitle: Phone
03-18 20:23:35.883 D/AlphabeticalAppsList( 1270): addAppsWithSections: adding sectionName: S with appInfoTitle: Safety
03-18 20:23:35.884 D/AlphabeticalAppsList( 1270): addAppsWithSections: adding sectionName: T with appInfoTitle: TMoble
03-18 20:23:35.884 D/AlphabeticalAppsList( 1270): addAppsWithSections: adding sectionName: Y with appInfoTitle: YouTube
03-18 20:23:35.884 D/AlphabeticalAppsList( 1270): Adding FastScrollSection duplicate to scroll to the bottom.
03-18 20:23:35.893 D/b/387844520( 1270): getOutlineOffsetX: measured width = 173, mNormalizedIconSize = 159, last updated width = 173
03-18 20:23:35.908 V/AccessibilityUserState(  829): updateShortcutTargets: type:accessibility_shortcut_target_service, current:{}, new:{}
03-18 20:23:35.909 V/AccessibilityUserState(  829): updateShortcutTargets: type:accessibility_qs_targets, current:{}, new:{}
03-18 20:23:35.909 V/AccessibilityUserState(  829): updateShortcutTargets: type:accessibility_button_targets, current:{}, new:{}
03-18 20:23:35.909 V/AccessibilityUserState(  829): updateShortcutTargets: type:accessibility_gesture_targets, current:{}, new:{}
03-18 20:23:35.909 V/AccessibilityUserState(  829): updateShortcutTargets: type:accessibility_key_gesture_targets, current:{}, new:{}
03-18 20:23:35.909 V/AccessibilityManagerService(  829): onUserStateChangedLocked for userId: 0, forceUpdate: false
03-18 20:23:35.912 V/AccessibilityUserState(  829): updateShortcutTargets: type:accessibility_shortcut_target_service, current:{}, new:{}
03-18 20:23:35.914 V/AccessibilityUserState(  829): updateShortcutTargets: type:accessibility_button_targets, current:{}, new:{}
03-18 20:23:35.914 V/AccessibilityUserState(  829): updateShortcutTargets: type:accessibility_gesture_targets, current:{}, new:{}
03-18 20:23:35.915 V/AccessibilityUserState(  829): updateShortcutTargets: type:accessibility_qs_targets, current:{}, new:{}
03-18 20:23:35.915 V/AccessibilityUserState(  829): updateShortcutTargets: type:accessibility_key_gesture_targets, current:{}, new:{}
03-18 20:23:35.915 W/MagnificationConnectionManager(  829): requestConnection duplicated request: connect=false, mConnectionState=DISCONNECTED
03-18 20:23:35.923 W/Looper  (  829): Slow delivery took 440ms main app=system_server main=true group=FOREGROUND h=android.app.ActivityThread$H c=android.app.LoadedApk$ReceiverDispatcher$Args$$ExternalSyntheticLambda0@5bf406f m=0
03-18 20:23:35.926 D/AS.AudioService(  829): received android.intent.action.PACKAGE_REPLACED replacing: true archival: false for package com.eazpire.creator with uid 10227
03-18 20:23:35.926 D/AppSearchAppsIndexerManagerS(  829): userid in package receiver: 10227
03-18 20:23:35.930 W/Conscrypt( 6482): Could not set socket write timeout: java.net.SocketException: Socket closed
03-18 20:23:35.936 W/Conscrypt( 6482): 	at com.google.android.gms.org.conscrypt.Platform.setSocketWriteTimeout(:com.google.android.gms@260931038@26.09.31 (260800-877989800):204)
03-18 20:23:35.936 W/Conscrypt( 6482): 	at com.google.android.gms.org.conscrypt.ConscryptFileDescriptorSocket.setSoWriteTimeout(:com.google.android.gms@260931038@26.09.31 (260800-877989800):4)
03-18 20:23:35.938 D/ActivityThread( 5504): Package [com.eazpire.creator] reported as REPLACED, but missing application info. Assuming REMOVED.
03-18 20:23:35.949 W/libbinder.IPCThreadState(  829): Sending oneway calls to frozen process.
03-18 20:23:35.949 W/libbinder.IPCThreadState(  829): Sending oneway calls to frozen process.
03-18 20:23:35.953 D/ActivityThread( 5504): Package [com.eazpire.creator] reported as REPLACED, but missing application info. Assuming REMOVED.
03-18 20:23:35.955 W/libbinder.IPCThreadState(  829): Sending oneway calls to frozen process.
03-18 20:23:35.955 W/libbinder.IPCThreadState(  829): Sending oneway calls to frozen process.
03-18 20:23:35.959 W/Looper  (  829): Drained
03-18 20:23:35.963 I/PluginActionManager[com.android.systemui.action.ICON_WRAPPER_PLUGIN]( 1270): Found 0 plugins
03-18 20:23:35.965 I/PluginActionManager[com.android.systemui.action.PLUGIN_CUSTOM_WIDGET]( 1270): Found 0 plugins
03-18 20:23:35.969 I/PluginActionManager[com.android.systemui.action.PLUGIN_NETWORK_FETCHER_ACTIONS]( 1270): Found 0 plugins
03-18 20:23:35.971 I/HalDevMgr(  829): bestIfaceCreationProposal is null, requestIface=STA, existingIface=[name=wlan0 type=STA]
03-18 20:23:35.972 I/PluginActionManager[com.android.launcher3.action.PLUGIN_DYNAMIC_RESOURCE]( 1270): Found 0 plugins
03-18 20:23:35.973 I/PluginActionManager[com.android.systemui.action.PLUGIN_LAUNCHER_OVERLAY]( 1270): Found 0 plugins
03-18 20:23:35.976 I/PluginActionManager[com.android.systemui.action.PLUGIN_BC_SMARTSPACE_DATA]( 1270): Found 0 plugins
03-18 20:23:35.977 I/PluginActionManager[com.android.systemui.action.PLUGIN_ALL_APPS_ACTIONS]( 1270): Found 0 plugins
03-18 20:23:35.979 I/PluginActionManager[com.android.systemui.action.ICON_WRAPPER_PLUGIN]( 1270): Found 0 plugins
03-18 20:23:35.981 I/PluginActionManager[com.android.systemui.action.PLUGIN_CUSTOM_WIDGET]( 1270): Found 0 plugins
03-18 20:23:35.983 I/PluginActionManager[com.android.systemui.action.PLUGIN_NETWORK_FETCHER_ACTIONS]( 1270): Found 0 plugins
03-18 20:23:35.988 I/PluginActionManager[com.android.launcher3.action.PLUGIN_DYNAMIC_RESOURCE]( 1270): Found 0 plugins
03-18 20:23:35.992 I/PluginActionManager[com.android.systemui.action.PLUGIN_LAUNCHER_OVERLAY]( 1270): Found 0 plugins
03-18 20:23:36.004 I/PluginActionManager[com.android.systemui.action.PLUGIN_BC_SMARTSPACE_DATA]( 1270): Found 0 plugins
03-18 20:23:36.007 W/ProcessStats(  829): Tracking association SourceState{e17f1fe system/1000 ImpFg #4137} whose proc state 5 is better than process ProcessState{dc6fb27 com.google.android.permissioncontroller/10201 pkg=com.google.android.permissioncontroller} proc state 14 (0 skipped)
03-18 20:23:36.011 I/Finsky  ( 4272): [2] aigd - Received: android.intent.action.PACKAGE_ADDED, [hweQ43ilO6JL4qbXIpBznb1aa4HFnCGbUvC8yeftA4g]
03-18 20:23:36.015 I/Finsky  ( 4272): [252] SCH: Received scheduling request: Id: 12-1, Constraints: [{ L: 15000, D: 86400000, C: CHARGING_NONE, I: IDLE_NONE, N: NET_ANY, B: BATTERY_ANY }]
03-18 20:23:36.019 I/PluginActionManager[com.android.systemui.action.PLUGIN_ALL_APPS_ACTIONS]( 1270): Found 0 plugins
03-18 20:23:36.024 I/system_server(  829): Background concurrent mark compact GC freed 10MB AllocSpace bytes, 5(92KB) LOS objects, 38% free, 38MB/62MB, paused 14.928ms,3.625ms total 865.951ms
03-18 20:23:36.031 E/RoleControllerServiceImpl(  829): Default/fallback role holder package doesn't qualify for the role, package: com.google.android.gms, role: android.app.role.WALLET, user: 0
03-18 20:23:36.036 W/System  (  829): A resource failed to call close. 
03-18 20:23:36.049 I/PermissionControllerServiceImpl( 3429): Updating user sensitive for uid 10227
03-18 20:23:36.053 I/SafetyLabelChangedBroadcastReceiver( 3429): received broadcast packageName: com.eazpire.creator, current user: UserHandle{0}, packageChangeEvent: UPDATE, intent user: UserHandle{0}
03-18 20:23:36.060 I/Finsky:background( 4370): [147] Wrote row to frosting DB: 910
03-18 20:23:36.067 I/Finsky:background( 4370): [2] aift - Received: android.intent.action.PACKAGE_ADDED, [hweQ43ilO6JL4qbXIpBznb1aa4HFnCGbUvC8yeftA4g]
03-18 20:23:36.067 E/SmsApplication( 1261): com.google.android.apps.messaging lost android:read_cell_broadcasts:  (fixing)
03-18 20:23:36.068 W/AppOpService(  829): Ignored setUidMode call for runtime permission app op: uid = 10154, code = READ_CELL_BROADCASTS, mode = allow, callingUid = 1001, oldMode = allow
03-18 20:23:36.099 W/AppOpService(  829): Ignored setUidMode call for runtime permission app op: uid = 1001, code = READ_SMS, mode = allow, callingUid = 1001, oldMode = allow
03-18 20:23:36.107 W/AppOpService(  829): Ignored setUidMode call for runtime permission app op: uid = 1001, code = RECEIVE_SMS, mode = allow, callingUid = 1001, oldMode = allow
03-18 20:23:36.112 I/Finsky:background( 4370): [52] IQ:PSL: skipping onPackageRemoved(replacing=true) for untracked package=com.eazpire.creator
03-18 20:23:36.116 W/Conscrypt( 6482): Could not set socket write timeout: java.net.SocketException: Socket closed
03-18 20:23:36.116 W/Conscrypt( 6482): 	at com.google.android.gms.org.conscrypt.Platform.setSocketWriteTimeout(:com.google.android.gms@260931038@26.09.31 (260800-877989800):204)
03-18 20:23:36.119 W/AppOpService(  829): Ignored setUidMode call for runtime permission app op: uid = 1001, code = RECEIVE_WAP_PUSH, mode = allow, callingUid = 1001, oldMode = allow
03-18 20:23:36.126 W/Conscrypt( 6482): 	at com.google.android.gms.org.conscrypt.ConscryptFileDescriptorSocket.setSoWriteTimeout(:com.google.android.gms@260931038@26.09.31 (260800-877989800):4)
03-18 20:23:36.128 W/AppOpService(  829): Ignored setUidMode call for runtime permission app op: uid = 1001, code = SEND_SMS, mode = allow, callingUid = 1001, oldMode = allow
03-18 20:23:36.134 W/AppOpService(  829): Ignored setUidMode call for runtime permission app op: uid = 1001, code = READ_CELL_BROADCASTS, mode = allow, callingUid = 1001, oldMode = allow
03-18 20:23:36.148 I/Finsky:background( 4370): [2] aift - Received: android.intent.action.PACKAGE_ADDED, [hweQ43ilO6JL4qbXIpBznb1aa4HFnCGbUvC8yeftA4g]
03-18 20:23:36.209 E/AppOps  (  829): attributionTag VCN not declared in manifest of android
03-18 20:23:36.224 D/ImsResolver( 1261): maybeAddedImsService, packageName: com.eazpire.creator
03-18 20:23:36.224 V/ImsResolver( 1261): searchForImsServices: package=com.eazpire.creator, users=[UserHandle{0}]
03-18 20:23:36.229 W/VvmPkgInstalledRcvr( 1261): carrierVvmPkgAdded: carrier vvm packages doesn't contain com.eazpire.creator
03-18 20:23:36.299 I/Finsky:background( 4370): [147] Wrote row to frosting DB: 911
03-18 20:23:36.322 D/BoundBrokerSvc( 6482): onBind: Intent { act=com.google.android.gms.common.BIND_SHARED_PREFS xflg=0x4 pkg=com.google.android.gms }
03-18 20:23:36.322 D/BoundBrokerSvc( 6482): Loading bound service for intent: Intent { act=com.google.android.gms.common.BIND_SHARED_PREFS xflg=0x4 pkg=com.google.android.gms }
03-18 20:23:36.325 V/ImsResolver( 1261): searchForImsServices: package=com.eazpire.creator, users=[UserHandle{0}]
03-18 20:23:36.334 D/SatelliteController( 1261): packageStateChanged: package:com.eazpire.creator defaultSmsPackageName: com.google.android.apps.messaging satelliteGatewayServicePackageName: 
03-18 20:23:36.340 I/Finsky  ( 4272): [2] DTU: Received onPackageAdded, replacing: true
03-18 20:23:36.343 W/SignedPackage(  829): Cannot get ApplicationInfo for package: com.google.android.devicelockcontroller
03-18 20:23:36.351 I/Fitness ( 1452): (REDACTED) FitCleanupIntentOperation received Intent %s
03-18 20:23:36.351 I/Finsky:background( 4370): [2] aift - Deduping intent android.intent.action.PACKAGE_ADDED
03-18 20:23:36.364 I/Finsky:background( 4370): [2] aift - Received: android.intent.action.PACKAGE_ADDED, [hweQ43ilO6JL4qbXIpBznb1aa4HFnCGbUvC8yeftA4g]
03-18 20:23:36.378 I/Finsky  ( 4272): [2] aigd - Received: android.intent.action.PACKAGE_ADDED, [hweQ43ilO6JL4qbXIpBznb1aa4HFnCGbUvC8yeftA4g]
03-18 20:23:36.382 I/Finsky  ( 4272): [252] SCH: Received scheduling request: Id: 12-1, Constraints: [{ L: 15000, D: 86400000, C: CHARGING_NONE, I: IDLE_NONE, N: NET_ANY, B: BATTERY_ANY }]
03-18 20:23:36.391 I/ProximityAuth( 1452): [RecentAppsMediator] Package added: (user=UserHandle{0}) com.eazpire.creator
03-18 20:23:36.396 I/Finsky:background( 4370): [2] aift - Deduping intent android.intent.action.PACKAGE_ADDED
03-18 20:23:36.399 I/Finsky:background( 4370): [60] RECEIVER_PACKAGE_MONITOR_BACKGROUND#logWorkEndAndFinishGoAsync: SUCCESS
03-18 20:23:36.402 I/Finsky  ( 4272): [2] aigd - Deduping intent android.intent.action.PACKAGE_ADDED
03-18 20:23:36.410 I/Finsky  ( 4272): [2] aigd - Received: android.intent.action.PACKAGE_ADDED, [hweQ43ilO6JL4qbXIpBznb1aa4HFnCGbUvC8yeftA4g]
03-18 20:23:36.422 I/FontLog ( 1452): (REDACTED) Package %s has no metadata
03-18 20:23:36.422 I/Finsky  ( 4272): [2] aigd - Deduping intent android.intent.action.PACKAGE_ADDED
03-18 20:23:36.427 W/gle.android.gms( 6482): Suspending all threads took: 102.881ms
03-18 20:23:36.432 I/Finsky  ( 4272): [44] RECEIVER_PACKAGE_MONITOR#logWorkEndAndFinishGoAsync: SUCCESS
03-18 20:23:36.440 I/Finsky:background( 4370): [147] Wrote row to frosting DB: 912
03-18 20:23:36.444 I/AppLinksAsyncVerifierV2( 6482): (REDACTED) Verification result: checking for a statement with source %s, relation delegate_permission/common.handle_all_urls, and target %s --> %b.
03-18 20:23:36.447 I/AppLinksHostsVerifierV2( 6482): (REDACTED) Adding relation extensions for host: %s
03-18 20:23:36.452 I/AppLinksAsyncVerifierV2( 6482): (REDACTED) Verification result: checking for a statement with source %s, relation delegate_permission/common.handle_all_urls, and target %s --> %b.
03-18 20:23:36.455 I/AppLinksHostsVerifierV2( 6482): (REDACTED) Adding relation extensions for host: %s
03-18 20:23:36.456 I/AppLinksHostsVerifierV2( 6482): (REDACTED) Verification %s complete. Successful hosts: %s. Failed hosts: %s. Error hosts: %s.
03-18 20:23:36.474 I/AppLinksRequestHandler( 6482): (REDACTED) Updating url filtering rules for %s: %s
03-18 20:23:36.485 I/WebApkHostsVerifierV2( 6482): (REDACTED) Processing %d input requests
03-18 20:23:36.490 I/AppLinksUtilsV1( 6482): Legacy cross-profile verification enabled [CONTEXT service_id=244 ]
03-18 20:23:36.491 V/SafetySourceDataValidat(  829): Package: com.android.vending has expected signature
03-18 20:23:36.492 V/SafetySourceDataValidat(  829): Package: com.android.vending has expected signature
03-18 20:23:36.495 I/WebApkHostsVerifierV2( 6482): (REDACTED) Returning %d non-WebAPK requests
03-18 20:23:36.507 I/Finsky:background( 4370): [2] Memory trim requested to level 40
03-18 20:23:36.535 I/Finsky:background( 4370): [147] Wrote row to frosting DB: 913
03-18 20:23:36.561 I/Auth    ( 6482): (REDACTED) [SupervisedAccountIntentOperation] onHandleIntent: %s
03-18 20:23:36.570 I/Finsky:background( 4370): [147] Wrote row to frosting DB: 914
03-18 20:23:36.601 I/NearbyDiscovery( 6482): (REDACTED) processGrantSlicePermission: %s
03-18 20:23:36.623 I/Finsky:background( 4370): [147] Wrote row to frosting DB: 915
03-18 20:23:36.644 W/SQLiteLog( 6482): (28) double-quoted string literal: "com.eazpire.creator"
03-18 20:23:36.654 I/Finsky  ( 4272): [51] WM::SCH: Logging work initialize for 12-1
03-18 20:23:36.669 I/Finsky  ( 4272): [51] WM::SCH: Logging work initialize for 12-1
03-18 20:23:36.681 I/Finsky  ( 4272): [2] Memory trim requested to level 40
03-18 20:23:36.681 I/Finsky  ( 4272): [2] Flushing in-memory image cache
03-18 20:23:36.710 I/Finsky  ( 4272): [55] SCH: Scheduling phonesky job Id: 12-1, CT: 1773865416016, Constraints: [{ L: 15000, D: 86400000, C: CHARGING_NONE, I: IDLE_NONE, N: NET_ANY, B: BATTERY_ANY }]
03-18 20:23:36.712 W/ogle.android.as( 1763): Suspending all threads took: 5.519ms
03-18 20:23:36.720 I/Finsky  ( 4272): [56] SCH: Scheduling 1 system job(s)
03-18 20:23:36.724 I/Icing   ( 6482): IndexChimeraService.getServiceInterface callingPackage=com.google.android.gms componentName=AppsCorpus serviceId=36
03-18 20:23:36.727 I/Finsky  ( 4272): [56] SCH: Scheduling system job Id: 9786, L: 14293, D: 56114184, C: false, I: false, N: 1
03-18 20:23:36.751 I/Finsky  ( 4272): [54] SCH: Scheduling phonesky job Id: 12-1, CT: 1773865416382, Constraints: [{ L: 15000, D: 86400000, C: CHARGING_NONE, I: IDLE_NONE, N: NET_ANY, B: BATTERY_ANY }]
03-18 20:23:36.751 I/Finsky  ( 4272): [47] [ContentSync] finished, scheduled=true
03-18 20:23:36.758 D/BackgroundInstallControlService(  829): Package event received: 0
03-18 20:23:36.765 I/Finsky  ( 4272): [58] SCH: Scheduling 0 system job(s)
03-18 20:23:36.773 I/Finsky  ( 4272): [58] [ContentSync] finished, scheduled=true
03-18 20:23:36.780 I/Icing   ( 6482): Usage reports ok 1, Failed Usage reports 0, indexed 0, rejected 0
03-18 20:23:36.781 I/Icing   ( 6482): IndexChimeraService.getServiceInterface callingPackage=com.google.android.gms componentName=null serviceId=30
03-18 20:23:36.821 I/Icing   ( 6482): Usage reports ok 0, Failed Usage reports 0, indexed 0, rejected 0
03-18 20:23:36.842 I/Icing   ( 6482): Indexing com.google.android.gms-apps from com.google.android.gms
03-18 20:23:36.865 I/Icing   ( 6482): Indexing done com.google.android.gms-apps
03-18 20:23:37.132 W/libbinder.Binder( 5504): Binder transaction to android.content.IContentProvider code 21 took 1606ms. Data bytes: 480 Reply bytes: 432 Flags: 18
03-18 20:23:37.135 D/WellbeingModel( 1270): ....actionId: pause, packages: com.eazpire.creator
03-18 20:23:37.140 I/WellbeingModel( 1270): retrieveActions(): finished
03-18 20:23:38.980 I/HalDevMgr(  829): bestIfaceCreationProposal is null, requestIface=STA, existingIface=[name=wlan0 type=STA]
03-18 20:23:41.744 W/libbinder.BackendUnifiedServiceManager( 9713): Thread Pool max thread count is 0. Cannot cache binder as linkToDeath cannot be implemented. serviceName: package
03-18 20:23:41.848 W/android.vending( 4272): Suspending all threads took: 23.084ms
03-18 20:23:41.871 D/SatelliteController( 1261): iisInCarrierRoamingNbIotNtn: satellite is disabled
03-18 20:23:41.873 D/SatelliteController( 1261): getCarrierRoamingNtnConnectType: Falling back to global carrier config connect type: 0
