03-18 20:20:11.549 W/libbinder.BackendUnifiedServiceManager( 9560): Thread Pool max thread count is 0. Cannot cache binder as linkToDeath cannot be implemented. serviceName: package
03-18 20:20:11.748 D/SatelliteController( 1261): iisInCarrierRoamingNbIotNtn: satellite is disabled
03-18 20:20:11.750 D/SatelliteController( 1261): getCarrierRoamingNtnConnectType: Falling back to global carrier config connect type: 0
03-18 20:20:11.762 I/artd    ( 2548): GetBestInfo: odex next to the dex file (/data/app/~~tbG4juFgRU2dCBO6E7tZDA==/com.google.android.gms-6zp80s4nuSDHwMUHbN31DA==/oat/x86_64/base.odex) is kOatUpToDate with filter 'speed-profile' executable 'false'
03-18 20:20:11.767 I/artd    ( 2548): GetBestInfo: odex next to the dex file (/data/app/~~tbG4juFgRU2dCBO6E7tZDA==/com.google.android.gms-6zp80s4nuSDHwMUHbN31DA==/oat/x86_64/split_AdsDynamite_installtime.odex) is kOatUpToDate with filter 'speed' executable 'false'
03-18 20:20:11.769 I/artd    ( 2548): GetBestInfo: odex next to the dex file (/data/app/~~tbG4juFgRU2dCBO6E7tZDA==/com.google.android.gms-6zp80s4nuSDHwMUHbN31DA==/oat/x86_64/split_CronetDynamite_installtime.odex) is kOatUpToDate with filter 'speed' executable 'false'
03-18 20:20:11.774 I/artd    ( 2548): GetBestInfo: odex next to the dex file (/data/app/~~tbG4juFgRU2dCBO6E7tZDA==/com.google.android.gms-6zp80s4nuSDHwMUHbN31DA==/oat/x86_64/split_DynamiteLoader_installtime.odex) is kOatUpToDate with filter 'speed' executable 'false'
03-18 20:20:11.777 I/artd    ( 2548): GetBestInfo: odex next to the dex file (/data/app/~~tbG4juFgRU2dCBO6E7tZDA==/com.google.android.gms-6zp80s4nuSDHwMUHbN31DA==/oat/x86_64/split_DynamiteModulesA_installtime.odex) is kOatUpToDate with filter 'speed' executable 'false'
03-18 20:20:11.783 I/artd    ( 2548): GetBestInfo: odex next to the dex file (/data/app/~~tbG4juFgRU2dCBO6E7tZDA==/com.google.android.gms-6zp80s4nuSDHwMUHbN31DA==/oat/x86_64/split_DynamiteModulesC_installtime.odex) is kOatUpToDate with filter 'speed' executable 'false'
03-18 20:20:11.785 I/artd    ( 2548): GetBestInfo: odex next to the dex file (/data/app/~~tbG4juFgRU2dCBO6E7tZDA==/com.google.android.gms-6zp80s4nuSDHwMUHbN31DA==/oat/x86_64/split_GoogleCertificates_installtime.odex) is kOatUpToDate with filter 'speed' executable 'false'
03-18 20:20:11.788 I/artd    ( 2548): GetBestInfo: odex next to the dex file (/data/app/~~tbG4juFgRU2dCBO6E7tZDA==/com.google.android.gms-6zp80s4nuSDHwMUHbN31DA==/oat/x86_64/split_MapsDynamite_installtime.odex) is kOatUpToDate with filter 'speed' executable 'false'
03-18 20:20:11.791 D/BackgroundInstallControlService(  829): Package event received: 0
03-18 20:20:11.791 I/artd    ( 2548): GetBestInfo: odex next to the dex file (/data/app/~~tbG4juFgRU2dCBO6E7tZDA==/com.google.android.gms-6zp80s4nuSDHwMUHbN31DA==/oat/x86_64/split_MeasurementDynamite_installtime.odex) is kOatUpToDate with filter 'speed' executable 'false'
03-18 20:20:11.795 I/artd    ( 2548): GetBestInfo: /data/user_de/0/com.google.android.gms/app_chimera/m/0000000d/dl-MlkitBarcodeUi.optional_253434100800.apk has no usable artifacts
03-18 20:20:11.797 I/artd    ( 2548): GetBestInfo: /data/user_de/0/com.google.android.gms/app_chimera/m/00000001/CronetDynamite.apk has no usable artifacts
03-18 20:20:11.800 I/artd    ( 2548): GetBestInfo: /data/user_de/0/com.google.android.gms/app_chimera/m/00000014/dl-MlkitBarcodeUi.optional_260931100800.apk has no usable artifacts
03-18 20:20:11.804 I/artd    ( 2548): GetBestInfo: /data/user_de/0/com.google.android.gms/app_chimera/m/00000013/dl-Appsearch.optional_260931100800.apk has no usable artifacts
03-18 20:20:11.804 I/artd    ( 2548): GetBestInfo: /data/user_de/0/com.google.android.gms/app_chimera/m/00000002/DynamiteLoader.apk has no usable artifacts
03-18 20:20:11.805 I/artd    ( 2548): GetBestInfo: /data/user_de/0/com.google.android.gms/app_chimera/m/00000005/GoogleCertificates.apk has no usable artifacts
03-18 20:20:11.807 I/artd    ( 2548): GetBestInfo: /data/user_de/0/com.google.android.gms/app_chimera/m/00000009/dl-TfliteDynamiteDynamite.integ_252130102100800.apk has no usable artifacts
03-18 20:20:11.808 I/artd    ( 2548): GetBestInfo: /data/user_de/0/com.google.android.gms/app_chimera/m/00000011/dl-MlkitOcrCommon.optional_260931100800.apk has no usable artifacts
03-18 20:20:11.810 I/artd    ( 2548): GetBestInfo: /data/user_de/0/com.google.android.gms/app_chimera/m/0000000a/dl-MlkitOcrCommon.optional_253434100800.apk has no usable artifacts
03-18 20:20:11.812 I/artd    ( 2548): GetBestInfo: vdex next to the dex file (/data/user/0/com.google.android.gms/app_dg_cache/E893C01D331CD1FBE6F076D28A1BA871F16A1DEC/oat/x86_64/the.vdex) is kOatUpToDate with filter 'verify' executable 'false'
03-18 20:20:11.814 I/artd    ( 2548): GetBestInfo: /data/user_de/0/com.google.android.gms/app_chimera/m/00000012/dl-VisionOcr.optional_260931100000.apk has no usable artifacts
03-18 20:20:11.816 I/artd    ( 2548): GetBestInfo: /data/user_de/0/com.google.android.gms/app_chimera/m/00000008/dl-VisionOcr.optional_253434100000.apk has no usable artifacts
03-18 20:20:11.817 I/artd    ( 2548): GetBestInfo: /data/user_de/0/com.google.android.gms/app_chimera/m/0000000b/dl-Appsearch.optional_253434100800.apk has no usable artifacts
03-18 20:20:11.818 I/artd    ( 2548): GetBestInfo: /data/user_de/0/com.google.android.gms/app_chimera/m/00000007/MeasurementDynamite.apk has no usable artifacts
03-18 20:20:11.820 I/artd    ( 2548): GetBestInfo: /data/user_de/0/com.google.android.gms/app_chimera/m/0000000f/dl-PlayCloudSearch.optional_260931100000.apk has no usable artifacts
03-18 20:20:11.822 I/artd    ( 2548): GetBestInfo: /data/user_de/0/com.google.android.gms/app_chimera/m/0000000e/dl-PlayCloudSearch.optional_253434100000.apk has no usable artifacts
03-18 20:20:13.052 D/AndroidRuntime( 9446): Shutting down VM
--------- beginning of crash
03-18 20:20:13.058 E/AndroidRuntime( 9446): FATAL EXCEPTION: main
03-18 20:20:13.058 E/AndroidRuntime( 9446): Process: com.eazpire.creator, PID: 9446
03-18 20:20:13.058 E/AndroidRuntime( 9446): java.lang.IllegalStateException: Vertically scrollable component was measured with an infinity maximum height constraints, which is disallowed. One of the common reasons is nesting layouts like LazyColumn and Column(Modifier.verticalScroll()). If you want to add a header before the list of items please add a header as a separate item() before the main items() inside the LazyColumn scope. There are could be other reasons for this to happen: your ComposeView was added into a LinearLayout with some weight, you applied Modifier.wrapContentSize(unbounded = true) or wrote a custom layout. Please try to remove the source of infinite constraints in the hierarchy above the scrolling container.
03-18 20:20:13.058 E/AndroidRuntime( 9446): 	at androidx.compose.foundation.CheckScrollableContainerConstraintsKt.checkScrollableContainerConstraints-K40F9xA(CheckScrollableContainerConstraints.kt:35)
03-18 20:20:13.058 E/AndroidRuntime( 9446): 	at androidx.compose.foundation.ScrollingLayoutNode.measure-3p2s80s(Scroll.kt:380)
03-18 20:20:13.058 E/AndroidRuntime( 9446): 	at androidx.compose.ui.node.LayoutModifierNodeCoordinator.measure-BRTryo0(LayoutModifierNodeCoordinator.kt:116)
03-18 20:20:13.058 E/AndroidRuntime( 9446): 	at androidx.compose.foundation.AndroidOverscrollKt$StretchOverscrollNonClippingLayer$2.invoke-3p2s80s(AndroidOverscroll.kt:578)
03-18 20:20:13.058 E/AndroidRuntime( 9446): 	at androidx.compose.foundation.AndroidOverscrollKt$StretchOverscrollNonClippingLayer$2.invoke(AndroidOverscroll.kt:577)
03-18 20:20:13.058 E/AndroidRuntime( 9446): 	at androidx.compose.ui.layout.LayoutModifierImpl.measure-3p2s80s(LayoutModifier.kt:291)
03-18 20:20:13.058 E/AndroidRuntime( 9446): 	at androidx.compose.ui.node.LayoutModifierNodeCoordinator.measure-BRTryo0(LayoutModifierNodeCoordinator.kt:116)
03-18 20:20:13.058 E/AndroidRuntime( 9446): 	at androidx.compose.foundation.AndroidOverscrollKt$StretchOverscrollNonClippingLayer$1.invoke-3p2s80s(AndroidOverscroll.kt:562)
03-18 20:20:13.058 E/AndroidRuntime( 9446): 	at androidx.compose.foundation.AndroidOverscrollKt$StretchOverscrollNonClippingLayer$1.invoke(AndroidOverscroll.kt:561)
03-18 20:20:13.058 E/AndroidRuntime( 9446): 	at androidx.compose.ui.layout.LayoutModifierImpl.measure-3p2s80s(LayoutModifier.kt:291)
03-18 20:20:13.058 E/AndroidRuntime( 9446): 	at androidx.compose.ui.node.LayoutModifierNodeCoordinator.measure-BRTryo0(LayoutModifierNodeCoordinator.kt:116)
03-18 20:20:13.058 E/AndroidRuntime( 9446): 	at androidx.compose.ui.graphics.SimpleGraphicsLayerModifier.measure-3p2s80s(GraphicsLayerModifier.kt:646)
03-18 20:20:13.058 E/AndroidRuntime( 9446): 	at androidx.compose.ui.node.LayoutModifierNodeCoordinator.measure-BRTryo0(LayoutModifierNodeCoordinator.kt:116)
03-18 20:20:13.058 E/AndroidRuntime( 9446): 	at androidx.compose.foundation.layout.FillNode.measure-3p2s80s(Size.kt:698)
03-18 20:20:13.058 E/AndroidRuntime( 9446): 	at androidx.compose.ui.node.LayoutModifierNodeCoordinator.measure-BRTryo0(LayoutModifierNodeCoordinator.kt:116)
03-18 20:20:13.058 E/AndroidRuntime( 9446): 	at androidx.compose.foundation.layout.PaddingNode.measure-3p2s80s(Padding.kt:397)
03-18 20:20:13.058 E/AndroidRuntime( 9446): 	at androidx.compose.ui.node.LayoutModifierNodeCoordinator.measure-BRTryo0(LayoutModifierNodeCoordinator.kt:116)
03-18 20:20:13.058 E/AndroidRuntime( 9446): 	at androidx.compose.ui.node.LayoutNodeLayoutDelegate$performMeasure$2.invoke(LayoutNodeLayoutDelegate.kt:1499)
03-18 20:20:13.058 E/AndroidRuntime( 9446): 	at androidx.compose.ui.node.LayoutNodeLayoutDelegate$performMeasure$2.invoke(LayoutNodeLayoutDelegate.kt:1495)
03-18 20:20:13.058 E/AndroidRuntime( 9446): 	at androidx.compose.runtime.snapshots.Snapshot$Companion.observe(Snapshot.kt:2299)
03-18 20:20:13.058 E/AndroidRuntime( 9446): 	at androidx.compose.runtime.snapshots.SnapshotStateObserver$ObservedScopeMap.observe(SnapshotStateObserver.kt:467)
03-18 20:20:13.058 E/AndroidRuntime( 9446): 	at androidx.compose.runtime.snapshots.SnapshotStateObserver.observeReads(SnapshotStateObserver.kt:230)
03-18 20:20:13.058 E/AndroidRuntime( 9446): 	at androidx.compose.ui.node.OwnerSnapshotObserver.observeReads$ui_release(OwnerSnapshotObserver.kt:133)
03-18 20:20:13.058 E/AndroidRuntime( 9446): 	at androidx.compose.ui.node.OwnerSnapshotObserver.observeMeasureSnapshotReads$ui_release(OwnerSnapshotObserver.kt:113)
03-18 20:20:13.058 E/AndroidRuntime( 9446): 	at androidx.compose.ui.node.LayoutNodeLayoutDelegate.performMeasure-BRTryo0(LayoutNodeLayoutDelegate.kt:1495)
03-18 20:20:13.058 E/AndroidRuntime( 9446): 	at androidx.compose.ui.node.LayoutNodeLayoutDelegate.access$performMeasure-BRTryo0(LayoutNodeLayoutDelegate.kt:35)
03-18 20:20:13.058 E/AndroidRuntime( 9446): 	at androidx.compose.ui.node.LayoutNodeLayoutDelegate$MeasurePassDelegate.remeasure-BRTryo0(LayoutNodeLayoutDelegate.kt:560)
03-18 20:20:13.058 E/AndroidRuntime( 9446): 	at androidx.compose.ui.node.LayoutNodeLayoutDelegate$MeasurePassDelegate.measure-BRTryo0(LayoutNodeLayoutDelegate.kt:539)
03-18 20:20:13.058 E/AndroidRuntime( 9446): 	at androidx.compose.foundation.layout.BoxKt$boxMeasurePolicy$1.measure-3p2s80s(Box.kt:114)
03-18 20:20:13.059 E/AndroidRuntime( 9446): 	at androidx.compose.ui.node.InnerNodeCoordinator.measure-BRTryo0(InnerNodeCoordinator.kt:126)
03-18 20:20:13.059 E/AndroidRuntime( 9446): 	at androidx.compose.foundation.ScrollingLayoutNode.measure-3p2s80s(Scroll.kt:389)
03-18 20:20:13.059 E/AndroidRuntime( 9446): 	at androidx.compose.ui.node.LayoutModifierNodeCoordinator.measure-BRTryo0(LayoutModifierNodeCoordinator.kt:116)
03-18 20:20:13.059 E/AndroidRuntime( 9446): 	at androidx.compose.foundation.AndroidOverscrollKt$StretchOverscrollNonClippingLayer$2.invoke-3p2s80s(AndroidOverscroll.kt:578)
03-18 20:20:13.059 E/AndroidRuntime( 9446): 	at androidx.compose.foundation.AndroidOverscrollKt$StretchOverscrollNonClippingLayer$2.invoke(AndroidOverscroll.kt:577)
03-18 20:20:13.059 E/AndroidRuntime( 9446): 	at androidx.compose.ui.layout.LayoutModifierImpl.measure-3p2s80s(LayoutModifier.kt:291)
03-18 20:20:13.059 E/AndroidRuntime( 9446): 	at androidx.compose.ui.node.LayoutModifierNodeCoordinator.measure-BRTryo0(LayoutModifierNodeCoordinator.kt:116)
03-18 20:20:13.059 E/AndroidRuntime( 9446): 	at androidx.compose.foundation.AndroidOverscrollKt$StretchOverscrollNonClippingLayer$1.invoke-3p2s80s(AndroidOverscroll.kt:562)
03-18 20:20:13.059 E/AndroidRuntime( 9446): 	at androidx.compose.foundation.AndroidOverscrollKt$StretchOverscrollNonClippingLayer$1.invoke(AndroidOverscroll.kt:561)
03-18 20:20:13.059 E/AndroidRuntime( 9446): 	at androidx.compose.ui.layout.LayoutModifierImpl.measure-3p2s80s(LayoutModifier.kt:291)
03-18 20:20:13.059 E/AndroidRuntime( 9446): 	at androidx.compose.ui.node.LayoutModifierNodeCoordinator.measure-BRTryo0(LayoutModifierNodeCoordinator.kt:116)
03-18 20:20:13.059 E/AndroidRuntime( 9446): 	at androidx.compose.ui.graphics.SimpleGraphicsLayerModifier.measure-3p2s80s(GraphicsLayerModifier.kt:646)
03-18 20:20:13.059 E/AndroidRuntime( 9446): 	at androidx.compose.ui.node.LayoutModifierNodeCoordinator.measure-BRTryo0(LayoutModifierNodeCoordinator.kt:116)
03-18 20:20:13.059 E/AndroidRuntime( 9446): 	at androidx.compose.foundation.layout.FillNode.measure-3p2s80s(Size.kt:698)
03-18 20:20:13.059 E/AndroidRuntime( 9446): 	at androidx.compose.ui.node.LayoutModifierNodeCoordinator.measure-BRTryo0(LayoutModifierNodeCoordinator.kt:116)
03-18 20:20:13.059 E/AndroidRuntime( 9446): 	at androidx.compose.ui.node.LayoutNodeLayoutDelegate$performMeasure$2.invoke(LayoutNodeLayoutDelegate.kt:1499)
03-18 20:20:13.059 E/AndroidRuntime( 9446): 	at androidx.compose.ui.node.LayoutNodeLayoutDelegate$performMeasure$2.invoke(LayoutNodeLayoutDelegate.kt:1495)
03-18 20:20:13.059 E/AndroidRuntime( 9446): 	at androidx.compose.runtime.snapshots.Snapshot$Companion.observe(Snapshot.kt:2299)
03-18 20:20:13.059 E/AndroidRuntime( 9446): 	at androidx.compose.runtime.snapshots.SnapshotStateObserver$ObservedScopeMap.observe(SnapshotStateObserver.kt:467)
03-18 20:20:13.059 E/AndroidRuntime( 9446): 	at androidx.compose.runtime.snapshots.SnapshotStateObserver.observeReads(SnapshotStateObserver.kt:230)
03-18 20:20:13.059 E/AndroidRuntime( 9446): 	at androidx.compose.ui.node.OwnerSnapshotObserver.observeReads$ui_release(OwnerSnapshotObserver.kt:133)
03-18 20:20:13.059 E/AndroidRuntime( 9446): 	at androidx.compose.ui.node.OwnerSnapshotObserver.observeMeasureSnapshotReads$ui_release(OwnerSnapshotObserver.kt:113)
03-18 20:20:13.059 E/AndroidRuntime( 9446): 	at androidx.compose.ui.node.LayoutNodeLayoutDelegate.performMeasure-BRTryo0(LayoutNodeLayoutDelegate.kt:1495)
03-18 20:20:13.059 E/AndroidRuntime( 9446): 	at androidx.compose.ui.node.LayoutNodeLayoutDelegate.access$performMeasure-BRTryo0(LayoutNodeLayoutDelegate.kt:35)
03-18 20:20:13.059 E/AndroidRuntime( 9446): 	at androidx.compose.ui.node.LayoutNodeLayoutDelegate$MeasurePassDelegate.remeasure-BRTryo0(LayoutNodeLayoutDelegate.kt:560)
03-18 20:20:13.059 E/AndroidRuntime( 9446): 	at androidx.compose.ui.node.LayoutNodeLayoutDelegate$MeasurePassDelegate.measure-BRTryo0(LayoutNodeLayoutDelegate.kt:539)
03-18 20:20:13.059 E/AndroidRuntime( 9446): 	at androidx.compose.foundation.layout.RowColumnMeasurementHelper.measureWithoutPlacing-_EkL_-Y(RowColumnMeasurementHelper.kt:112)
03-18 20:20:13.059 E/AndroidRuntime( 9446): 	at androidx.compose.foundation.layout.RowColumnImplKt$rowColumnMeasurePolicy$1.measure-3p2s80s(RowColumnImpl.kt:71)
03-18 20:20:13.059 E/AndroidRuntime( 9446): 	at androidx.compose.ui.node.InnerNodeCoordinator.measure-BRTryo0(InnerNodeCoordinator.kt:126)
03-18 20:20:13.059 E/AndroidRuntime( 9446): 	at androidx.compose.foundation.layout.FillNode.measure-3p2s80s(Size.kt:698)
03-18 20:20:13.059 E/AndroidRuntime( 9446): 	at androidx.compose.ui.node.LayoutModifierNodeCoordinator.measure-BRTryo0(LayoutModifierNodeCoordinator.kt:116)
03-18 20:20:13.059 E/AndroidRuntime( 9446): 	at androidx.compose.ui.node.LayoutNodeLayoutDelegate$performMeasure$2.invoke(LayoutNodeLayoutDelegate.kt:1499)
03-18 20:20:13.059 E/AndroidRuntime( 9446): 	at androidx.compose.ui.node.LayoutNodeLayoutDelegate$performMeasure$2.invoke(LayoutNodeLayoutDelegate.kt:1495)
03-18 20:20:13.059 E/AndroidRuntime( 9446): 	at androidx.compose.runtime.snapshots.Snapshot$Companion.observe(Snapshot.kt:2299)
03-18 20:20:13.059 E/AndroidRuntime( 9446): 	at androidx.compose.runtime.snapshots.SnapshotStateObserver$ObservedScopeMap.observe(SnapshotStateObserver.kt:467)
03-18 20:20:13.059 E/AndroidRuntime( 9446): 	at androidx.compose.runtime.snapshots.SnapshotStateObserver.observeReads(SnapshotStateObserver.kt:230)
03-18 20:20:13.059 E/AndroidRuntime( 9446): 	at androidx.compose.ui.node.OwnerSnapshotObserver.observeReads$ui_release(OwnerSnapshotObserver.kt:133)
03-18 20:20:13.063 E/AndroidRuntime( 9446): 	at androidx.compose.ui.node.OwnerSnapshotObserver.observeMeasureSnapshotReads$ui_release(OwnerSnapshotObserver.kt:113)
03-18 20:20:13.063 E/AndroidRuntime( 9446): 	at androidx.compose.ui.node.LayoutNodeLayoutDelegate.performMeasure-BRTryo0(LayoutNodeLayoutDelegate.kt:1495)
03-18 20:20:13.063 E/AndroidRuntime( 9446): 	at androidx.compose.ui.node.LayoutNodeLayoutDelegate.access$performMeasure-BRTryo0(LayoutNodeLayoutDelegate.kt:35)
03-18 20:20:13.063 E/AndroidRuntime( 9446): 	at androidx.compose.ui.node.LayoutNodeLayoutDelegate$MeasurePassDelegate.remeasure-BRTryo0(LayoutNodeLayoutDelegate.kt:560)
03-18 20:20:13.063 E/AndroidRuntime( 9446): 	at androidx.compose.ui.node.LayoutNodeLayoutDelegate$MeasurePassDelegate.measure-BRTryo0(LayoutNodeLayoutDelegate.kt:539)
03-18 20:20:13.063 E/AndroidRuntime( 9446): 	at androidx.compose.foundation.layout.RowColumnMeasurementHelper.measureWithoutPlacing-_EkL_-Y(RowColumnMeasurementHelper.kt:112)
03-18 20:20:13.063 E/AndroidRuntime( 9446): 	at androidx.compose.foundation.layout.RowColumnImplKt$rowColumnMeasurePolicy$1.measure-3p2s80s(RowColumnImpl.kt:71)
03-18 20:20:13.063 E/AndroidRuntime( 9446): 	at androidx.compose.ui.node.InnerNodeCoordinator.measure-BRTryo0(InnerNodeCoordinator.kt:126)
03-18 20:20:13.063 E/AndroidRuntime( 9446): 	at androidx.compose.foundation.layout.FillNode.measure-3p2s80s(Size.kt:698)
03-18 20:20:13.063 E/AndroidRuntime( 9446): 	at androidx.compose.ui.node.LayoutModifierNodeCoordinator.measure-BRTryo0(LayoutModifierNodeCoordinator.kt:116)
03-18 20:20:13.063 E/AndroidRuntime( 9446): 	at androidx.compose.ui.node.LayoutNodeLayoutDelegate$performMeasure$2.invoke(LayoutNodeLayoutDelegate.kt:1499)
03-18 20:20:13.063 E/AndroidRuntime( 9446): 	at androidx.compose.ui.node.LayoutNodeLayoutDelegate$performMeasure$2.invoke(LayoutNodeLayoutDelegate.kt:1495)
03-18 20:20:13.063 E/AndroidRuntime( 9446): 	at androidx.compose.runtime.snapshots.Snapshot$Companion.observe(Snapshot.kt:2299)
03-18 20:20:13.063 E/AndroidRuntime( 9446): 	at androidx.compose.runtime.snapshots.SnapshotStateObserver$ObservedScopeMap.observe(SnapshotStateObserver.kt:467)
03-18 20:20:13.063 E/AndroidRuntime( 9446): 	at androidx.compose.runtime.snapshots.SnapshotStateObserver.observeReads(SnapshotStateObserver.kt:230)
03-18 20:20:13.063 E/AndroidRuntime( 9446): 	at androidx.compose.ui.node.OwnerSnapshotObserver.observeReads$ui_release(OwnerSnapshotObserver.kt:133)
03-18 20:20:13.063 E/AndroidRuntime( 9446): 	at androidx.compose.ui.node.OwnerSnapshotObserver.observeMeasureSnapshotReads$ui_release(OwnerSnapshotObserver.kt:113)
03-18 20:20:13.063 E/AndroidRuntime( 9446): 	at androidx.compose.ui.node.LayoutNodeLayoutDelegate.performMeasure-BRTryo0(LayoutNodeLayoutDelegate.kt:1495)
03-18 20:20:13.063 E/AndroidRuntime( 9446): 	at androidx.compose.ui.node.LayoutNodeLayoutDelegate.access$performMeasure-BRTryo0(LayoutNodeLayoutDelegate.kt:35)
03-18 20:20:13.063 E/AndroidRuntime( 9446): 	at androidx.compose.ui.node.LayoutNodeLayoutDelegate$MeasurePassDelegate.remeasure-BRTryo0(LayoutNodeLayoutDelegate.kt:560)
03-18 20:20:13.063 E/AndroidRuntime( 9446): 	at androidx.compose.ui.node.LayoutNodeLayoutDelegate$MeasurePassDelegate.measure-BRTryo0(LayoutNodeLayoutDelegate.kt:539)
03-18 20:20:13.063 E/AndroidRuntime( 9446): 	at androidx.compose.foundation.layout.BoxKt$boxMeasurePolicy$1.measure-3p2s80s(Box.kt:114)
03-18 20:20:13.063 E/AndroidRuntime( 9446): 	at androidx.compose.ui.node.InnerNodeCoordinator.measure-BRTryo0(InnerNodeCoordinator.kt:126)
03-18 20:20:13.063 E/AndroidRuntime( 9446): 	at androidx.compose.foundation.layout.FillNode.measure-3p2s80s(Size.kt:698)
03-18 20:20:13.063 E/AndroidRuntime( 9446): 	at androidx.compose.ui.node.LayoutModifierNodeCoordinator.measure-BRTryo0(LayoutModifierNodeCoordinator.kt:116)
03-18 20:20:13.063 E/AndroidRuntime( 9446): 	at androidx.compose.ui.node.LayoutNodeLayoutDelegate$performMeasure$2.invoke(LayoutNodeLayoutDelegate.kt:1499)
03-18 20:20:13.063 E/AndroidRuntime( 9446): 	at androidx.compose.ui.node.LayoutNodeLayoutDelegate$performMeasure$2.invoke(LayoutNodeLayoutDelegate.kt:1495)
03-18 20:20:13.063 E/AndroidRuntime( 9446): 	at androidx.compose.runtime.snapshots.Snapshot$Companion.observe(Snapshot.kt:2299)
03-18 20:20:13.063 E/AndroidRuntime( 9446): 	at androidx.compose.runtime.snapshots.SnapshotStateObserver$ObservedScopeMap.observe(SnapshotStateObserver.kt:467)
03-18 20:20:13.063 E/AndroidRuntime( 9446): 	at androidx.compose.runtime.snapshots.SnapshotStateObserver.observeReads(SnapshotStateObserver.kt:230)
03-18 20:20:13.063 E/AndroidRuntime( 9446): 	at androidx.compose.ui.node.OwnerSnapshotObserver.observeReads$ui_release(OwnerSnapshotObserver.kt:133)
03-18 20:20:13.063 E/AndroidRuntime( 9446): 	at androidx.compose.ui.node.OwnerSnapshotObserver.observeMeasureSnapshotReads$ui_release(OwnerSnapshotObserver.kt:113)
03-18 20:20:13.063 E/AndroidRuntime( 9446): 	at androidx.compose.ui.node.LayoutNodeLayoutDelegate.performMeasure-BRTryo0(LayoutNodeLayoutDelegate.kt:1495)
03-18 20:20:13.063 E/AndroidRuntime( 9446): 	at androidx.compose.ui.node.LayoutNodeLayoutDelegate.access$performMeasure-BRTryo0(LayoutNodeLayoutDelegate.kt:35)
03-18 20:20:13.063 E/AndroidRuntime( 9446): 	at androidx.compose.ui.node.LayoutNodeLayoutDelegate$MeasurePassDelegate.remeasure-BRTryo0(LayoutNodeLayoutDelegate.kt:560)
03-18 20:20:13.063 E/AndroidRuntime( 9446): 	at androidx.compose.ui.node.LayoutNode.remeasure-_Sx5XlM$ui_release(LayoutNode.kt:1140)
03-18 20:20:13.064 E/AndroidRuntime( 9446): 	at androidx.compose.ui.node.MeasureAndLayoutDelegate.doRemeasure-sdFAvZA(MeasureAndLayoutDelegate.kt:321)
03-18 20:20:13.064 E/AndroidRuntime( 9446): 	at androidx.compose.ui.node.MeasureAndLayoutDelegate.measureAndLayout-0kLqBqw(MeasureAndLayoutDelegate.kt:389)
03-18 20:20:13.064 E/AndroidRuntime( 9446): 	at androidx.compose.ui.platform.AndroidComposeView.measureAndLayout-0kLqBqw(AndroidComposeView.android.kt:890)
03-18 20:20:13.064 E/AndroidRuntime( 9446): 	at androidx.compose.ui.layout.LayoutNodeSubcompositionsState$precompose$1.premeasure-0kLqBqw(SubcomposeLayout.kt:949)
03-18 20:20:13.064 E/AndroidRuntime( 9446): 	at androidx.compose.foundation.lazy.layout.LazyLayoutPrefetcher.run(LazyLayoutPrefetcher.android.kt:188)
03-18 20:20:13.064 E/AndroidRuntime( 9446): 	at android.os.Handler.handleCallback(Handler.java:1070)
03-18 20:20:13.064 E/AndroidRuntime( 9446): 	at android.os.Handler.dispatchMessage(Handler.java:125)
03-18 20:20:13.064 E/AndroidRuntime( 9446): 	at android.os.Looper.dispatchMessage(Looper.java:333)
03-18 20:20:13.064 E/AndroidRuntime( 9446): 	at android.os.Looper.loopOnce(Looper.java:263)
03-18 20:20:13.064 E/AndroidRuntime( 9446): 	at android.os.Looper.loop(Looper.java:367)
03-18 20:20:13.064 E/AndroidRuntime( 9446): 	at android.app.ActivityThread.main(ActivityThread.java:9287)
03-18 20:20:13.064 E/AndroidRuntime( 9446): 	at java.lang.reflect.Method.invoke(Native Method)
03-18 20:20:13.064 E/AndroidRuntime( 9446): 	at com.android.internal.os.RuntimeInit$MethodAndArgsCaller.run(RuntimeInit.java:566)
03-18 20:20:13.064 E/AndroidRuntime( 9446): 	at com.android.internal.os.ZygoteInit.main(ZygoteInit.java:929)
03-18 20:20:13.086 I/DropBoxManagerService(  829): add tag=data_app_crash isTagEnabled=true flags=0x2
03-18 20:20:13.095 W/ActivityTaskManager(  829):   Force finishing activity com.eazpire.creator/.MainActivity
03-18 20:20:13.098 W/TransitionChain(  829): Combining AR.finish-force-crash into #17(CLOSE|R|0x10) from finishTopCrash
03-18 20:20:13.098 V/WindowManagerShell( 1115): Transition requested (#17): android.os.BinderProxy@e1f67d TransitionRequestInfo { type = CLOSE, triggerTask = TaskInfo{userId=0 taskId=10 effectiveUid=10227 displayId=0 isRunning=true baseIntent=Intent { act=android.intent.action.MAIN cat=[android.intent.category.LAUNCHER] flg=0x10200000 cmp=com.eazpire.creator/.MainActivity } baseActivity=ComponentInfo{com.eazpire.creator/com.eazpire.creator.MainActivity} topActivity=ComponentInfo{com.eazpire.creator/com.eazpire.creator.MainActivity} origActivity=null realActivity=ComponentInfo{com.eazpire.creator/com.eazpire.creator.MainActivity} numActivities=1 lastActiveTime=7853510 supportsMultiWindow=true resizeMode=1 isResizeable=true minWidth=-1 minHeight=-1 defaultMinSize=220 token=WCT{android.os.BinderProxy@d45770f} topActivityType=1 pictureInPictureParams=null shouldDockBigOverlays=false launchIntoPipHostTaskId=-1 lastParentTaskIdBeforePip=-1 displayCutoutSafeInsets=Rect(0, 0 - 0, 0) topActivityInfo=ActivityInfo{afe3972 com.eazpire.creator.MainActivity} launchCookies=[android.os.BinderProxy@476f1a5] positionInParent=Point(0, 0) parentTaskId=-1 isFocused=true isVisible=true isVisibleRequested=true isTopActivityNoDisplay=false isSleeping=false locusId=null displayAreaFeatureId=1 isTopActivityTransparent=false isActivityStackTransparent=false lastNonFullscreenBounds=null capturedLink=null capturedLinkTimestamp=0 requestedVisibleTypes=503 topActivityRequestOpenInBrowserEducationTimestamp=0 appCompatTaskInfo=AppCompatTaskInfo { topActivityInSizeCompat=false isLeafTask= true eligibleForLetterboxEducation= false isLetterboxEducationEnabled= true isLetterboxDoubleTapEnabled= false eligibleForUserAspectRatioButton= false topActivityBoundsLetterboxed= false isFromLetterboxDoubleTap= false topActivityLetterboxVerticalPosition= -1 topActivityLetterboxHorizontalPosition= -1 topActivityLetterboxWidth=-1 topActivityLetterboxHeight=-1 topActivityAppBounds=Rect(0, 0 - 1080, 2337) isUserFullscreenOverrideEnabled=false isSystemFullscreenOverrideEnabled=false hasMinAspectRatioOverride=false topActivityLetterboxBounds=null cameraCompatTaskInfo=CameraCompatTaskInfo { cameraCompatMode=undefinedundefined} topNonResizableActivityAspectRatio=-1.0} topActivityMainWindowFrame=null isAppBubble=false}, pipChange = null, remoteTransition = null, displayChange = null, requestedLocation = null, userChange = null, windowingLayerChange = null, flags = 16, debugId = 17 }
03-18 20:20:13.099 V/ShellDesktopMode( 1115): DesktopTasksController: handleRequest request=TransitionRequestInfo { type = CLOSE, triggerTask = TaskInfo{userId=0 taskId=10 effectiveUid=10227 displayId=0 isRunning=true baseIntent=Intent { act=android.intent.action.MAIN cat=[android.intent.category.LAUNCHER] flg=0x10200000 cmp=com.eazpire.creator/.MainActivity } baseActivity=ComponentInfo{com.eazpire.creator/com.eazpire.creator.MainActivity} topActivity=ComponentInfo{com.eazpire.creator/com.eazpire.creator.MainActivity} origActivity=null realActivity=ComponentInfo{com.eazpire.creator/com.eazpire.creator.MainActivity} numActivities=1 lastActiveTime=7853510 supportsMultiWindow=true resizeMode=1 isResizeable=true minWidth=-1 minHeight=-1 defaultMinSize=220 token=WCT{android.os.BinderProxy@d45770f} topActivityType=1 pictureInPictureParams=null shouldDockBigOverlays=false launchIntoPipHostTaskId=-1 lastParentTaskIdBeforePip=-1 displayCutoutSafeInsets=Rect(0, 0 - 0, 0) topActivityInfo=ActivityInfo{afe3972 com.eazpire.creator.MainActivity} launchCookies=[android.os.BinderProxy@476f1a5] positionInParent=Point(0, 0) parentTaskId=-1 isFocused=true isVisible=true isVisibleRequested=true isTopActivityNoDisplay=false isSleeping=false locusId=null displayAreaFeatureId=1 isTopActivityTransparent=false isActivityStackTransparent=false lastNonFullscreenBounds=null capturedLink=null capturedLinkTimestamp=0 requestedVisibleTypes=503 topActivityRequestOpenInBrowserEducationTimestamp=0 appCompatTaskInfo=AppCompatTaskInfo { topActivityInSizeCompat=false isLeafTask= true eligibleForLetterboxEducation= false isLetterboxEducationEnabled= true isLetterboxDoubleTapEnabled= false eligibleForUserAspectRatioButton= false topActivityBoundsLetterboxed= false isFromLetterboxDoubleTap= false topActivityLetterboxVerticalPosition= -1 topActivityLetterboxHorizontalPosition= -1 topActivityLetterboxWidth=-1 topActivityLetterboxHeight=-1 topActivityAppBounds=Rect(0, 0 - 1080, 2337) isUserFullscreenOverrideEnabled=false isSystemFullscreenOverrideEnabled=false hasMinAspectRatioOverride=false topActivityLetterboxBounds=null cameraCompatTaskInfo=CameraCompatTaskInfo { cameraCompatMode=undefinedundefined} topNonResizableActivityAspectRatio=-1.0} topActivityMainWindowFrame=null isAppBubble=false}, pipChange = null, remoteTransition = null, displayChange = null, requestedLocation = null, userChange = null, windowingLayerChange = null, flags = 16, debugId = 17 }
03-18 20:20:13.099 V/ShellDesktopMode( 1115): DesktopTasksController: skipping handleRequest reason=triggerTask's display doesn't support desktop mode
03-18 20:20:13.105 I/libbinder.BpBinder(  653): onLastStrongRef automatically unlinking death recipients for descriptor: '(not cached)'
03-18 20:20:13.110 V/WindowManager(  829): Defer transition id=17 for TaskFragmentTransaction=android.os.Binder@8ea96dc
03-18 20:20:13.115 V/WindowManager(  829): deferTransitionReady deferReadyDepth=1 stack=com.android.server.wm.TransitionController.deferTransitionReady:1061 com.android.server.wm.TaskFragmentOrganizerController$TaskFragmentOrganizerState.dispatchTransaction:517 com.android.server.wm.TaskFragmentOrganizerController.dispatchPendingEvents:1259 com.android.server.wm.TaskFragmentOrganizerController.dispatchPendingEvents:1228 com.android.server.wm.RootWindowContainer.performSurfacePlacement:777 
03-18 20:20:13.118 V/WindowManager(  829): Continue transition id=17 for TaskFragmentTransaction=android.os.Binder@8ea96dc
03-18 20:20:13.118 I/Process ( 9446): Sending signal. PID: 9446 SIG: 9
03-18 20:20:13.118 V/WindowManager(  829): continueTransitionReady deferReadyDepth=0 stack=com.android.server.wm.TransitionController.continueTransitionReady:1071 com.android.server.wm.TaskFragmentOrganizerController$TaskFragmentOrganizerState.onTransactionFinished:546 com.android.server.wm.TaskFragmentOrganizerController.onTransactionHandled:740 android.window.ITaskFragmentOrganizerController$Stub.onTransact:225 android.os.Binder.execTransactInternal:1473 
03-18 20:20:13.129 D/b/417220811( 1270): invalidateLoadedTasks - previous requestLoadId: -1
03-18 20:20:13.177 I/WindowManager(  829): WIN DEATH: Window{8ebd32f u0 com.eazpire.creator/com.eazpire.creator.MainActivity}
03-18 20:20:13.178 I/ImeTracker(  829): com.eazpire.creator:9b67b9d4: onRequestHide at ORIGIN_SERVER reason HIDE_REMOVE_CLIENT fromUser false
03-18 20:20:13.178 I/ImeTracker(  829): com.eazpire.creator:9b67b9d4: onCancelled at PHASE_SERVER_SHOULD_HIDE
03-18 20:20:13.184 I/ActivityManager(  829): Process com.eazpire.creator (pid 9446) has died: fg  TOP 
03-18 20:20:13.184 I/Zygote  (  584): Process 9446 exited due to signal 9 (Killed)
03-18 20:20:13.197 I/libprocessgroup(  829): Removed cgroup /sys/fs/cgroup/apps/uid_10227/pid_9446
03-18 20:20:13.206 D/InetDiagMessage(  829): Destroyed 0 sockets, proto=IPPROTO_TCP, family=AF_INET, states=14
03-18 20:20:13.206 D/InetDiagMessage(  829): Destroyed 0 sockets, proto=IPPROTO_TCP, family=AF_INET6, states=14
03-18 20:20:13.206 D/InetDiagMessage(  829): Destroyed live tcp sockets for uids={10227} in 8ms
03-18 20:20:13.207 D/InetDiagMessage(  829): Destroyed 0 sockets, proto=IPPROTO_TCP, family=AF_INET, states=14
03-18 20:20:13.223 I/adbd    (  662): Remote process closed the socket (on MSG_PEEK)
03-18 20:20:13.230 W/TransitionChain(  829): Combining appDied into #17(CLOSE|R|0x10) from finishTopCrash
03-18 20:20:13.232 D/InetDiagMessage(  829): Destroyed 0 sockets, proto=IPPROTO_TCP, family=AF_INET6, states=14
03-18 20:20:13.232 D/InetDiagMessage(  829): Destroyed live tcp sockets for uids={20227} in 27ms
03-18 20:20:13.240 W/ActivityManager(  829): setHasOverlayUi called on unknown pid: 9446
03-18 20:20:13.241 D/BackgroundInstallControlService(  829): Package event received: 0
03-18 20:20:13.247 D/BackgroundInstallControlService(  829): Package event received: 0
03-18 20:20:13.247 D/BackgroundInstallControlService(  829): Package event received: 0
03-18 20:20:13.267 D/ViewRootImpl( 1270): Skipping stats log for color mode
03-18 20:20:13.267 D/BaseActivity( 1270): Launcher flags updated: [state_started] +[state_started]
03-18 20:20:13.268 D/BaseActivity( 1270): Launcher flags updated: [state_started|state_resumed|state_user_active] +[state_resumed|state_user_active]
03-18 20:20:13.269 D/BaseActivity( 1270): Launcher flags updated: [state_started|state_resumed|state_deferred_resumed|state_user_active] +[state_deferred_resumed]
03-18 20:20:13.270 D/StatsLog( 1270): LAUNCHER_ONRESUME
03-18 20:20:13.276 D/NexusLauncherModelDelegate( 1270): notifySmartspaceEvent: SmartspaceTargetEvent{mSmartspaceTarget=null, mSmartspaceActionId='null', mEventType=6}
03-18 20:20:13.281 D/QuickstepModelDelegate( 1270): notifyAppTargetEvent action=1 launchLocation=workspace/0/[-1,-1]/[1,1]
03-18 20:20:13.295 D/WindowManagerShell( 1115): setLauncherKeepClearAreaHeight: visible=true, height=495
03-18 20:20:13.296 D/WallpaperService( 1115): onVisibilityChanged(true): com.android.systemui.wallpapers.ImageWallpaper$CanvasEngine@38ea8ee
03-18 20:20:13.300 D/BaseDepthController( 1270): setSurface:
03-18 20:20:13.300 D/BaseDepthController( 1270): 	mWaitingOnSurfaceValidity: false
03-18 20:20:13.300 D/BaseDepthController( 1270): 	mBaseSurface: Surface(name=com.google.android.apps.nexuslauncher/com.google.android.apps.nexuslauncher.NexusLauncherActivity#239)/@0x80e57b5
03-18 20:20:13.300 V/BaseDepthController( 1270): Applying blur: 0 to Surface(name=com.google.android.apps.nexuslauncher/com.google.android.apps.nexuslauncher.NexusLauncherActivity#239)/@0x80e57b5 applyImmediately: false
03-18 20:20:13.300 D/BaseDepthController( 1270): shouldBlurWorkspace: false targetState: Normal currentStableState: Normal mCurrentBlur: 0 mLauncher.getDepthBlurTargets(): [com.android.launcher3.Workspace{7d2ae4a V.ED..... .......D 0,0-1080,2400 #7f0a049d app:id/workspace}, com.android.launcher3.Hotseat{d0af1bb V.ED..... .......D 0,1905-1080,2400 #7f0a01ee app:id/hotseat}]
03-18 20:20:13.328 I/HalDevMgr(  829): bestIfaceCreationProposal is null, requestIface=STA, existingIface=[name=wlan0 type=STA]
03-18 20:20:13.347 I/AiAiEcho( 1763): Predicting[0]:  [CONTEXT sampling_count=5 ]
03-18 20:20:13.347 I/AiAiEcho( 1763): EchoTargets: 
03-18 20:20:13.347 I/AiAiEcho( 1763): Filtered by AiAi flag check: 
03-18 20:20:13.347 I/AiAiEcho( 1763): [CONTEXT ratelimit_period="10 SECONDS" ]
03-18 20:20:13.351 I/AiAiEcho( 1763): #remoteViewsTwiddler: feature disabled.
03-18 20:20:13.358 I/AiAiEcho( 1763): #postPredictionTargets: Sending updates to UISurface home with targets# 0 (types=[])
03-18 20:20:13.426 V/WindowManagerShell( 1115): onTransitionReady(transaction=3560527889884)
03-18 20:20:13.426 V/WindowManagerShell( 1115): onTransitionReady (#17) android.os.BinderProxy@e1f67d: {id=17 t=CLOSE f=0x10 trk=0 r=[0@Point(0, 0)] c=[
03-18 20:20:13.426 V/WindowManagerShell( 1115):         {m=TO_FRONT f=SHOW_WALLPAPER|MOVE_TO_TOP leash=Surface(name=Task=1#44)/@0x3eb61c3 sb=Rect(0, 0 - 1080, 2400) eb=Rect(0, 0 - 1080, 2400) epz=Point(1080, 2400) d=0 taskParent=-1 winMode=1 userId=0},
03-18 20:20:13.426 V/WindowManagerShell( 1115):         {m=CLOSE f=NONE leash=Surface(name=Task=10#221)/@0x2d43a40 sb=Rect(0, 0 - 1080, 2400) eb=Rect(0, 0 - 1080, 2400) epz=Point(1080, 2400) d=0 taskParent=-1 winMode=1 userId=0},
03-18 20:20:13.426 V/WindowManagerShell( 1115):         {m=TO_FRONT f=IS_WALLPAPER leash=Surface(name=WallpaperWindowToken{369c98a}#60)/@0xb9c7d79 sb=Rect(0, 0 - 1080, 2400) eb=Rect(0, 0 - 1080, 2400) epz=Point(1080, 2400) d=0}
03-18 20:20:13.426 V/WindowManagerShell( 1115):     ]}
03-18 20:20:13.427 V/WindowManagerShell( 1115): Playing animation for (#17) android.os.BinderProxy@e1f67d@0
03-18 20:20:13.427 V/ShellRecents( 1115): RecentsTransitionHandler.startAnimation: no controller found
03-18 20:20:13.429 V/ShellDesktopMode( 1115): DesktopMixedTransitionHandler: No pending desktop transition
03-18 20:20:13.437 V/WindowManagerShell( 1115): Transition doesn't have explicit remote, search filters for match for {id=17 t=CLOSE f=0x10 trk=0 r=[0@Point(0, 0)] c=[{m=TO_FRONT f=SHOW_WALLPAPER|MOVE_TO_TOP leash=Surface(name=Task=1#44)/@0x3eb61c3 sb=Rect(0, 0 - 1080, 2400) eb=Rect(0, 0 - 1080, 2400) epz=Point(1080, 2400) d=0 taskParent=-1 winMode=1 userId=0},{m=CLOSE f=NONE leash=Surface(name=Task=10#221)/@0x2d43a40 sb=Rect(0, 0 - 1080, 2400) eb=Rect(0, 0 - 1080, 2400) epz=Point(1080, 2400) d=0 taskParent=-1 winMode=1 userId=0},{m=TO_FRONT f=IS_WALLPAPER leash=Surface(name=WallpaperWindowToken{369c98a}#60)/@0xb9c7d79 sb=Rect(0, 0 - 1080, 2400) eb=Rect(0, 0 - 1080, 2400) epz=Point(1080, 2400) d=0}]}
03-18 20:20:13.437 V/WindowManagerShell( 1115):  Checking filter Pair{{types=[] flags=0x0] notFlags=0x0 checks=[{atype=undefined independent=true modes=[CLOSE,TO_BACK] flags=IN_TASK_WITH_EMBEDDED_ACTIVITY mustBeTask=false order=ANY topActivity=null launchCookie=null taskFragmentToken=android.os.BinderProxy@4cab76a windowingMode=undefined isCrossDisplayMove=false}]} RemoteTransition { remoteTransition = android.window.IRemoteTransition$Stub$Proxy@42e945b, appThread = android.app.IApplicationThread$Stub$Proxy@26b14f8, debugName = overlayBackTransition }}
03-18 20:20:13.437 V/WindowManagerShell( 1115):  Checking filter Pair{{types=[] flags=0x0] notFlags=0x0 checks=[{atype=dream independent=true modes=[OPEN,TO_FRONT] flags=NONE mustBeTask=false order=ANY topActivity=null launchCookie=null windowingMode=undefined isCrossDisplayMove=false},{atype=home independent=true modes=[CLOSE,TO_BACK] flags=NONE mustBeTask=false order=ANY topActivity=null launchCookie=null windowingMode=undefined isCrossDisplayMove=false}]} RemoteTransition { remoteTransition = android.window.IRemoteTransition$Stub$Proxy@7cbadd1, appThread = android.app.IApplicationThread$Stub$Proxy@154e036, debugName = LauncherToDream }}
03-18 20:20:13.437 V/WindowManagerShell( 1115):  Checking filter Pair{{types=[] flags=0x0] notFlags=0x100 checks=[{atype=home independent=true modes=[OPEN,TO_FRONT] flags=NONE mustBeTask=false order=TOP topActivity=ComponentInfo{com.google.android.apps.nexuslauncher/com.google.android.apps.nexuslauncher.NexusLauncherActivity} launchCookie=null windowingMode=undefined isCrossDisplayMove=false},{atype=standard independent=true modes=[CLOSE,TO_BACK] flags=NONE mustBeTask=false order=ANY topActivity=null launchCookie=null windowingMode=undefined isCrossDisplayMove=false},{NOT atype=undefined independent=true modes=[] flags=NONE mustBeTask=true order=ANY topActivity=null launchCookie=null customAnim=true windowingMode=undefined isCrossDisplayMove=false}]} RemoteTransition { remoteTransition = android.window.IRemoteTransition$Stub$Proxy@d381b37, appThread = android.app.IApplicationThread$Stub$Proxy@cb888a4, debugName = QuickstepLaunchHome }}
03-18 20:20:13.437 D/RemoteTransitionHandler( 1115): Found filterPair{{types=[] flags=0x0] notFlags=0x100 checks=[{atype=home independent=true modes=[OPEN,TO_FRONT] flags=NONE mustBeTask=false order=TOP topActivity=ComponentInfo{com.google.android.apps.nexuslauncher/com.google.android.apps.nexuslauncher.NexusLauncherActivity} launchCookie=null windowingMode=undefined isCrossDisplayMove=false},{atype=standard independent=true modes=[CLOSE,TO_BACK] flags=NONE mustBeTask=false order=ANY topActivity=null launchCookie=null windowingMode=undefined isCrossDisplayMove=false},{NOT atype=undefined independent=true modes=[] flags=NONE mustBeTask=true order=ANY topActivity=null launchCookie=null customAnim=true windowingMode=undefined isCrossDisplayMove=false}]} RemoteTransition { remoteTransition = android.window.IRemoteTransition$Stub$Proxy@d381b37, appThread = android.app.IApplicationThread$Stub$Proxy@cb888a4, debugName = QuickstepLaunchHome }}
03-18 20:20:13.438 V/WindowManagerShell( 1115):  Delegate animation for (#17) to RemoteTransition { remoteTransition = android.window.IRemoteTransition$Stub$Proxy@d381b37, appThread = android.app.IApplicationThread$Stub$Proxy@cb888a4, debugName = QuickstepLaunchHome }
03-18 20:20:13.439 D/SsBaseTemplateCard( 1270): Passed-in item info is null
03-18 20:20:13.439 D/SsBaseTemplateCard( 1270): Passed-in item info is null
03-18 20:20:13.439 D/SsBaseTemplateCard( 1270): Passed-in item info is null
03-18 20:20:13.439 D/SsBaseTemplateCard( 1270): Passed-in item info is null
03-18 20:20:13.439 I/SsBaseTemplateCard( 1270): Secondary card pane is null
03-18 20:20:13.448 V/WindowManager(  829): Sent Transition (#17) createdAt=03-18 20:20:13.095 via request=TransitionRequestInfo { type = CLOSE, triggerTask = TaskInfo{userId=0 taskId=10 effectiveUid=10227 displayId=0 isRunning=true baseIntent=Intent { act=android.intent.action.MAIN cat=[android.intent.category.LAUNCHER] flg=0x10200000 cmp=com.eazpire.creator/.MainActivity } baseActivity=ComponentInfo{com.eazpire.creator/com.eazpire.creator.MainActivity} topActivity=ComponentInfo{com.eazpire.creator/com.eazpire.creator.MainActivity} origActivity=null realActivity=ComponentInfo{com.eazpire.creator/com.eazpire.creator.MainActivity} numActivities=1 lastActiveTime=7853510 supportsMultiWindow=true resizeMode=1 isResizeable=true minWidth=-1 minHeight=-1 defaultMinSize=220 token=WCT{RemoteToken{b7798ba Task{628f3f1 #10 type=standard A=10227:com.eazpire.creator}}} topActivityType=1 pictureInPictureParams=null shouldDockBigOverlays=false launchIntoPipHostTaskId=-1 lastParentTaskIdBeforePip=-1 displayCutoutSafeInsets=Rect(0, 0 - 0, 0) topActivityInfo=ActivityInfo{c50e36b com.eazpire.creator.MainActivity} launchCookies=[android.os.BinderProxy@37d9ec8] positionInParent=Point(0, 0) parentTaskId=-1 isFocused=true isVisible=true isVisibleRequested=true isTopActivityNoDisplay=false isSleeping=false locusId=null displayAreaFeatureId=1 isTopActivityTransparent=false isActivityStackTransparent=false lastNonFullscreenBounds=null capturedLink=null capturedLinkTimestamp=0 requestedVisibleTypes=503 topActivityRequestOpenInBrowserEducationTimestamp=0 appCompatTaskInfo=AppCompatTaskInfo { topActivityInSizeCompat=false isLeafTask= true eligibleForLetterboxEducation= false isLetterboxEducationEnabled= true isLetterboxDoubleTapEnabled= false eligibleForUserAspectRatioButton= false topActivityBoundsLetterboxed= false isFromLetterboxDoubleTap= false topActivityLetterboxVerticalPosition= -1 topActivityLetterboxHorizontalPosition= -1 topActivityLetterboxWidth=-1 topActivityLetterboxHeight=-1 topActivityAppBounds=Rect(0, 0 - 1080, 2337) isUserFullscreenOverrideEnabled=false isSystemFullscreenOverrideEnabled=false hasMinAspectRatioOverride=false topActivityLetterboxBounds=null cameraCompatTaskInfo=CameraCompatTaskInfo { cameraCompatMode=undefinedundefined} topNonResizableActivityAspectRatio=-1.0} topActivityMainWindowFrame=null isAppBubble=false}, pipChange = null, remoteTransition = null, displayChange = null, requestedLocation = null, userChange = null, windowingLayerChange = null, flags = 16, debugId = 17 }
03-18 20:20:13.448 V/WindowManager(  829):     startWCT=WindowContainerTransaction { changes= {} hops= [] errorCallbackToken=null taskFragmentOrganizer=null }
03-18 20:20:13.448 V/WindowManager(  829):     info={id=17 t=CLOSE f=0x10 trk=0 r=[0@Point(0, 0)] c=[
03-18 20:20:13.448 V/WindowManager(  829):         {WCT{RemoteToken{d9bc2f7 Task{52631b3 #1 type=home}}} m=TO_FRONT f=SHOW_WALLPAPER|MOVE_TO_TOP leash=Surface(name=Task=1#44)/@0x89f7fa3 sb=Rect(0, 0 - 1080, 2400) eb=Rect(0, 0 - 1080, 2400) epz=Point(1080, 2400) d=0 taskParent=-1 winMode=1 userId=0},
03-18 20:20:13.448 V/WindowManager(  829):         {WCT{RemoteToken{b7798ba Task{628f3f1 #10 type=standard A=10227:com.eazpire.creator}}} m=CLOSE f=NONE leash=Surface(name=Task=10#221)/@0x6ee50dc sb=Rect(0, 0 - 1080, 2400) eb=Rect(0, 0 - 1080, 2400) epz=Point(1080, 2400) d=0 taskParent=-1 winMode=1 userId=0},
03-18 20:20:13.448 V/WindowManager(  829):         {m=TO_FRONT f=IS_WALLPAPER leash=Surface(name=WallpaperWindowToken{369c98a}#60)/@0x45aa2d2 sb=Rect(0, 0 - 1080, 2400) eb=Rect(0, 0 - 1080, 2400) epz=Point(1080, 2400) d=0}
03-18 20:20:13.448 V/WindowManager(  829):     ]}
03-18 20:20:13.451 D/LauncherStateManager( 1270): StateManager.createAtomicAnimation: fromState: Normal, toState: Normal, partial trace:
03-18 20:20:13.451 D/LauncherStateManager( 1270): 	at com.android.quickstep.util.ScalingWorkspaceRevealAnim.<init>(go/retraceme f3a19d912c87c27267cfbc05ba0bc7b202ab72a6648bd76225f5f7e128d94583:54)
03-18 20:20:13.451 D/LauncherStateManager( 1270): 	at com.android.launcher3.QuickstepTransitionManager.createWallpaperOpenAnimations(go/retraceme f3a19d912c87c27267cfbc05ba0bc7b202ab72a6648bd76225f5f7e128d94583:537)
03-18 20:20:13.451 D/LauncherStateManager( 1270): 	at com.android.launcher3.QuickstepTransitionManager$WallpaperOpenLauncherAnimationRunner.onAnimationStart(go/retraceme f3a19d912c87c27267cfbc05ba0bc7b202ab72a6648bd76225f5f7e128d94583:96)
03-18 20:20:13.451 D/AllAppsTransitionController( 1270): shouldProtectHeader: false skipScrim: true state: Normal stateManager.getState(): Normal
03-18 20:20:13.451 D/KeyboardInsetsHandler( 1270): removePendingImeController: pendingImeController=null
03-18 20:20:13.453 V/WindowManagerShell( 1115):  animated by com.android.wm.shell.transition.RemoteTransitionHandler@7b2bcb3
03-18 20:20:13.456 V/BaseDepthController( 1270): Applying blur: 0 to Surface(name=com.google.android.apps.nexuslauncher/com.google.android.apps.nexuslauncher.NexusLauncherActivity#239)/@0x80e57b5 applyImmediately: false
03-18 20:20:13.457 D/BaseDepthController( 1270): shouldBlurWorkspace: false targetState: Normal currentStableState: Normal mCurrentBlur: 0 mLauncher.getDepthBlurTargets(): [com.android.launcher3.Workspace{7d2ae4a V.ED..... ......ID 0,0-1080,2400 #7f0a049d app:id/workspace}, com.android.launcher3.Hotseat{d0af1bb V.ED..... ........ 0,1905-1080,2400 #7f0a01ee app:id/hotseat}]
03-18 20:20:13.457 V/BaseDepthController( 1270): Applying blur: 0 to Surface(name=com.google.android.apps.nexuslauncher/com.google.android.apps.nexuslauncher.NexusLauncherActivity#239)/@0x80e57b5 applyImmediately: false
03-18 20:20:13.457 D/BaseDepthController( 1270): shouldBlurWorkspace: false targetState: Normal currentStableState: Normal mCurrentBlur: 0 mLauncher.getDepthBlurTargets(): [com.android.launcher3.Workspace{7d2ae4a V.ED..... ......ID 0,0-1080,2400 #7f0a049d app:id/workspace}, com.android.launcher3.Hotseat{d0af1bb V.ED..... ........ 0,1905-1080,2400 #7f0a01ee app:id/hotseat}]
03-18 20:20:13.458 D/LauncherStateManager( 1270): StateManager.cancelAnimation: animation ongoing: false, partial trace:
03-18 20:20:13.458 D/LauncherStateManager( 1270): 	at com.android.launcher3.statemanager.StateManager.setCurrentAnimation(go/retraceme f3a19d912c87c27267cfbc05ba0bc7b202ab72a6648bd76225f5f7e128d94583:18)
03-18 20:20:13.458 D/LauncherStateManager( 1270): 	at com.android.launcher3.QuickstepTransitionManager.createWallpaperOpenAnimations(go/retraceme f3a19d912c87c27267cfbc05ba0bc7b202ab72a6648bd76225f5f7e128d94583:646)
03-18 20:20:13.458 D/LauncherStateManager( 1270): 	at com.android.launcher3.QuickstepTransitionManager$WallpaperOpenLauncherAnimationRunner.onAnimationStart(go/retraceme f3a19d912c87c27267cfbc05ba0bc7b202ab72a6648bd76225f5f7e128d94583:96)
03-18 20:20:13.458 D/b/311077782( 1270): LauncherAnimationRunner.setAnimation
03-18 20:20:13.459 V/BaseDepthController( 1270): Applying blur: 0 to Surface(name=com.google.android.apps.nexuslauncher/com.google.android.apps.nexuslauncher.NexusLauncherActivity#239)/@0x80e57b5 applyImmediately: false
03-18 20:20:13.460 D/BaseDepthController( 1270): shouldBlurWorkspace: false targetState: Normal currentStableState: Normal mCurrentBlur: 0 mLauncher.getDepthBlurTargets(): [com.android.launcher3.Workspace{7d2ae4a V.ED..... ......ID 0,0-1080,2400 #7f0a049d app:id/workspace}, com.android.launcher3.Hotseat{d0af1bb V.ED..... ......ID 0,1905-1080,2400 #7f0a01ee app:id/hotseat}]
03-18 20:20:13.460 V/BaseDepthController( 1270): Applying blur: 0 to Surface(name=com.google.android.apps.nexuslauncher/com.google.android.apps.nexuslauncher.NexusLauncherActivity#239)/@0x80e57b5 applyImmediately: false
03-18 20:20:13.461 D/BaseDepthController( 1270): shouldBlurWorkspace: false targetState: Normal currentStableState: Normal mCurrentBlur: 0 mLauncher.getDepthBlurTargets(): [com.android.launcher3.Workspace{7d2ae4a V.ED..... ......ID 0,0-1080,2400 #7f0a049d app:id/workspace}, com.android.launcher3.Hotseat{d0af1bb V.ED..... ......ID 0,1905-1080,2400 #7f0a01ee app:id/hotseat}]
03-18 20:20:13.464 V/BaseDepthController( 1270): Applying blur: 0 to Surface(name=com.google.android.apps.nexuslauncher/com.google.android.apps.nexuslauncher.NexusLauncherActivity#239)/@0x80e57b5 applyImmediately: false
03-18 20:20:13.466 D/BaseDepthController( 1270): shouldBlurWorkspace: false targetState: Normal currentStableState: Normal mCurrentBlur: 0 mLauncher.getDepthBlurTargets(): [com.android.launcher3.Workspace{7d2ae4a V.ED..... ......ID 0,0-1080,2400 #7f0a049d app:id/workspace}, com.android.launcher3.Hotseat{d0af1bb V.ED..... ......ID 0,1905-1080,2400 #7f0a01ee app:id/hotseat}]
